Component: ARM Compiler 5.06 update 6 (build 750) Tool: armlink [4d35ed]

==============================================================================

Section Cross References

    startup.o(STACK) refers (Special) to os.o(i.get_int_disable_time) for get_int_disable_time
    startup.o(STACK) refers (Special) to os.o(i.set_int_disable_time) for set_int_disable_time
    startup.o(HEAP) refers (Special) to os.o(i.get_int_disable_time) for get_int_disable_time
    startup.o(HEAP) refers (Special) to os.o(i.set_int_disable_time) for set_int_disable_time
    startup.o(RESET) refers (Special) to os.o(i.get_int_disable_time) for get_int_disable_time
    startup.o(RESET) refers (Special) to os.o(i.set_int_disable_time) for set_int_disable_time
    startup.o(RESET) refers to startup.o(STACK) for StackMem
    startup.o(RESET) refers to osasm.o(.text) for SVC_Handler
    startup.o(RESET) refers to os.o(i.SysTick_Handler) for SysTick_Handler
    startup.o(RESET) refers to uart0int.o(i.UART0_Handler) for UART0_Handler
    startup.o(RESET) refers to adct0atrigger.o(i.ADC0Seq0_Handler) for ADC0Seq0_Handler
    startup.o(RESET) refers to adct0atrigger.o(i.ADC0Seq3_Handler) for ADC0Seq3_Handler
    startup.o(RESET) refers to timer2a.o(i.Timer2A_Handler) for Timer2A_Handler
    startup.o(RESET) refers to os.o(i.GPIOPortF_Handler) for GPIOPortF_Handler
    startup.o(RESET) refers to timer3a.o(i.Timer3A_Handler) for Timer3A_Handler
    startup.o(RESET) refers to timer4a.o(i.Timer4A_Handler) for Timer4A_Handler
    startup.o(RESET) refers to timer5a.o(i.Timer5A_Handler) for Timer5A_Handler
    startup.o(RESET) refers to wtimer0a.o(i.WideTimer0A_Handler) for WideTimer0A_Handler
    startup.o(RESET) refers to entry.o(.ARM.Collect$$$$00000000) for __main
    startup.o(.text) refers (Special) to os.o(i.get_int_disable_time) for get_int_disable_time
    startup.o(.text) refers (Special) to os.o(i.set_int_disable_time) for set_int_disable_time
    os.o(i.GPIOPortF_Handler) refers to os.o(i.OS_MsTime) for OS_MsTime
    os.o(i.GPIOPortF_Handler) refers to os.o(i.OS_ClearMsTime) for OS_ClearMsTime
    os.o(i.GPIOPortF_Handler) refers to os.o(.data) for SW2_Task
    os.o(i.OS_AddPeriodicThread) refers to timer4a.o(i.Timer4A_Init) for Timer4A_Init
    os.o(i.OS_AddPeriodicThread) refers to timer2a.o(i.Timer2A_Init) for Timer2A_Init
    os.o(i.OS_AddPeriodicThread) refers to os.o(.data) for Timer4Used
    os.o(i.OS_AddSW1Task) refers to os.o(.data) for SW1_Task
    os.o(i.OS_AddSW2Task) refers to os.o(.data) for SW2_Task
    os.o(i.OS_AddThread) refers to startup.o(.text) for StartCritical
    os.o(i.OS_AddThread) refers to tcb.o(i.tcb_mem_get_tcb) for tcb_mem_get_tcb
    os.o(i.OS_AddThread) refers to os.o(i.add_running_thread) for add_running_thread
    os.o(i.OS_AddThread) refers to os.o(i.SetInitialStack) for SetInitialStack
    os.o(i.OS_AddThread) refers to os.o(i.check_for_rising_priority) for check_for_rising_priority
    os.o(i.OS_AddThread) refers to os.o(.data) for NumThreadsCreated
    os.o(i.OS_ClearMsTime) refers to os.o(.data) for MalleableMSCounter
    os.o(i.OS_CountMsTime_Timer5_UserTask) refers to startup.o(.text) for DisableInterrupts
    os.o(i.OS_CountMsTime_Timer5_UserTask) refers to os.o(i.add_running_thread) for add_running_thread
    os.o(i.OS_CountMsTime_Timer5_UserTask) refers to os.o(i.check_for_rising_priority) for check_for_rising_priority
    os.o(i.OS_CountMsTime_Timer5_UserTask) refers to os.o(.data) for MalleableMsFlag
    os.o(i.OS_EndRedirectToFile) refers to efile.o(i.eFile_WClose) for eFile_WClose
    os.o(i.OS_EndRedirectToFile) refers to os.o(.data) for StreamToDevice
    os.o(i.OS_Fifo_Get) refers to os.o(i.OS_Wait) for OS_Wait
    os.o(i.OS_Fifo_Get) refers to os.o(.data) for FIFO_sema_data_avail
    os.o(i.OS_Fifo_Get) refers to os.o(.bss) for FIFO
    os.o(i.OS_Fifo_Init) refers to os.o(i.OS_InitSemaphore) for OS_InitSemaphore
    os.o(i.OS_Fifo_Init) refers to os.o(.data) for FIFO_sema_room_avail
    os.o(i.OS_Fifo_Put) refers to startup.o(.text) for StartCritical
    os.o(i.OS_Fifo_Put) refers to os.o(i.OS_Fifo_Size) for OS_Fifo_Size
    os.o(i.OS_Fifo_Put) refers to os.o(i.OS_Signal) for OS_Signal
    os.o(i.OS_Fifo_Put) refers to os.o(.bss) for FIFO
    os.o(i.OS_Fifo_Put) refers to os.o(.data) for write_index
    os.o(i.OS_Fifo_Size) refers to os.o(.data) for read_index
    os.o(i.OS_Increment_Time) refers to os.o(.data) for SystemMSCounter
    os.o(i.OS_Init) refers to os.o(i.OS_Time_Init) for OS_Time_Init
    os.o(i.OS_Init) refers to startup.o(.text) for DisableInterrupts
    os.o(i.OS_Init) refers to pll.o(i.PLL_Init) for PLL_Init
    os.o(i.OS_Init) refers to tcb.o(i.tcb_mem_init) for tcb_mem_init
    os.o(i.OS_Init) refers to timer5a.o(i.Timer5A_Init) for Timer5A_Init
    os.o(i.OS_Init) refers to os.o(i.OS_StartMsTime) for OS_StartMsTime
    os.o(i.OS_Init) refers to uart0int.o(i.UART_Init) for UART_Init
    os.o(i.OS_Init) refers to st7735.o(i.ST7735_InitR) for ST7735_InitR
[...]
    ..\inc\PLL.c                             0x00000000   Number         0  pll.o ABSOLUTE
    ..\inc\TCB.c                             0x00000000   Number         0  tcb.o ABSOLUTE
    ..\inc\Timer2A.c                         0x00000000   Number         0  timer2a.o ABSOLUTE
    ..\inc\Timer3A.c                         0x00000000   Number         0  timer3a.o ABSOLUTE
    ..\inc\Timer4A.c                         0x00000000   Number         0  timer4a.o ABSOLUTE
    ..\inc\Timer5A.c                         0x00000000   Number         0  timer5a.o ABSOLUTE
    ..\inc\WTimer0A.c                        0x00000000   Number         0  wtimer0a.o ABSOLUTE
    ..\inc\cr4_fft_64_stm32.s                0x00000000   Number         0  cr4_fft_64_stm32.o ABSOLUTE
    Lab3.c                                   0x00000000   Number         0  lab3.o ABSOLUTE
    cdrcmple.s                               0x00000000   Number         0  cdrcmple.o ABSOLUTE
    dc.s                                     0x00000000   Number         0  dc.o ABSOLUTE
    handlers.s                               0x00000000   Number         0  handlers.o ABSOLUTE
    init.s                                   0x00000000   Number         0  init.o ABSOLUTE
    startup.s                                0x00000000   Number         0  startup.o ABSOLUTE
    .ARM.Collect$$$$00000000                 0x00000284   Section        0  entry.o(.ARM.Collect$$$$00000000)
    .ARM.Collect$$$$00000001                 0x00000284   Section        4  entry2.o(.ARM.Collect$$$$00000001)
    .ARM.Collect$$$$00000004                 0x00000288   Section        4  entry5.o(.ARM.Collect$$$$00000004)
    .ARM.Collect$$$$00000008                 0x0000028c   Section        0  entry7b.o(.ARM.Collect$$$$00000008)
    .ARM.Collect$$$$0000000A                 0x0000028c   Section        0  entry8b.o(.ARM.Collect$$$$0000000A)
    .ARM.Collect$$$$0000000B                 0x0000028c   Section        8  entry9a.o(.ARM.Collect$$$$0000000B)
    .ARM.Collect$$$$0000000D                 0x00000294   Section        0  entry10a.o(.ARM.Collect$$$$0000000D)
    .ARM.Collect$$$$0000000F                 0x00000294   Section        0  entry11a.o(.ARM.Collect$$$$0000000F)
    .ARM.Collect$$$$00002712                 0x00000294   Section        4  entry2.o(.ARM.Collect$$$$00002712)
    __lit__00000000                          0x00000294   Data           4  entry2.o(.ARM.Collect$$$$00002712)
    .text                                    0x00000298   Section       28  startup.o(.text)
    .text                                    0x000002b4   Section      718  cr4_fft_64_stm32.o(.text)
    .text                                    0x00000584   Section       72  pid_stm32.o(.text)
    .text                                    0x000005cc   Section      132  osasm.o(.text)
    .text                                    0x00000650   Section        0  memseta.o(.text)
    .text                                    0x00000674   Section        0  strncpy.o(.text)
    .text                                    0x0000068c   Section        0  strlen.o(.text)
    .text                                    0x0000069a   Section        0  strcmp.o(.text)
    .text                                    0x000006b6   Section        0  strncat.o(.text)
    .text                                    0x000006e0   Section        0  strtok.o(.text)
    .text                                    0x00000724   Section        0  atoi.o(.text)
    .text                                    0x0000073e   Section        0  uidiv.o(.text)
    .text                                    0x0000076a   Section        0  strtol.o(.text)
    .text                                    0x000007dc   Section       36  init.o(.text)
    .text                                    0x00000800   Section        0  ctype_o.o(.text)
    .text                                    0x00000808   Section        0  _strtoul.o(.text)
    .text                                    0x000008a6   Section        0  _chval.o(.text)
    .text                                    0x000008c2   Section        0  __dczerorl.o(.text)
    i.ADC0Seq0_Handler                       0x000008fc   Section        0  adct0atrigger.o(i.ADC0Seq0_Handler)
    i.ADC0Seq3_Handler                       0x00000920   Section        0  adct0atrigger.o(i.ADC0Seq3_Handler)
    i.ADC0_InSeq3                            0x0000093c   Section        0  adcswtrigger.o(i.ADC0_InSeq3)
    i.ADC0_InitSWTriggerSeq3                 0x00000968   Section        0  adcswtrigger.o(i.ADC0_InitSWTriggerSeq3)
    i.ADC0_InitTimer0ATriggerSeq0            0x00000d60   Section        0  adct0atrigger.o(i.ADC0_InitTimer0ATriggerSeq0)
    i.ADC_Command                            0x000011c0   Section        0  interpreter.o(i.ADC_Command)
    i.ADC_In                                 0x000011fc   Section        0  adc.o(i.ADC_In)
    i.ADC_Init                               0x00001208   Section        0  adc.o(i.ADC_Init)
    i.ButtonWork                             0x00001220   Section        0  lab3.o(i.ButtonWork)
    i.CS_Init                                0x000012cc   Section        0  edisk.o(i.CS_Init)
    i.Consumer                               0x00001358   Section        0  lab3.o(i.Consumer)
    i.DAS                                    0x000013d0   Section        0  lab3.o(i.DAS)
    i.Delay1ms                               0x00001404   Section        0  st7735.o(i.Delay1ms)
    i.Display                                0x00001424   Section        0  lab3.o(i.Display)
    i.Filter                                 0x000014c8   Section        0  lpf.o(i.Filter)
    i.GPIOPortF_Handler                      0x00001590   Section        0  os.o(i.GPIOPortF_Handler)
    i.GPIOPortF_Init                         0x000015e0   Section        0  os.o(i.GPIOPortF_Init)
    i.GPIO_Command                           0x00001698   Section        0  interpreter.o(i.GPIO_Command)
    i.Help_Command                           0x000017b0   Section        0  interpreter.o(i.Help_Command)
    i.IRDistance_Convert                     0x000018cc   Section        0  irdistance.o(i.IRDistance_Convert)
    i.Idle                                   0x0000190c   Section        0  lab3.o(i.Idle)
    i.Interpreter                            0x00001954   Section        0  interpreter.o(i.Interpreter)
    i.InterruptPercentage_Command            0x00001a94   Section        0  interpreter.o(i.InterruptPercentage_Command)
    i.LCD_Command                            0x00001ac8   Section        0  interpreter.o(i.LCD_Command)
    i.MaxInterrupt_Command                   0x00001bd8   Section        0  interpreter.o(i.MaxInterrupt_Command)
    i.MaxJitter_Command                      0x00001c08   Section        0  interpreter.o(i.MaxJitter_Command)
    i.Num_created_Command                    0x00001c34   Section        0  interpreter.o(i.Num_created_Command)
    i.OS_AddPeriodicThread                   0x00001c80   Section        0  os.o(i.OS_AddPeriodicThread)
    i.OS_AddSW1Task                          0x00001cc8   Section        0  os.o(i.OS_AddSW1Task)
    i.OS_AddSW2Task                          0x00001d08   Section        0  os.o(i.OS_AddSW2Task)
    i.OS_AddThread                           0x00001d48   Section        0  os.o(i.OS_AddThread)
    i.OS_ClearMsTime                         0x00001dbc   Section        0  os.o(i.OS_ClearMsTime)
    i.OS_CountMsTime_Timer5_UserTask         0x00001dc8   Section        0  os.o(i.OS_CountMsTime_Timer5_UserTask)
    i.OS_Fifo_Get                            0x00001e34   Section        0  os.o(i.OS_Fifo_Get)
    i.OS_Fifo_Init                           0x00001e6c   Section        0  os.o(i.OS_Fifo_Init)
    i.OS_Fifo_Put                            0x00001e9c   Section        0  os.o(i.OS_Fifo_Put)
    i.OS_Fifo_Size                           0x00001ef0   Section        0  os.o(i.OS_Fifo_Size)
    i.OS_Id                                  0x00001f10   Section        0  os.o(i.OS_Id)
    i.OS_Increment_Time                      0x00001f14   Section        0  os.o(i.OS_Increment_Time)
    i.OS_Init                                0x00001f24   Section        0  os.o(i.OS_Init)
    i.OS_InitSemaphore                       0x00001f88   Section        0  os.o(i.OS_InitSemaphore)
    i.OS_Kill                                0x00001f90   Section        0  os.o(i.OS_Kill)
    i.OS_Launch                              0x00001fb8   Section        0  os.o(i.OS_Launch)
    i.OS_MailBox_Init                        0x00001fc8   Section        0  os.o(i.OS_MailBox_Init)
    i.OS_MailBox_Recv                        0x00001fe4   Section        0  os.o(i.OS_MailBox_Recv)
    i.OS_MailBox_Send                        0x00002008   Section        0  os.o(i.OS_MailBox_Send)
    i.OS_MsTime                              0x0000202c   Section        0  os.o(i.OS_MsTime)
    i.OS_NumThreads_Created                  0x00002038   Section        0  os.o(i.OS_NumThreads_Created)
    i.OS_Signal                              0x00002044   Section        0  os.o(i.OS_Signal)
    i.OS_Sleep                               0x00002074   Section        0  os.o(i.OS_Sleep)
    i.OS_StartMsTime                         0x00002138   Section        0  os.o(i.OS_StartMsTime)
    i.OS_StopMsTime                          0x00002144   Section        0  os.o(i.OS_StopMsTime)
    i.OS_Suspend                             0x00002150   Section        0  os.o(i.OS_Suspend)
    i.OS_Time                                0x0000216c   Section        0  os.o(i.OS_Time)
    i.OS_TimeDifference                      0x00002190   Section        0  os.o(i.OS_TimeDifference)
    i.OS_Time_Init                           0x00002198   Section        0  os.o(i.OS_Time_Init)
    i.OS_Wait                                0x000021b0   Section        0  os.o(i.OS_Wait)
    i.OS_bSignal                             0x00002248   Section        0  os.o(i.OS_bSignal)
    i.OS_bWait                               0x0000227c   Section        0  os.o(i.OS_bWait)
    i.PID                                    0x00002314   Section        0  lab3.o(i.PID)
    i.PLL_Init                               0x0000236c   Section        0  pll.o(i.PLL_Init)
    i.Parse_Command_Into_Struct              0x000023e8   Section        0  interpreter.o(i.Parse_Command_Into_Struct)
    i.PortD_Init                             0x00002440   Section        0  lab3.o(i.PortD_Init)
    i.Producer                               0x000024a8   Section        0  lab3.o(i.Producer)
    i.RxFifo_Get                             0x000024dc   Section        0  uart0int.o(i.RxFifo_Get)
    i.RxFifo_Init                            0x00002518   Section        0  uart0int.o(i.RxFifo_Init)
    i.RxFifo_Put                             0x0000252c   Section        0  uart0int.o(i.RxFifo_Put)
    i.RxFifo_Size                            0x00002568   Section        0  uart0int.o(i.RxFifo_Size)
    i.ST7735_DrawCharS                       0x00002580   Section        0  st7735.o(i.ST7735_DrawCharS)
    i.ST7735_DrawPixel                       0x00002678   Section        0  st7735.o(i.ST7735_DrawPixel)
    i.ST7735_DrawString                      0x000026d0   Section        0  st7735.o(i.ST7735_DrawString)
    i.ST7735_FillRect                        0x00002728   Section        0  st7735.o(i.ST7735_FillRect)
    i.ST7735_FillScreenInit                  0x000027e4   Section        0  st7735.o(i.ST7735_FillScreenInit)
    i.ST7735_InitR                           0x00002898   Section        0  st7735.o(i.ST7735_InitR)
    i.ST7735_Message                         0x00002920   Section        0  st7735.o(i.ST7735_Message)
    i.ST7735_SetCursor                       0x00002994   Section        0  st7735.o(i.ST7735_SetCursor)
    i.SW1Push                                0x000029b4   Section        0  lab3.o(i.SW1Push)
    i.SW2Push                                0x000029e4   Section        0  lab3.o(i.SW2Push)
    i.SetInitialStack                        0x00002a14   Section        0  os.o(i.SetInitialStack)
    i.SysTick_Handler                        0x00002aac   Section        0  os.o(i.SysTick_Handler)
    i.SysTick_Init                           0x00002adc   Section        0  os.o(i.SysTick_Init)
    i.Timer2A_Handler                        0x00002af4   Section        0  timer2a.o(i.Timer2A_Handler)
    i.Timer2A_Init                           0x00002bb0   Section        0  timer2a.o(i.Timer2A_Init)
    i.Timer3A_Handler                        0x00002c10   Section        0  timer3a.o(i.Timer3A_Handler)
    i.Timer3A_Init                           0x00002c28   Section        0  timer3a.o(i.Timer3A_Init)
    i.Timer4A_Handler                        0x00002c88   Section        0  timer4a.o(i.Timer4A_Handler)
    i.Timer4A_Init                           0x00002d44   Section        0  timer4a.o(i.Timer4A_Init)
    i.Timer5A_Handler                        0x00002da4   Section        0  timer5a.o(i.Timer5A_Handler)
    i.Timer5A_Init                           0x00002dbc   Section        0  timer5a.o(i.Timer5A_Init)
    i.Timer_Command                          0x00002e1c   Section        0  interpreter.o(i.Timer_Command)
    i.TxFifo_Get                             0x00002ecc   Section        0  uart0int.o(i.TxFifo_Get)
    i.TxFifo_Init                            0x00002f08   Section        0  uart0int.o(i.TxFifo_Init)
    i.TxFifo_Put                             0x00002f1c   Section        0  uart0int.o(i.TxFifo_Put)
    i.TxFifo_Size                            0x00002f58   Section        0  uart0int.o(i.TxFifo_Size)
    i.UART0_Handler                          0x00002f70   Section        0  uart0int.o(i.UART0_Handler)
    i.UART_InChar                            0x00002fc8   Section        0  uart0int.o(i.UART_InChar)
    i.UART_InString                          0x00002fe0   Section        0  uart0int.o(i.UART_InString)
    i.UART_Init                              0x00003028   Section        0  uart0int.o(i.UART_Init)
    i.UART_OutChar                           0x00003108   Section        0  uart0int.o(i.UART_OutChar)
    i.UART_OutString                         0x00003140   Section        0  uart0int.o(i.UART_OutString)
    i.UART_OutUDec                           0x00003158   Section        0  uart0int.o(i.UART_OutUDec)
    i.WideTimer0A_Handler                    0x00003184   Section        0  wtimer0a.o(i.WideTimer0A_Handler)
    i.__0sprintf$3                           0x0000319c   Section        0  printf3.o(i.__0sprintf$3)
    i.__aeabi_errno_addr                     0x000031c4   Section        0  errno.o(i.__aeabi_errno_addr)
    i.__scatterload_copy                     0x000031cc   Section       14  handlers.o(i.__scatterload_copy)
    i.__scatterload_null                     0x000031da   Section        2  handlers.o(i.__scatterload_null)
    i.__scatterload_zeroinit                 0x000031dc   Section       14  handlers.o(i.__scatterload_zeroinit)
    i._printf_core                           0x000031ec   Section        0  printf3.o(i._printf_core)
    _printf_core                             0x000031ed   Thumb Code   436  printf3.o(i._printf_core)
    i._sputc                                 0x000033a4   Section        0  printf3.o(i._sputc)
    _sputc                                   0x000033a5   Thumb Code    10  printf3.o(i._sputc)
    i.add_running_thread                     0x000033b0   Section        0  os.o(i.add_running_thread)
    i.check_for_falling_priority             0x00003404   Section        0  os.o(i.check_for_falling_priority)
    i.check_for_rising_priority              0x00003430   Section        0  os.o(i.check_for_rising_priority)
    i.commandList                            0x00003484   Section        0  st7735.o(i.commandList)
    commandList                              0x00003485   Thumb Code    86  st7735.o(i.commandList)
    i.commonInit                             0x000034dc   Section        0  st7735.o(i.commonInit)
    commonInit                               0x000034dd   Thumb Code   346  st7735.o(i.commonInit)
    i.copyHardwareToSoftware                 0x00003668   Section        0  uart0int.o(i.copyHardwareToSoftware)
    copyHardwareToSoftware                   0x00003669   Thumb Code    46  uart0int.o(i.copyHardwareToSoftware)
    i.copySoftwareToHardware                 0x000036a0   Section        0  uart0int.o(i.copySoftwareToHardware)
    copySoftwareToHardware                   0x000036a1   Thumb Code    44  uart0int.o(i.copySoftwareToHardware)
    i.dummyADC                               0x000036d4   Section        0  adct0atrigger.o(i.dummyADC)
    i.get_int_disable_time                   0x000036d8   Section        0  os.o(i.get_int_disable_time)
    i.get_int_percentage_time                0x00003720   Section        0  os.o(i.get_int_percentage_time)
    i.main                                   0x00003740   Section        0  lab3.o(i.main)
    i.pushColor                              0x0000374a   Section        0  st7735.o(i.pushColor)
    pushColor                                0x0000374b   Thumb Code    18  st7735.o(i.pushColor)
    i.realmain                               0x0000375c   Section        0  lab3.o(i.realmain)
    i.remove_running_thread                  0x0000384c   Section        0  os.o(i.remove_running_thread)
    i.setAddrWindow                          0x0000388c   Section        0  st7735.o(i.setAddrWindow)
    setAddrWindow                            0x0000388d   Thumb Code   106  st7735.o(i.setAddrWindow)
    i.set_int_disable_time                   0x00003900   Section        0  os.o(i.set_int_disable_time)
    i.tcb_mem_free_tcb                       0x00003910   Section        0  tcb.o(i.tcb_mem_free_tcb)
    i.tcb_mem_get_tcb                        0x00003928   Section        0  tcb.o(i.tcb_mem_get_tcb)
    i.tcb_mem_init                           0x0000399c   Section        0  tcb.o(i.tcb_mem_init)
    i.writecommand                           0x000039a8   Section        0  st7735.o(i.writecommand)
    writecommand                             0x000039a9   Thumb Code    68  st7735.o(i.writecommand)
    i.writedata                              0x000039f8   Section        0  st7735.o(i.writedata)
    writedata                                0x000039f9   Thumb Code    70  st7735.o(i.writedata)
    .constdata                               0x00003a4c   Section        4  os.o(.constdata)
    .constdata                               0x00003a50   Section     2114  st7735.o(.constdata)
    Font                                     0x00003a50   Data        1275  st7735.o(.constdata)
    Bcmd                                     0x00003f4b   Data         103  st7735.o(.constdata)
    Rcmd1                                    0x00003fb2   Data          59  st7735.o(.constdata)
    Rcmd2green                               0x00003fed   Data          13  st7735.o(.constdata)
    Rcmd2red                                 0x00003ffa   Data          13  st7735.o(.constdata)
    Rcmd3                                    0x00004007   Data          43  st7735.o(.constdata)
    .constdata                               0x00004294   Section       64  irdistance.o(.constdata)
    .constdata                               0x000042d4   Section      129  ctype_o.o(.constdata)
    .constdata                               0x00004358   Section        4  ctype_o.o(.constdata)
    table                                    0x00004358   Data           4  ctype_o.o(.constdata)
    .conststring                             0x0000435c   Section      456  interpreter.o(.conststring)
    .data                                    0x20000000   Section      104  os.o(.data)
    .data                                    0x20000068   Section       52  st7735.o(.data)
    ColStart                                 0x20000072   Data           1  st7735.o(.data)
    RowStart                                 0x20000073   Data           1  st7735.o(.data)
    Rotation                                 0x20000074   Data           1  st7735.o(.data)
    TabColor                                 0x20000075   Data           1  st7735.o(.data)
    _width                                   0x20000076   Data           2  st7735.o(.data)
    _height                                  0x20000078   Data           2  st7735.o(.data)
    .data                                    0x2000009c   Section        8  adct0atrigger.o(.data)
    .data                                    0x200000a4   Section      156  lpf.o(.data)
    n                                        0x2000013c   Data           4  lpf.o(.data)
    .data                                    0x20000140   Section        4  wtimer0a.o(.data)
    .data                                    0x20000144   Section       32  uart0int.o(.data)
    .data                                    0x20000164   Section      160  lab3.o(.data)
    err                                      0x200001fa   Data           2  lab3.o(.data)
    i                                        0x200001fc   Data           4  lab3.o(.data)
    result                                   0x20000200   Data           4  lab3.o(.data)
    .data                                    0x20000204   Section        4  tcb.o(.data)
    .data                                    0x20000208   Section       12  timer4a.o(.data)
    .data                                    0x20000214   Section        4  timer5a.o(.data)
    .data                                    0x20000218   Section       12  timer2a.o(.data)
    .data                                    0x20000224   Section        4  timer3a.o(.data)
    .data                                    0x20000228   Section        4  strtok.o(.data)
    state                                    0x20000228   Data           4  strtok.o(.data)
    .data                                    0x2000022c   Section        4  errno.o(.data)
    _errno                                   0x2000022c   Data           4  errno.o(.data)
    .bss                                     0x20000230   Section      920  os.o(.bss)
    .bss                                     0x200005c8   Section      112  interpreter.o(.bss)
    .bss                                     0x20000638   Section      496  lpf.o(.bss)
    x                                        0x200007f8   Data          24  lpf.o(.bss)
    y                                        0x20000810   Data          24  lpf.o(.bss)
    .bss                                     0x20000828   Section     2048  uart0int.o(.bss)
    RxFifo                                   0x20000828   Data        1024  uart0int.o(.bss)
    TxFifo                                   0x20000c28   Data        1024  uart0int.o(.bss)
    .bss                                     0x20001028   Section      512  lab3.o(.bss)
    .bss                                     0x20001228   Section     5520  tcb.o(.bss)
    STACK                                    0x200027b8   Section     1024  startup.o(STACK)
    StackMem                                 0x200027b8   Data           0  startup.o(STACK)

    Global Symbols

    Symbol Name                              Value     Ov Type        Size  Object(Section)

    BuildAttributes$$THM_ISAv4$E$P$D$K$B$S$7EM$PE$A:L22UL41UL21$X:L11$S22US41US21$IEEE1$IW$USESV6$~STKCKD$USESV7$~SHL$OSPACE$ROPI$EBA8$MICROLIB$REQ8$PRES8$EABIv2 0x00000000   Number         0  anon$$obj.o ABSOLUTE
    __ARM_use_no_argv                        0x00000000   Number         0  lab3.o ABSOLUTE
    __Vectors                                0x00000000   Data           0  startup.o(RESET)
    _printf_a                                0x00000000   Number         0  stubs.o ABSOLUTE
    _printf_c                                0x00000000   Number         0  stubs.o ABSOLUTE
    _printf_charcount                        0x00000000   Number         0  stubs.o ABSOLUTE
    _printf_d                                0x00000000   Number         0  stubs.o ABSOLUTE
    _printf_e                                0x00000000   Number         0  stubs.o ABSOLUTE
    _printf_f                                0x00000000   Number         0  stubs.o ABSOLUTE
    _printf_flags                            0x00000000   Number         0  stubs.o ABSOLUTE
    _printf_fp_dec                           0x00000000   Number         0  stubs.o ABSOLUTE
    _printf_fp_hex                           0x00000000   Number         0  stubs.o ABSOLUTE
    _printf_g                                0x00000000   Number         0  stubs.o ABSOLUTE
    _printf_i                                0x00000000   Number         0  stubs.o ABSOLUTE
    _printf_int_dec                          0x00000000   Number         0  stubs.o ABSOLUTE
    _printf_l                                0x00000000   Number         0  stubs.o ABSOLUTE
    _printf_lc                               0x00000000   Number         0  stubs.o ABSOLUTE
    _printf_ll                               0x00000000   Number         0  stubs.o ABSOLUTE
    _printf_lld                              0x00000000   Number         0  stubs.o ABSOLUTE
    _printf_lli                              0x00000000   Number         0  stubs.o ABSOLUTE
    _printf_llo                              0x00000000   Number         0  stubs.o ABSOLUTE
    _printf_llu                              0x00000000   Number         0  stubs.o ABSOLUTE
    _printf_llx                              0x00000000   Number         0  stubs.o ABSOLUTE
    _printf_longlong_dec                     0x00000000   Number         0  stubs.o ABSOLUTE
    _printf_longlong_hex                     0x00000000   Number         0  stubs.o ABSOLUTE
    _printf_longlong_oct                     0x00000000   Number         0  stubs.o ABSOLUTE
    _printf_ls                               0x00000000   Number         0  stubs.o ABSOLUTE
    _printf_mbtowc                           0x00000000   Number         0  stubs.o ABSOLUTE
    _printf_n                                0x00000000   Number         0  stubs.o ABSOLUTE
    _printf_o                                0x00000000   Number         0  stubs.o ABSOLUTE
    _printf_p                                0x00000000   Number         0  stubs.o ABSOLUTE
    _printf_percent                          0x00000000   Number         0  stubs.o ABSOLUTE
    _printf_pre_padding                      0x00000000   Number         0  stubs.o ABSOLUTE
    _printf_return_value                     0x00000000   Number         0  stubs.o ABSOLUTE
    _printf_s                                0x00000000   Number         0  stubs.o ABSOLUTE
    _printf_sizespec                         0x00000000   Number         0  stubs.o ABSOLUTE
    _printf_str                              0x00000000   Number         0  stubs.o ABSOLUTE
    _printf_truncate_signed                  0x00000000   Number         0  stubs.o ABSOLUTE
    _printf_truncate_unsigned                0x00000000   Number         0  stubs.o ABSOLUTE
    _printf_u                                0x00000000   Number         0  stubs.o ABSOLUTE
    _printf_wc                               0x00000000   Number         0  stubs.o ABSOLUTE
    _printf_wctomb                           0x00000000   Number         0  stubs.o ABSOLUTE
    _printf_widthprec                        0x00000000   Number         0  stubs.o ABSOLUTE
    _printf_x                                0x00000000   Number         0  stubs.o ABSOLUTE
    __cpp_initialize__aeabi_                  - Undefined Weak Reference
    __cxa_finalize                            - Undefined Weak Reference
    _clock_init                               - Undefined Weak Reference
    _microlib_exit                            - Undefined Weak Reference
    Reset_Handler                            0x0000026d   Thumb Code     0  startup.o(RESET)
    NMI_Handler                              0x00000271   Thumb Code     2  startup.o(RESET)
    HardFault_Handler                        0x00000273   Thumb Code     2  startup.o(RESET)
    MemManage_Handler                        0x00000275   Thumb Code     2  startup.o(RESET)
    BusFault_Handler                         0x00000277   Thumb Code     2  startup.o(RESET)
    UsageFault_Handler                       0x00000279   Thumb Code     2  startup.o(RESET)
    DebugMon_Handler                         0x0000027d   Thumb Code     2  startup.o(RESET)
    ADC0Seq1_Handler                         0x00000283   Thumb Code     0  startup.o(RESET)
    ADC0Seq2_Handler                         0x00000283   Thumb Code     0  startup.o(RESET)
    ADC1Seq0_Handler                         0x00000283   Thumb Code     0  startup.o(RESET)
    ADC1Seq1_Handler                         0x00000283   Thumb Code     0  startup.o(RESET)
    ADC1Seq2_Handler                         0x00000283   Thumb Code     0  startup.o(RESET)
    ADC1Seq3_Handler                         0x00000283   Thumb Code     0  startup.o(RESET)
    CAN0_Handler                             0x00000283   Thumb Code     0  startup.o(RESET)
    CAN1_Handler                             0x00000283   Thumb Code     0  startup.o(RESET)
    CAN2_Handler                             0x00000283   Thumb Code     0  startup.o(RESET)
    Comp0_Handler                            0x00000283   Thumb Code     0  startup.o(RESET)
    Comp1_Handler                            0x00000283   Thumb Code     0  startup.o(RESET)
    Comp2_Handler                            0x00000283   Thumb Code     0  startup.o(RESET)
    Ethernet_Handler                         0x00000283   Thumb Code     0  startup.o(RESET)
    ExtBus_Handler                           0x00000283   Thumb Code     0  startup.o(RESET)
    FPU_Handler                              0x00000283   Thumb Code     0  startup.o(RESET)
    Fan0_Handler                             0x00000283   Thumb Code     0  startup.o(RESET)
    FlashCtl_Handler                         0x00000283   Thumb Code     0  startup.o(RESET)
    GPIOPortA_Handler                        0x00000283   Thumb Code     0  startup.o(RESET)
    GPIOPortB_Handler                        0x00000283   Thumb Code     0  startup.o(RESET)
    GPIOPortC_Handler                        0x00000283   Thumb Code     0  startup.o(RESET)
    GPIOPortD_Handler                        0x00000283   Thumb Code     0  startup.o(RESET)
    GPIOPortE_Handler                        0x00000283   Thumb Code     0  startup.o(RESET)
    GPIOPortG_Handler                        0x00000283   Thumb Code     0  startup.o(RESET)
    GPIOPortH_Handler                        0x00000283   Thumb Code     0  startup.o(RESET)
    GPIOPortJ_Handler                        0x00000283   Thumb Code     0  startup.o(RESET)
    GPIOPortK_Handler                        0x00000283   Thumb Code     0  startup.o(RESET)
    GPIOPortL_Handler                        0x00000283   Thumb Code     0  startup.o(RESET)
    GPIOPortM_Handler                        0x00000283   Thumb Code     0  startup.o(RESET)
    GPIOPortN_Handler                        0x00000283   Thumb Code     0  startup.o(RESET)
    GPIOPortP1_Handler                       0x00000283   Thumb Code     0  startup.o(RESET)
    GPIOPortP2_Handler                       0x00000283   Thumb Code     0  startup.o(RESET)
    GPIOPortP3_Handler                       0x00000283   Thumb Code     0  startup.o(RESET)
    GPIOPortP4_Handler                       0x00000283   Thumb Code     0  startup.o(RESET)
    GPIOPortP5_Handler                       0x00000283   Thumb Code     0  startup.o(RESET)
    GPIOPortP6_Handler                       0x00000283   Thumb Code     0  startup.o(RESET)
    GPIOPortP7_Handler                       0x00000283   Thumb Code     0  startup.o(RESET)
    GPIOPortP_Handler                        0x00000283   Thumb Code     0  startup.o(RESET)
    GPIOPortQ1_Handler                       0x00000283   Thumb Code     0  startup.o(RESET)
    GPIOPortQ2_Handler                       0x00000283   Thumb Code     0  startup.o(RESET)
    GPIOPortQ3_Handler                       0x00000283   Thumb Code     0  startup.o(RESET)
    GPIOPortQ4_Handler                       0x00000283   Thumb Code     0  startup.o(RESET)
    GPIOPortQ5_Handler                       0x00000283   Thumb Code     0  startup.o(RESET)
    GPIOPortQ6_Handler                       0x00000283   Thumb Code     0  startup.o(RESET)
    GPIOPortQ7_Handler                       0x00000283   Thumb Code     0  startup.o(RESET)
    GPIOPortQ_Handler                        0x00000283   Thumb Code     0  startup.o(RESET)
    GPIOPortR_Handler                        0x00000283   Thumb Code     0  startup.o(RESET)
    GPIOPortS_Handler                        0x00000283   Thumb Code     0  startup.o(RESET)
    Hibernate_Handler                        0x00000283   Thumb Code     0  startup.o(RESET)
    I2C0_Handler                             0x00000283   Thumb Code     0  startup.o(RESET)
    I2C1_Handler                             0x00000283   Thumb Code     0  startup.o(RESET)
    I2C2_Handler                             0x00000283   Thumb Code     0  startup.o(RESET)
    I2C3_Handler                             0x00000283   Thumb Code     0  startup.o(RESET)
    I2C4_Handler                             0x00000283   Thumb Code     0  startup.o(RESET)
    I2C5_Handler                             0x00000283   Thumb Code     0  startup.o(RESET)
    I2S0_Handler                             0x00000283   Thumb Code     0  startup.o(RESET)
    LPC0_Handler                             0x00000283   Thumb Code     0  startup.o(RESET)
    PECI0_Handler                            0x00000283   Thumb Code     0  startup.o(RESET)
    PWM0Fault_Handler                        0x00000283   Thumb Code     0  startup.o(RESET)
    PWM0Generator0_Handler                   0x00000283   Thumb Code     0  startup.o(RESET)
    PWM0Generator1_Handler                   0x00000283   Thumb Code     0  startup.o(RESET)
    PWM0Generator2_Handler                   0x00000283   Thumb Code     0  startup.o(RESET)
    PWM0Generator3_Handler                   0x00000283   Thumb Code     0  startup.o(RESET)
    PWM1Fault_Handler                        0x00000283   Thumb Code     0  startup.o(RESET)
    PWM1Generator0_Handler                   0x00000283   Thumb Code     0  startup.o(RESET)
    PWM1Generator1_Handler                   0x00000283   Thumb Code     0  startup.o(RESET)
    PWM1Generator2_Handler                   0x00000283   Thumb Code     0  startup.o(RESET)
    PWM1Generator3_Handler                   0x00000283   Thumb Code     0  startup.o(RESET)
    Quadrature0_Handler                      0x00000283   Thumb Code     0  startup.o(RESET)
    Quadrature1_Handler                      0x00000283   Thumb Code     0  startup.o(RESET)
    Quadrature2_Handler                      0x00000283   Thumb Code     0  startup.o(RESET)
    SSI0_Handler                             0x00000283   Thumb Code     0  startup.o(RESET)
    SSI1_Handler                             0x00000283   Thumb Code     0  startup.o(RESET)
    SSI2_Handler                             0x00000283   Thumb Code     0  startup.o(RESET)
    SSI3_Handler                             0x00000283   Thumb Code     0  startup.o(RESET)
    SysCtl_Handler                           0x00000283   Thumb Code     0  startup.o(RESET)
    Timer0A_Handler                          0x00000283   Thumb Code     0  startup.o(RESET)
    Timer0B_Handler                          0x00000283   Thumb Code     0  startup.o(RESET)
    Timer1A_Handler                          0x00000283   Thumb Code     0  startup.o(RESET)
    Timer1B_Handler                          0x00000283   Thumb Code     0  startup.o(RESET)
    Timer2B_Handler                          0x00000283   Thumb Code     0  startup.o(RESET)
    Timer3B_Handler                          0x00000283   Thumb Code     0  startup.o(RESET)
    Timer4B_Handler                          0x00000283   Thumb Code     0  startup.o(RESET)
    Timer5B_Handler                          0x00000283   Thumb Code     0  startup.o(RESET)
    UART1_Handler                            0x00000283   Thumb Code     0  startup.o(RESET)
    UART2_Handler                            0x00000283   Thumb Code     0  startup.o(RESET)
    UART3_Handler                            0x00000283   Thumb Code     0  startup.o(RESET)
    UART4_Handler                            0x00000283   Thumb Code     0  startup.o(RESET)
    UART5_Handler                            0x00000283   Thumb Code     0  startup.o(RESET)
    UART6_Handler                            0x00000283   Thumb Code     0  startup.o(RESET)
    UART7_Handler                            0x00000283   Thumb Code     0  startup.o(RESET)
    USB0_Handler                             0x00000283   Thumb Code     0  startup.o(RESET)
    WDT_Handler                              0x00000283   Thumb Code     0  startup.o(RESET)
    WideTimer0B_Handler                      0x00000283   Thumb Code     0  startup.o(RESET)
    WideTimer1A_Handler                      0x00000283   Thumb Code     0  startup.o(RESET)
    WideTimer1B_Handler                      0x00000283   Thumb Code     0  startup.o(RESET)
    WideTimer2A_Handler                      0x00000283   Thumb Code     0  startup.o(RESET)
    WideTimer2B_Handler                      0x00000283   Thumb Code     0  startup.o(RESET)
    WideTimer3A_Handler                      0x00000283   Thumb Code     0  startup.o(RESET)
    WideTimer3B_Handler                      0x00000283   Thumb Code     0  startup.o(RESET)
    WideTimer4A_Handler                      0x00000283   Thumb Code     0  startup.o(RESET)
    WideTimer4B_Handler                      0x00000283   Thumb Code     0  startup.o(RESET)
    WideTimer5A_Handler                      0x00000283   Thumb Code     0  startup.o(RESET)
    WideTimer5B_Handler                      0x00000283   Thumb Code     0  startup.o(RESET)
    uDMA_Error                               0x00000283   Thumb Code     0  startup.o(RESET)
    uDMA_Handler                             0x00000283   Thumb Code     0  startup.o(RESET)
    __main                                   0x00000285   Thumb Code     0  entry.o(.ARM.Collect$$$$00000000)
    _main_stk                                0x00000285   Thumb Code     0  entry2.o(.ARM.Collect$$$$00000001)
    _main_scatterload                        0x00000289   Thumb Code     0  entry5.o(.ARM.Collect$$$$00000004)
    __main_after_scatterload                 0x0000028d   Thumb Code     0  entry5.o(.ARM.Collect$$$$00000004)
    _main_clock                              0x0000028d   Thumb Code     0  entry7b.o(.ARM.Collect$$$$00000008)
    _main_cpp_init                           0x0000028d   Thumb Code     0  entry8b.o(.ARM.Collect$$$$0000000A)
    _main_init                               0x0000028d   Thumb Code     0  entry9a.o(.ARM.Collect$$$$0000000B)
    __rt_final_cpp                           0x00000295   Thumb Code     0  entry10a.o(.ARM.Collect$$$$0000000D)
    __rt_final_exit                          0x00000295   Thumb Code     0  entry11a.o(.ARM.Collect$$$$0000000F)
    DisableInterrupts                        0x00000299   Thumb Code     0  startup.o(.text)
    EnableInterrupts                         0x0000029d   Thumb Code     0  startup.o(.text)
    StartCritical                            0x000002a1   Thumb Code     0  startup.o(.text)
    EndCritical                              0x000002a9   Thumb Code     0  startup.o(.text)
    WaitForInterrupt                         0x000002af   Thumb Code     0  startup.o(.text)
    cr4_fft_64_stm32                         0x000002b5   Thumb Code     0  cr4_fft_64_stm32.o(.text)
    PID_stm32                                0x00000585   Thumb Code     0  pid_stm32.o(.text)
    StartOS                                  0x000005cd   Thumb Code     0  osasm.o(.text)
    ContextSwitch                            0x000005ff   Thumb Code     0  osasm.o(.text)
    PendSV_Handler                           0x00000609   Thumb Code     0  osasm.o(.text)
    SVC_Handler                              0x0000063d   Thumb Code     0  osasm.o(.text)
    __aeabi_memset                           0x00000651   Thumb Code    14  memseta.o(.text)
    __aeabi_memset4                          0x00000651   Thumb Code     0  memseta.o(.text)
    __aeabi_memset8                          0x00000651   Thumb Code     0  memseta.o(.text)
    __aeabi_memclr                           0x0000065f   Thumb Code     4  memseta.o(.text)
    __aeabi_memclr4                          0x0000065f   Thumb Code     0  memseta.o(.text)
    __aeabi_memclr8                          0x0000065f   Thumb Code     0  memseta.o(.text)
    _memset$wrapper                          0x00000663   Thumb Code    18  memseta.o(.text)
    strncpy                                  0x00000675   Thumb Code    24  strncpy.o(.text)
    strlen                                   0x0000068d   Thumb Code    14  strlen.o(.text)
    strcmp                                   0x0000069b   Thumb Code    28  strcmp.o(.text)
    strncat                                  0x000006b7   Thumb Code    40  strncat.o(.text)
    strtok                                   0x000006e1   Thumb Code    62  strtok.o(.text)
    atoi                                     0x00000725   Thumb Code    26  atoi.o(.text)
    __aeabi_uidiv                            0x0000073f   Thumb Code     0  uidiv.o(.text)
    __aeabi_uidivmod                         0x0000073f   Thumb Code    44  uidiv.o(.text)
    strtol                                   0x0000076b   Thumb Code   112  strtol.o(.text)
    __scatterload                            0x000007dd   Thumb Code    28  init.o(.text)
    __scatterload_rt2                        0x000007dd   Thumb Code     0  init.o(.text)
    __rt_ctype_table                         0x00000801   Thumb Code     4  ctype_o.o(.text)
    _strtoul                                 0x00000809   Thumb Code   158  _strtoul.o(.text)
    _chval                                   0x000008a7   Thumb Code    28  _chval.o(.text)
    __decompress                             0x000008c3   Thumb Code     0  __dczerorl.o(.text)
    __decompress0                            0x000008c3   Thumb Code    58  __dczerorl.o(.text)
    ADC0Seq0_Handler                         0x000008fd   Thumb Code    26  adct0atrigger.o(i.ADC0Seq0_Handler)
    ADC0Seq3_Handler                         0x00000921   Thumb Code    18  adct0atrigger.o(i.ADC0Seq3_Handler)
    ADC0_InSeq3                              0x0000093d   Thumb Code    38  adcswtrigger.o(i.ADC0_InSeq3)
    ADC0_InitSWTriggerSeq3                   0x00000969   Thumb Code   976  adcswtrigger.o(i.ADC0_InitSWTriggerSeq3)
    ADC0_InitTimer0ATriggerSeq0              0x00000d61   Thumb Code  1112  adct0atrigger.o(i.ADC0_InitTimer0ATriggerSeq0)
    ADC_Command                              0x000011c1   Thumb Code    38  interpreter.o(i.ADC_Command)
    ADC_In                                   0x000011fd   Thumb Code    12  adc.o(i.ADC_In)
    ADC_Init                                 0x00001209   Thumb Code    24  adc.o(i.ADC_Init)
    ButtonWork                               0x00001221   Thumb Code    90  lab3.o(i.ButtonWork)
    CS_Init                                  0x000012cd   Thumb Code   118  edisk.o(i.CS_Init)
    Consumer                                 0x00001359   Thumb Code    96  lab3.o(i.Consumer)
    DAS                                      0x000013d1   Thumb Code    40  lab3.o(i.DAS)
    Delay1ms                                 0x00001405   Thumb Code    32  st7735.o(i.Delay1ms)
    Display                                  0x00001425   Thumb Code   110  lab3.o(i.Display)
    Filter                                   0x000014c9   Thumb Code   186  lpf.o(i.Filter)
    GPIOPortF_Handler                        0x00001591   Thumb Code    68  os.o(i.GPIOPortF_Handler)
    GPIOPortF_Init                           0x000015e1   Thumb Code   166  os.o(i.GPIOPortF_Init)
    GPIO_Command                             0x00001699   Thumb Code   104  interpreter.o(i.GPIO_Command)
    Help_Command                             0x000017b1   Thumb Code    54  interpreter.o(i.Help_Command)
    IRDistance_Convert                       0x000018cd   Thumb Code    46  irdistance.o(i.IRDistance_Convert)
    Idle                                     0x0000190d   Thumb Code    56  lab3.o(i.Idle)
    Interpreter                              0x00001955   Thumb Code   224  interpreter.o(i.Interpreter)
    InterruptPercentage_Command              0x00001a95   Thumb Code    48  interpreter.o(i.InterruptPercentage_Command)
    LCD_Command                              0x00001ac9   Thumb Code   144  interpreter.o(i.LCD_Command)
    MaxInterrupt_Command                     0x00001bd9   Thumb Code    22  interpreter.o(i.MaxInterrupt_Command)
    MaxJitter_Command                        0x00001c09   Thumb Code    22  interpreter.o(i.MaxJitter_Command)
    Num_created_Command                      0x00001c35   Thumb Code    42  interpreter.o(i.Num_created_Command)
    OS_AddPeriodicThread                     0x00001c81   Thumb Code    64  os.o(i.OS_AddPeriodicThread)
    OS_AddSW1Task                            0x00001cc9   Thumb Code    46  os.o(i.OS_AddSW1Task)
    OS_AddSW2Task                            0x00001d09   Thumb Code    46  os.o(i.OS_AddSW2Task)
    OS_AddThread                             0x00001d49   Thumb Code   110  os.o(i.OS_AddThread)
    OS_ClearMsTime                           0x00001dbd   Thumb Code     8  os.o(i.OS_ClearMsTime)
    OS_CountMsTime_Timer5_UserTask           0x00001dc9   Thumb Code    96  os.o(i.OS_CountMsTime_Timer5_UserTask)
    OS_Fifo_Get                              0x00001e35   Thumb Code    44  os.o(i.OS_Fifo_Get)
    OS_Fifo_Init                             0x00001e6d   Thumb Code    32  os.o(i.OS_Fifo_Init)
    OS_Fifo_Put                              0x00001e9d   Thumb Code    70  os.o(i.OS_Fifo_Put)
    OS_Fifo_Size                             0x00001ef1   Thumb Code    22  os.o(i.OS_Fifo_Size)
    OS_Id                                    0x00001f11   Thumb Code     4  os.o(i.OS_Id)
    OS_Increment_Time                        0x00001f15   Thumb Code    12  os.o(i.OS_Increment_Time)
    OS_Init                                  0x00001f25   Thumb Code    78  os.o(i.OS_Init)
    OS_InitSemaphore                         0x00001f89   Thumb Code     8  os.o(i.OS_InitSemaphore)
    OS_Kill                                  0x00001f91   Thumb Code    36  os.o(i.OS_Kill)
    OS_Launch                                0x00001fb9   Thumb Code    16  os.o(i.OS_Launch)
    OS_MailBox_Init                          0x00001fc9   Thumb Code    20  os.o(i.OS_MailBox_Init)
    OS_MailBox_Recv                          0x00001fe5   Thumb Code    22  os.o(i.OS_MailBox_Recv)
    OS_MailBox_Send                          0x00002009   Thumb Code    22  os.o(i.OS_MailBox_Send)
    OS_MsTime                                0x0000202d   Thumb Code     6  os.o(i.OS_MsTime)
    OS_NumThreads_Created                    0x00002039   Thumb Code     6  os.o(i.OS_NumThreads_Created)
    OS_Signal                                0x00002045   Thumb Code    46  os.o(i.OS_Signal)
    OS_Sleep                                 0x00002075   Thumb Code   178  os.o(i.OS_Sleep)
    OS_StartMsTime                           0x00002139   Thumb Code     8  os.o(i.OS_StartMsTime)
    OS_StopMsTime                            0x00002145   Thumb Code     8  os.o(i.OS_StopMsTime)
    OS_Suspend                               0x00002151   Thumb Code    28  os.o(i.OS_Suspend)
    OS_Time                                  0x0000216d   Thumb Code    24  os.o(i.OS_Time)
    OS_TimeDifference                        0x00002191   Thumb Code     6  os.o(i.OS_TimeDifference)
    OS_Time_Init                             0x00002199   Thumb Code    14  os.o(i.OS_Time_Init)
    OS_Wait                                  0x000021b1   Thumb Code   148  os.o(i.OS_Wait)
    OS_bSignal                               0x00002249   Thumb Code    52  os.o(i.OS_bSignal)
    OS_bWait                                 0x0000227d   Thumb Code   148  os.o(i.OS_bWait)
    PID                                      0x00002315   Thumb Code    70  lab3.o(i.PID)
    PLL_Init                                 0x0000236d   Thumb Code   120  pll.o(i.PLL_Init)
    Parse_Command_Into_Struct                0x000023e9   Thumb Code    84  interpreter.o(i.Parse_Command_Into_Struct)
    PortD_Init                               0x00002441   Thumb Code    88  lab3.o(i.PortD_Init)
    Producer                                 0x000024a9   Thumb Code    44  lab3.o(i.Producer)
    RxFifo_Get                               0x000024dd   Thumb Code    46  uart0int.o(i.RxFifo_Get)
    RxFifo_Init                              0x00002519   Thumb Code    12  uart0int.o(i.RxFifo_Init)
    RxFifo_Put                               0x0000252d   Thumb Code    48  uart0int.o(i.RxFifo_Put)
    RxFifo_Size                              0x00002569   Thumb Code    14  uart0int.o(i.RxFifo_Size)
    ST7735_DrawCharS                         0x00002581   Thumb Code   236  st7735.o(i.ST7735_DrawCharS)
    ST7735_DrawPixel                         0x00002679   Thumb Code    76  st7735.o(i.ST7735_DrawPixel)
    ST7735_DrawString                        0x000026d1   Thumb Code    86  st7735.o(i.ST7735_DrawString)
    ST7735_FillRect                          0x00002729   Thumb Code   176  st7735.o(i.ST7735_FillRect)
    ST7735_FillScreenInit                    0x000027e5   Thumb Code   168  st7735.o(i.ST7735_FillScreenInit)
    ST7735_InitR                             0x00002899   Thumb Code    98  st7735.o(i.ST7735_InitR)
    ST7735_Message                           0x00002921   Thumb Code   108  st7735.o(i.ST7735_Message)
    ST7735_SetCursor                         0x00002995   Thumb Code    22  st7735.o(i.ST7735_SetCursor)
    SW1Push                                  0x000029b5   Thumb Code    38  lab3.o(i.SW1Push)
    SW2Push                                  0x000029e5   Thumb Code    38  lab3.o(i.SW2Push)
    SetInitialStack                          0x00002a15   Thumb Code   150  os.o(i.SetInitialStack)
    SysTick_Handler                          0x00002aad   Thumb Code    38  os.o(i.SysTick_Handler)
    SysTick_Init                             0x00002add   Thumb Code    22  os.o(i.SysTick_Init)
    Timer2A_Handler                          0x00002af5   Thumb Code   156  timer2a.o(i.Timer2A_Handler)
    Timer2A_Init                             0x00002bb1   Thumb Code    76  timer2a.o(i.Timer2A_Init)
    Timer3A_Handler                          0x00002c11   Thumb Code    16  timer3a.o(i.Timer3A_Handler)
    Timer3A_Init                             0x00002c29   Thumb Code    74  timer3a.o(i.Timer3A_Init)
    Timer4A_Handler                          0x00002c89   Thumb Code   156  timer4a.o(i.Timer4A_Handler)
    Timer4A_Init                             0x00002d45   Thumb Code    74  timer4a.o(i.Timer4A_Init)
    Timer5A_Handler                          0x00002da5   Thumb Code    16  timer5a.o(i.Timer5A_Handler)
    Timer5A_Init                             0x00002dbd   Thumb Code    76  timer5a.o(i.Timer5A_Init)
    Timer_Command                            0x00002e1d   Thumb Code   126  interpreter.o(i.Timer_Command)
    TxFifo_Get                               0x00002ecd   Thumb Code    46  uart0int.o(i.TxFifo_Get)
    TxFifo_Init                              0x00002f09   Thumb Code    12  uart0int.o(i.TxFifo_Init)
    TxFifo_Put                               0x00002f1d   Thumb Code    48  uart0int.o(i.TxFifo_Put)
    TxFifo_Size                              0x00002f59   Thumb Code    14  uart0int.o(i.TxFifo_Size)
    UART0_Handler                            0x00002f71   Thumb Code    82  uart0int.o(i.UART0_Handler)
    UART_InChar                              0x00002fc9   Thumb Code    20  uart0int.o(i.UART_InChar)
    UART_InString                            0x00002fe1   Thumb Code    70  uart0int.o(i.UART_InString)
    UART_Init                                0x00003029   Thumb Code   192  uart0int.o(i.UART_Init)
    UART_OutChar                             0x00003109   Thumb Code    46  uart0int.o(i.UART_OutChar)
    UART_OutString                           0x00003141   Thumb Code    24  uart0int.o(i.UART_OutString)
    UART_OutUDec                             0x00003159   Thumb Code    42  uart0int.o(i.UART_OutUDec)
    WideTimer0A_Handler                      0x00003185   Thumb Code    16  wtimer0a.o(i.WideTimer0A_Handler)
    __0sprintf$3                             0x0000319d   Thumb Code    34  printf3.o(i.__0sprintf$3)
    __1sprintf$3                             0x0000319d   Thumb Code     0  printf3.o(i.__0sprintf$3)
    __2sprintf                               0x0000319d   Thumb Code     0  printf3.o(i.__0sprintf$3)
    __aeabi_errno_addr                       0x000031c5   Thumb Code     4  errno.o(i.__aeabi_errno_addr)
    __rt_errno_addr                          0x000031c5   Thumb Code     0  errno.o(i.__aeabi_errno_addr)
    __scatterload_copy                       0x000031cd   Thumb Code    14  handlers.o(i.__scatterload_copy)
    __scatterload_null                       0x000031db   Thumb Code     2  handlers.o(i.__scatterload_null)
    __scatterload_zeroinit                   0x000031dd   Thumb Code    14  handlers.o(i.__scatterload_zeroinit)
    add_running_thread                       0x000033b1   Thumb Code    74  os.o(i.add_running_thread)
    check_for_falling_priority               0x00003405   Thumb Code    36  os.o(i.check_for_falling_priority)
    check_for_rising_priority                0x00003431   Thumb Code    76  os.o(i.check_for_rising_priority)
    dummyADC                                 0x000036d5   Thumb Code     2  adct0atrigger.o(i.dummyADC)
    get_int_disable_time                     0x000036d9   Thumb Code    56  os.o(i.get_int_disable_time)
    get_int_percentage_time                  0x00003721   Thumb Code    22  os.o(i.get_int_percentage_time)
    main                                     0x00003741   Thumb Code    10  lab3.o(i.main)
    realmain                                 0x0000375d   Thumb Code   170  lab3.o(i.realmain)
    remove_running_thread                    0x0000384d   Thumb Code    60  os.o(i.remove_running_thread)
    set_int_disable_time                     0x00003901   Thumb Code    12  os.o(i.set_int_disable_time)
    tcb_mem_free_tcb                         0x00003911   Thumb Code    20  tcb.o(i.tcb_mem_free_tcb)
    tcb_mem_get_tcb                          0x00003929   Thumb Code   104  tcb.o(i.tcb_mem_get_tcb)
    tcb_mem_init                             0x0000399d   Thumb Code     8  tcb.o(i.tcb_mem_init)
    JitterSize                               0x00003a4c   Data           4  os.o(.constdata)
    smallCircle                              0x00004032   Data          36  st7735.o(.constdata)
    circle                                   0x00004056   Data          60  st7735.o(.constdata)
    dBfs                                     0x00004092   Data         512  st7735.o(.constdata)
    A                                        0x00004294   Data          16  irdistance.o(.constdata)
    B                                        0x000042a4   Data          16  irdistance.o(.constdata)
    C                                        0x000042b4   Data          16  irdistance.o(.constdata)
    IRmax                                    0x000042c4   Data          16  irdistance.o(.constdata)
    __ctype_table                            0x000042d4   Data         129  ctype_o.o(.constdata)
    Region$$Table$$Base                      0x00004524   Number         0  anon$$obj.o(Region$$Table)
    Region$$Table$$Limit                     0x00004544   Number         0  anon$$obj.o(Region$$Table)
    MaxJitter                                0x20000000   Data           4  os.o(.data)
    MaxJitter4A                              0x20000004   Data           4  os.o(.data)
    MaxJitter2A                              0x20000008   Data           4  os.o(.data)
    NumThreadsCreated                        0x2000000c   Data           4  os.o(.data)
    SystemMSCounter                          0x20000010   Data           4  os.o(.data)
    MalleableMSCounter                       0x20000014   Data           4  os.o(.data)
    int_max_disable_time                     0x20000018   Data           4  os.o(.data)
    int_total_disable_time                   0x2000001c   Data           4  os.o(.data)
    int_last_disable_time                    0x20000020   Data           4  os.o(.data)
    current_thread_ptr                       0x20000024   Data           4  os.o(.data)
    sleep_list_head                          0x20000028   Data           4  os.o(.data)
    Timer4Used                               0x2000002c   Data           1  os.o(.data)
    Timer2Used                               0x2000002d   Data           1  os.o(.data)
    SW1_Task                                 0x20000030   Data           4  os.o(.data)
    SW2_Task                                 0x20000034   Data           4  os.o(.data)
    FIFO_sema_room_avail                     0x20000038   Data           8  os.o(.data)
    FIFO_sema_data_avail                     0x20000040   Data           8  os.o(.data)
    read_index                               0x20000048   Data           1  os.o(.data)
    write_index                              0x20000049   Data           1  os.o(.data)
    MailBox_Free                             0x2000004c   Data           8  os.o(.data)
    MailBox_DataAvailable                    0x20000054   Data           8  os.o(.data)
    MailBoxData                              0x2000005c   Data           4  os.o(.data)
    MalleableMsFlag                          0x20000060   Data           1  os.o(.data)
    StreamToDevice                           0x20000064   Data           4  os.o(.data)
    StX                                      0x20000068   Data           4  st7735.o(.data)
    StY                                      0x2000006c   Data           4  st7735.o(.data)
    StTextColor                              0x20000070   Data           2  st7735.o(.data)
    LCDFree                                  0x2000007c   Data           8  st7735.o(.data)
    Messageindex                             0x20000084   Data           4  st7735.o(.data)
    Ymax                                     0x20000088   Data           4  st7735.o(.data)
    Ymin                                     0x2000008c   Data           4  st7735.o(.data)
    X                                        0x20000090   Data           4  st7735.o(.data)
    Yrange                                   0x20000094   Data           4  st7735.o(.data)
    lastj                                    0x20000098   Data           4  st7735.o(.data)
    ADCTask                                  0x2000009c   Data           4  adct0atrigger.o(.data)
    PD3data                                  0x200000a0   Data           4  adct0atrigger.o(.data)
    Size1                                    0x200000a4   Data           4  lpf.o(.data)
    I1                                       0x200000a8   Data           4  lpf.o(.data)
    LPFSum1                                  0x200000ac   Data           4  lpf.o(.data)
    sigma1                                   0x200000b0   Data           4  lpf.o(.data)
    snr1                                     0x200000b4   Data           4  lpf.o(.data)
    Size2                                    0x200000b8   Data           4  lpf.o(.data)
    I2                                       0x200000bc   Data           4  lpf.o(.data)
    LPFSum2                                  0x200000c0   Data           4  lpf.o(.data)
    sigma2                                   0x200000c4   Data           4  lpf.o(.data)
    snr2                                     0x200000c8   Data           4  lpf.o(.data)
    Size3                                    0x200000cc   Data           4  lpf.o(.data)
    I3                                       0x200000d0   Data           4  lpf.o(.data)
    LPFSum3                                  0x200000d4   Data           4  lpf.o(.data)
    sigma3                                   0x200000d8   Data           4  lpf.o(.data)
    snr3                                     0x200000dc   Data           4  lpf.o(.data)
    Size4                                    0x200000e0   Data           4  lpf.o(.data)
    I4                                       0x200000e4   Data           4  lpf.o(.data)
    LPFSum4                                  0x200000e8   Data           4  lpf.o(.data)
    sigma4                                   0x200000ec   Data           4  lpf.o(.data)
    snr4                                     0x200000f0   Data           4  lpf.o(.data)
    Size5                                    0x200000f4   Data           4  lpf.o(.data)
    I5                                       0x200000f8   Data           4  lpf.o(.data)
    LPFSum5                                  0x200000fc   Data           4  lpf.o(.data)
    sigma5                                   0x20000100   Data           4  lpf.o(.data)
    snr5                                     0x20000104   Data           4  lpf.o(.data)
    Size6                                    0x20000108   Data           4  lpf.o(.data)
    I6                                       0x2000010c   Data           4  lpf.o(.data)
    LPFSum6                                  0x20000110   Data           4  lpf.o(.data)
    sigma6                                   0x20000114   Data           4  lpf.o(.data)
    snr6                                     0x20000118   Data           4  lpf.o(.data)
    Size7                                    0x2000011c   Data           4  lpf.o(.data)
    I7                                       0x20000120   Data           4  lpf.o(.data)
    LPFSum7                                  0x20000124   Data           4  lpf.o(.data)
    sigma7                                   0x20000128   Data           4  lpf.o(.data)
    snr7                                     0x2000012c   Data           4  lpf.o(.data)
    u1                                       0x20000130   Data           4  lpf.o(.data)
    u2                                       0x20000134   Data           4  lpf.o(.data)
    u3                                       0x20000138   Data           4  lpf.o(.data)
    WidePeriodicTask0                        0x20000140   Data           4  wtimer0a.o(.data)
    RxPutI                                   0x20000144   Data           4  uart0int.o(.data)
    RxGetI                                   0x20000148   Data           4  uart0int.o(.data)
    TxPutI                                   0x2000014c   Data           4  uart0int.o(.data)
    TxGetI                                   0x20000150   Data           4  uart0int.o(.data)
    RxDataAvailable                          0x20000154   Data           8  uart0int.o(.data)
    TxRoomLeft                               0x2000015c   Data           8  uart0int.o(.data)
    NumCreated                               0x20000164   Data           4  lab3.o(.data)
    IdleCount                                0x20000168   Data           4  lab3.o(.data)
    PIDWork                                  0x2000016c   Data           4  lab3.o(.data)
    FilterWork                               0x20000170   Data           4  lab3.o(.data)
    NumSamples                               0x20000174   Data           4  lab3.o(.data)
    IdleCountRef                             0x20000178   Data           4  lab3.o(.data)
    CPUUtil                                  0x2000017c   Data           4  lab3.o(.data)
    DataLost                                 0x20000180   Data           4  lab3.o(.data)
    DASoutput                                0x20000184   Data           4  lab3.o(.data)
    IntTerm                                  0x20000188   Data           2  lab3.o(.data)
    PrevError                                0x2000018a   Data           2  lab3.o(.data)
    Coeff                                    0x2000018c   Data           6  lab3.o(.data)
    Actuator                                 0x20000192   Data           2  lab3.o(.data)
    Count1                                   0x20000194   Data           4  lab3.o(.data)
    Count2                                   0x20000198   Data           4  lab3.o(.data)
    Count3                                   0x2000019c   Data           4  lab3.o(.data)
    Count4                                   0x200001a0   Data           4  lab3.o(.data)
    Count5                                   0x200001a4   Data           4  lab3.o(.data)
    Readyd                                   0x200001a8   Data           8  lab3.o(.data)
    Lost                                     0x200001b0   Data           4  lab3.o(.data)
    Readye                                   0x200001b4   Data           8  lab3.o(.data)
    CountA                                   0x200001bc   Data           4  lab3.o(.data)
    CountB                                   0x200001c0   Data           4  lab3.o(.data)
    s                                        0x200001c4   Data           8  lab3.o(.data)
    SignalCount1                             0x200001cc   Data           4  lab3.o(.data)
    SignalCount2                             0x200001d0   Data           4  lab3.o(.data)
    SignalCount3                             0x200001d4   Data           4  lab3.o(.data)
    WaitCount1                               0x200001d8   Data           4  lab3.o(.data)
    WaitCount2                               0x200001dc   Data           4  lab3.o(.data)
    WaitCount3                               0x200001e0   Data           4  lab3.o(.data)
    OtherCount1                              0x200001e4   Data           4  lab3.o(.data)
    Expected8                                0x200001e8   Data           4  lab3.o(.data)
    Error8                                   0x200001ec   Data           4  lab3.o(.data)
    semaphore                                0x200001f0   Data           8  lab3.o(.data)
    flag                                     0x200001f8   Data           1  lab3.o(.data)
    tcb_memory_management                    0x20000204   Data           4  tcb.o(.data)
    TaskStarted4A                            0x20000208   Data           4  timer4a.o(.data)
    LastTime4A                               0x2000020c   Data           4  timer4a.o(.data)
    PeriodicTask4                            0x20000210   Data           4  timer4a.o(.data)
    PeriodicTask5                            0x20000214   Data           4  timer5a.o(.data)
    TaskStarted2A                            0x20000218   Data           4  timer2a.o(.data)
    LastTime2A                               0x2000021c   Data           4  timer2a.o(.data)
    PeriodicTask2                            0x20000220   Data           4  timer2a.o(.data)
    PeriodicTask3                            0x20000224   Data           4  timer3a.o(.data)
    JitterHistogram                          0x20000230   Data         256  os.o(.bss)
    JitterHistogram4A                        0x20000330   Data         256  os.o(.bss)
    JitterHistogram2A                        0x20000430   Data         256  os.o(.bss)
    RunningPtrs                              0x20000530   Data          24  os.o(.bss)
    FIFO                                     0x20000548   Data         128  os.o(.bss)
    command_array                            0x200005c8   Data         112  interpreter.o(.bss)
    x1                                       0x20000638   Data          64  lpf.o(.bss)
    x2                                       0x20000678   Data          64  lpf.o(.bss)
    x3                                       0x200006b8   Data          64  lpf.o(.bss)
    x4                                       0x200006f8   Data          64  lpf.o(.bss)
    x5                                       0x20000738   Data          64  lpf.o(.bss)
    x6                                       0x20000778   Data          64  lpf.o(.bss)
    x7                                       0x200007b8   Data          64  lpf.o(.bss)
    x                                        0x20001028   Data         256  lab3.o(.bss)
    y                                        0x20001128   Data         256  lab3.o(.bss)
    tcb_memory_pool                          0x20001228   Data         400  tcb.o(.bss)
    stack_memory                             0x200013b8   Data        5120  tcb.o(.bss)
    __initial_sp                             0x20002bb8   Data           0  startup.o(STACK)



==============================================================================

Memory Map of the image

  Image Entry point : 0x0000026d

  Load Region LR_1 (Base: 0x00000000, Size: 0x00004774, Max: 0xffffffff, ABSOLUTE, COMPRESSED[0x00004560])

    Execution Region ER_RO (Exec base: 0x00000000, Load base: 0x00000000, Size: 0x00004544, Max: 0xffffffff, ABSOLUTE)

    Exec Addr    Load Addr    Size         Type   Attr      Idx    E Section Name        Object

    0x00000000   0x00000000   0x00000284   Code   RO            3  * RESET               startup.o
    0x00000284   0x00000284   0x00000000   Code   RO         2116  * .ARM.Collect$$$$00000000  mc_w.l(entry.o)
    0x00000284   0x00000284   0x00000004   Code   RO         2400    .ARM.Collect$$$$00000001  mc_w.l(entry2.o)
    0x00000288   0x00000288   0x00000004   Code   RO         2403    .ARM.Collect$$$$00000004  mc_w.l(entry5.o)
    0x0000028c   0x0000028c   0x00000000   Code   RO         2405    .ARM.Collect$$$$00000008  mc_w.l(entry7b.o)
    0x0000028c   0x0000028c   0x00000000   Code   RO         2407    .ARM.Collect$$$$0000000A  mc_w.l(entry8b.o)
    0x0000028c   0x0000028c   0x00000008   Code   RO         2408    .ARM.Collect$$$$0000000B  mc_w.l(entry9a.o)
    0x00000294   0x00000294   0x00000000   Code   RO         2410    .ARM.Collect$$$$0000000D  mc_w.l(entry10a.o)
    0x00000294   0x00000294   0x00000000   Code   RO         2412    .ARM.Collect$$$$0000000F  mc_w.l(entry11a.o)
    0x00000294   0x00000294   0x00000004   Code   RO         2401    .ARM.Collect$$$$00002712  mc_w.l(entry2.o)
    0x00000298   0x00000298   0x0000001c   Code   RO            4    .text               startup.o
    0x000002b4   0x000002b4   0x000002ce   Code   RO         1353    .text               cr4_fft_64_stm32.o
    0x00000582   0x00000582   0x00000002   PAD
    0x00000584   0x00000584   0x00000048   Code   RO         1356    .text               pid_stm32.o
    0x000005cc   0x000005cc   0x00000084   Code   RO         1359    .text               osasm.o
    0x00000650   0x00000650   0x00000024   Code   RO         2119    .text               mc_w.l(memseta.o)
    0x00000674   0x00000674   0x00000018   Code   RO         2121    .text               mc_w.l(strncpy.o)
    0x0000068c   0x0000068c   0x0000000e   Code   RO         2123    .text               mc_w.l(strlen.o)
    0x0000069a   0x0000069a   0x0000001c   Code   RO         2125    .text               mc_w.l(strcmp.o)
    0x000006b6   0x000006b6   0x00000028   Code   RO         2127    .text               mc_w.l(strncat.o)
    0x000006de   0x000006de   0x00000002   PAD
    0x000006e0   0x000006e0   0x00000044   Code   RO         2131    .text               mc_w.l(strtok.o)
    0x00000724   0x00000724   0x0000001a   Code   RO         2398    .text               mc_w.l(atoi.o)
    0x0000073e   0x0000073e   0x0000002c   Code   RO         2415    .text               mc_w.l(uidiv.o)
    0x0000076a   0x0000076a   0x00000070   Code   RO         2426    .text               mc_w.l(strtol.o)
    0x000007da   0x000007da   0x00000002   PAD
    0x000007dc   0x000007dc   0x00000024   Code   RO         2439    .text               mc_w.l(init.o)
    0x00000800   0x00000800   0x00000008   Code   RO         2447    .text               mc_w.l(ctype_o.o)
    0x00000808   0x00000808   0x0000009e   Code   RO         2475    .text               mc_w.l(_strtoul.o)
    0x000008a6   0x000008a6   0x0000001c   Code   RO         2479    .text               mc_w.l(_chval.o)
    0x000008c2   0x000008c2   0x0000003a   Code   RO         2489    .text               mc_w.l(__dczerorl.o)
    0x000008fc   0x000008fc   0x00000024   Code   RO          914    i.ADC0Seq0_Handler  adct0atrigger.o
    0x00000920   0x00000920   0x0000001c   Code   RO          915    i.ADC0Seq3_Handler  adct0atrigger.o
    0x0000093c   0x0000093c   0x0000002c   Code   RO          834    i.ADC0_InSeq3       adcswtrigger.o
    0x00000968   0x00000968   0x000003f8   Code   RO          837    i.ADC0_InitSWTriggerSeq3  adcswtrigger.o
    0x00000d60   0x00000d60   0x00000460   Code   RO          916    i.ADC0_InitTimer0ATriggerSeq0  adct0atrigger.o
    0x000011c0   0x000011c0   0x0000003c   Code   RO          391    i.ADC_Command       interpreter.o
    0x000011fc   0x000011fc   0x0000000c   Code   RO         1954    i.ADC_In            adc.o
    0x00001208   0x00001208   0x00000018   Code   RO         1955    i.ADC_Init          adc.o
    0x00001220   0x00001220   0x000000ac   Code   RO         1546    i.ButtonWork        lab3.o
    0x000012cc   0x000012cc   0x0000008c   Code   RO         1134    i.CS_Init           edisk.o
    0x00001358   0x00001358   0x00000078   Code   RO         1547    i.Consumer          lab3.o
    0x000013d0   0x000013d0   0x00000034   Code   RO         1549    i.DAS               lab3.o
    0x00001404   0x00001404   0x00000020   Code   RO          558    i.Delay1ms          st7735.o
    0x00001424   0x00001424   0x000000a4   Code   RO         1550    i.Display           lab3.o
    0x000014c8   0x000014c8   0x000000c8   Code   RO          953    i.Filter            lpf.o
    0x00001590   0x00001590   0x00000050   Code   RO           12    i.GPIOPortF_Handler  os.o
    0x000015e0   0x000015e0   0x000000b8   Code   RO           13    i.GPIOPortF_Init    os.o
    0x00001698   0x00001698   0x00000118   Code   RO          392    i.GPIO_Command      interpreter.o
    0x000017b0   0x000017b0   0x0000011c   Code   RO          393    i.Help_Command      interpreter.o
    0x000018cc   0x000018cc   0x00000040   Code   RO         1526    i.IRDistance_Convert  irdistance.o
    0x0000190c   0x0000190c   0x00000048   Code   RO         1552    i.Idle              lab3.o
    0x00001954   0x00001954   0x00000140   Code   RO          394    i.Interpreter       interpreter.o
    0x00001a94   0x00001a94   0x00000034   Code   RO          395    i.InterruptPercentage_Command  interpreter.o
    0x00001ac8   0x00001ac8   0x00000110   Code   RO          397    i.LCD_Command       interpreter.o
    0x00001bd8   0x00001bd8   0x00000030   Code   RO          398    i.MaxInterrupt_Command  interpreter.o
    0x00001c08   0x00001c08   0x0000002c   Code   RO          399    i.MaxJitter_Command  interpreter.o
    0x00001c34   0x00001c34   0x0000004c   Code   RO          400    i.Num_created_Command  interpreter.o
    0x00001c80   0x00001c80   0x00000048   Code   RO           14    i.OS_AddPeriodicThread  os.o
    0x00001cc8   0x00001cc8   0x00000040   Code   RO           16    i.OS_AddSW1Task     os.o
    0x00001d08   0x00001d08   0x00000040   Code   RO           17    i.OS_AddSW2Task     os.o
    0x00001d48   0x00001d48   0x00000074   Code   RO           18    i.OS_AddThread      os.o
    0x00001dbc   0x00001dbc   0x0000000c   Code   RO           19    i.OS_ClearMsTime    os.o
    0x00001dc8   0x00001dc8   0x0000006c   Code   RO           20    i.OS_CountMsTime_Timer5_UserTask  os.o
    0x00001e34   0x00001e34   0x00000038   Code   RO           22    i.OS_Fifo_Get       os.o
    0x00001e6c   0x00001e6c   0x00000030   Code   RO           23    i.OS_Fifo_Init      os.o
    0x00001e9c   0x00001e9c   0x00000054   Code   RO           24    i.OS_Fifo_Put       os.o
    0x00001ef0   0x00001ef0   0x00000020   Code   RO           25    i.OS_Fifo_Size      os.o
    0x00001f10   0x00001f10   0x00000004   Code   RO           26    i.OS_Id             os.o
    0x00001f14   0x00001f14   0x00000010   Code   RO           27    i.OS_Increment_Time  os.o
    0x00001f24   0x00001f24   0x00000064   Code   RO           28    i.OS_Init           os.o
    0x00001f88   0x00001f88   0x00000008   Code   RO           29    i.OS_InitSemaphore  os.o
    0x00001f90   0x00001f90   0x00000028   Code   RO           30    i.OS_Kill           os.o
    0x00001fb8   0x00001fb8   0x00000010   Code   RO           31    i.OS_Launch         os.o
    0x00001fc8   0x00001fc8   0x0000001c   Code   RO           33    i.OS_MailBox_Init   os.o
    0x00001fe4   0x00001fe4   0x00000024   Code   RO           34    i.OS_MailBox_Recv   os.o
    0x00002008   0x00002008   0x00000024   Code   RO           35    i.OS_MailBox_Send   os.o
    0x0000202c   0x0000202c   0x0000000c   Code   RO           36    i.OS_MsTime         os.o
    0x00002038   0x00002038   0x0000000c   Code   RO           37    i.OS_NumThreads_Created  os.o
    0x00002044   0x00002044   0x0000002e   Code   RO           41    i.OS_Signal         os.o
    0x00002072   0x00002072   0x00000002   PAD
    0x00002074   0x00002074   0x000000c4   Code   RO           42    i.OS_Sleep          os.o
    0x00002138   0x00002138   0x0000000c   Code   RO           43    i.OS_StartMsTime    os.o
    0x00002144   0x00002144   0x0000000c   Code   RO           44    i.OS_StopMsTime     os.o
    0x00002150   0x00002150   0x0000001c   Code   RO           45    i.OS_Suspend        os.o
    0x0000216c   0x0000216c   0x00000024   Code   RO           46    i.OS_Time           os.o
    0x00002190   0x00002190   0x00000006   Code   RO           47    i.OS_TimeDifference  os.o
    0x00002196   0x00002196   0x00000002   PAD
    0x00002198   0x00002198   0x00000018   Code   RO           48    i.OS_Time_Init      os.o
    0x000021b0   0x000021b0   0x00000098   Code   RO           50    i.OS_Wait           os.o
    0x00002248   0x00002248   0x00000034   Code   RO           51    i.OS_bSignal        os.o
    0x0000227c   0x0000227c   0x00000098   Code   RO           52    i.OS_bWait          os.o
    0x00002314   0x00002314   0x00000058   Code   RO         1554    i.PID               lab3.o
    0x0000236c   0x0000236c   0x0000007c   Code   RO          543    i.PLL_Init          pll.o
    0x000023e8   0x000023e8   0x00000058   Code   RO          401    i.Parse_Command_Into_Struct  interpreter.o
    0x00002440   0x00002440   0x00000068   Code   RO         1555    i.PortD_Init        lab3.o
    0x000024a8   0x000024a8   0x00000034   Code   RO         1556    i.Producer          lab3.o
    0x000024dc   0x000024dc   0x0000003c   Code   RO         1363    i.RxFifo_Get        uart0int.o
    0x00002518   0x00002518   0x00000014   Code   RO         1364    i.RxFifo_Init       uart0int.o
    0x0000252c   0x0000252c   0x0000003c   Code   RO         1365    i.RxFifo_Put        uart0int.o
    0x00002568   0x00002568   0x00000018   Code   RO         1366    i.RxFifo_Size       uart0int.o
    0x00002580   0x00002580   0x000000f8   Code   RO          562    i.ST7735_DrawCharS  st7735.o
    0x00002678   0x00002678   0x00000058   Code   RO          566    i.ST7735_DrawPixel  st7735.o
    0x000026d0   0x000026d0   0x00000056   Code   RO          568    i.ST7735_DrawString  st7735.o
    0x00002726   0x00002726   0x00000002   PAD
    0x00002728   0x00002728   0x000000bc   Code   RO          569    i.ST7735_FillRect   st7735.o
    0x000027e4   0x000027e4   0x000000b4   Code   RO          571    i.ST7735_FillScreenInit  st7735.o
    0x00002898   0x00002898   0x00000088   Code   RO          573    i.ST7735_InitR      st7735.o
    0x00002920   0x00002920   0x00000074   Code   RO          575    i.ST7735_Message    st7735.o
    0x00002994   0x00002994   0x00000020   Code   RO          590    i.ST7735_SetCursor  st7735.o
    0x000029b4   0x000029b4   0x00000030   Code   RO         1558    i.SW1Push           lab3.o
    0x000029e4   0x000029e4   0x00000030   Code   RO         1559    i.SW2Push           lab3.o
    0x00002a14   0x00002a14   0x00000096   Code   RO           53    i.SetInitialStack   os.o
    0x00002aaa   0x00002aaa   0x00000002   PAD
    0x00002aac   0x00002aac   0x00000030   Code   RO           54    i.SysTick_Handler   os.o
    0x00002adc   0x00002adc   0x00000016   Code   RO           55    i.SysTick_Init      os.o
    0x00002af2   0x00002af2   0x00000002   PAD
    0x00002af4   0x00002af4   0x000000bc   Code   RO         2061    i.Timer2A_Handler   timer2a.o
    0x00002bb0   0x00002bb0   0x00000060   Code   RO         2062    i.Timer2A_Init      timer2a.o
    0x00002c10   0x00002c10   0x00000018   Code   RO         2089    i.Timer3A_Handler   timer3a.o
    0x00002c28   0x00002c28   0x00000060   Code   RO         2090    i.Timer3A_Init      timer3a.o
    0x00002c88   0x00002c88   0x000000bc   Code   RO         2003    i.Timer4A_Handler   timer4a.o
    0x00002d44   0x00002d44   0x00000060   Code   RO         2004    i.Timer4A_Init      timer4a.o
    0x00002da4   0x00002da4   0x00000018   Code   RO         2034    i.Timer5A_Handler   timer5a.o
    0x00002dbc   0x00002dbc   0x00000060   Code   RO         2035    i.Timer5A_Init      timer5a.o
    0x00002e1c   0x00002e1c   0x000000b0   Code   RO          402    i.Timer_Command     interpreter.o
    0x00002ecc   0x00002ecc   0x0000003c   Code   RO         1367    i.TxFifo_Get        uart0int.o
    0x00002f08   0x00002f08   0x00000014   Code   RO         1368    i.TxFifo_Init       uart0int.o
    0x00002f1c   0x00002f1c   0x0000003c   Code   RO         1369    i.TxFifo_Put        uart0int.o
    0x00002f58   0x00002f58   0x00000018   Code   RO         1370    i.TxFifo_Size       uart0int.o
    0x00002f70   0x00002f70   0x00000058   Code   RO         1371    i.UART0_Handler     uart0int.o
    0x00002fc8   0x00002fc8   0x00000018   Code   RO         1373    i.UART_InChar       uart0int.o
    0x00002fe0   0x00002fe0   0x00000046   Code   RO         1375    i.UART_InString     uart0int.o
    0x00003026   0x00003026   0x00000002   PAD
    0x00003028   0x00003028   0x000000e0   Code   RO         1378    i.UART_Init         uart0int.o
    0x00003108   0x00003108   0x00000038   Code   RO         1379    i.UART_OutChar      uart0int.o
    0x00003140   0x00003140   0x00000018   Code   RO         1382    i.UART_OutString    uart0int.o
    0x00003158   0x00003158   0x0000002a   Code   RO         1383    i.UART_OutUDec      uart0int.o
    0x00003182   0x00003182   0x00000002   PAD
    0x00003184   0x00003184   0x00000018   Code   RO         1107    i.WideTimer0A_Handler  wtimer0a.o
    0x0000319c   0x0000319c   0x00000028   Code   RO         2228    i.__0sprintf$3      mc_w.l(printf3.o)
    0x000031c4   0x000031c4   0x00000008   Code   RO         2419    i.__aeabi_errno_addr  mc_w.l(errno.o)
    0x000031cc   0x000031cc   0x0000000e   Code   RO         2483    i.__scatterload_copy  mc_w.l(handlers.o)
    0x000031da   0x000031da   0x00000002   Code   RO         2484    i.__scatterload_null  mc_w.l(handlers.o)
    0x000031dc   0x000031dc   0x0000000e   Code   RO         2485    i.__scatterload_zeroinit  mc_w.l(handlers.o)
    0x000031ea   0x000031ea   0x00000002   PAD
    0x000031ec   0x000031ec   0x000001b8   Code   RO         2233    i._printf_core      mc_w.l(printf3.o)
    0x000033a4   0x000033a4   0x0000000a   Code   RO         2235    i._sputc            mc_w.l(printf3.o)
    0x000033ae   0x000033ae   0x00000002   PAD
    0x000033b0   0x000033b0   0x00000054   Code   RO           56    i.add_running_thread  os.o
    0x00003404   0x00003404   0x0000002c   Code   RO           57    i.check_for_falling_priority  os.o
    0x00003430   0x00003430   0x00000054   Code   RO           58    i.check_for_rising_priority  os.o
    0x00003484   0x00003484   0x00000056   Code   RO          594    i.commandList       st7735.o
    0x000034da   0x000034da   0x00000002   PAD
    0x000034dc   0x000034dc   0x0000018c   Code   RO          595    i.commonInit        st7735.o
    0x00003668   0x00003668   0x00000038   Code   RO         1385    i.copyHardwareToSoftware  uart0int.o
    0x000036a0   0x000036a0   0x00000034   Code   RO         1386    i.copySoftwareToHardware  uart0int.o
    0x000036d4   0x000036d4   0x00000002   Code   RO          918    i.dummyADC          adct0atrigger.o
    0x000036d6   0x000036d6   0x00000002   PAD
    0x000036d8   0x000036d8   0x00000048   Code   RO           61    i.get_int_disable_time  os.o
    0x00003720   0x00003720   0x00000020   Code   RO           62    i.get_int_percentage_time  os.o
    0x00003740   0x00003740   0x0000000a   Code   RO         1601    i.main              lab3.o
    0x0000374a   0x0000374a   0x00000012   Code   RO          599    i.pushColor         st7735.o
    0x0000375c   0x0000375c   0x000000f0   Code   RO         1602    i.realmain          lab3.o
    0x0000384c   0x0000384c   0x00000040   Code   RO           63    i.remove_running_thread  os.o
    0x0000388c   0x0000388c   0x00000074   Code   RO          600    i.setAddrWindow     st7735.o
    0x00003900   0x00003900   0x00000010   Code   RO           64    i.set_int_disable_time  os.o
    0x00003910   0x00003910   0x00000018   Code   RO         1972    i.tcb_mem_free_tcb  tcb.o
    0x00003928   0x00003928   0x00000074   Code   RO         1973    i.tcb_mem_get_tcb   tcb.o
    0x0000399c   0x0000399c   0x0000000c   Code   RO         1974    i.tcb_mem_init      tcb.o
    0x000039a8   0x000039a8   0x00000050   Code   RO          601    i.writecommand      st7735.o
    0x000039f8   0x000039f8   0x00000054   Code   RO          602    i.writedata         st7735.o
    0x00003a4c   0x00003a4c   0x00000004   Data   RO           66    .constdata          os.o
    0x00003a50   0x00003a50   0x00000842   Data   RO          604    .constdata          st7735.o
    0x00004292   0x00004292   0x00000002   PAD
    0x00004294   0x00004294   0x00000040   Data   RO         1527    .constdata          irdistance.o
    0x000042d4   0x000042d4   0x00000081   Data   RO         2448    .constdata          mc_w.l(ctype_o.o)
    0x00004355   0x00004355   0x00000003   PAD
    0x00004358   0x00004358   0x00000004   Data   RO         2449    .constdata          mc_w.l(ctype_o.o)
    0x0000435c   0x0000435c   0x000001c8   Data   RO          404    .conststring        interpreter.o
    0x00004524   0x00004524   0x00000020   Data   RO         2481    Region$$Table       anon$$obj.o


    Execution Region ER_RW (Exec base: 0x20000000, Load base: 0x00004544, Size: 0x00000230, Max: 0xffffffff, ABSOLUTE, COMPRESSED[0x0000001c])

    Exec Addr    Load Addr    Size         Type   Attr      Idx    E Section Name        Object

    0x20000000   COMPRESSED   0x00000068   Data   RW           67    .data               os.o
    0x20000068   COMPRESSED   0x00000034   Data   RW          605    .data               st7735.o
    0x2000009c   COMPRESSED   0x00000008   Data   RW          919    .data               adct0atrigger.o
    0x200000a4   COMPRESSED   0x0000009c   Data   RW          978    .data               lpf.o
    0x20000140   COMPRESSED   0x00000004   Data   RW         1110    .data               wtimer0a.o
    0x20000144   COMPRESSED   0x00000020   Data   RW         1388    .data               uart0int.o
    0x20000164   COMPRESSED   0x000000a0   Data   RW         1604    .data               lab3.o
    0x20000204   COMPRESSED   0x00000004   Data   RW         1976    .data               tcb.o
    0x20000208   COMPRESSED   0x0000000c   Data   RW         2006    .data               timer4a.o
    0x20000214   COMPRESSED   0x00000004   Data   RW         2037    .data               timer5a.o
    0x20000218   COMPRESSED   0x0000000c   Data   RW         2064    .data               timer2a.o
    0x20000224   COMPRESSED   0x00000004   Data   RW         2092    .data               timer3a.o
    0x20000228   COMPRESSED   0x00000004   Data   RW         2132    .data               mc_w.l(strtok.o)
    0x2000022c   COMPRESSED   0x00000004   Data   RW         2422    .data               mc_w.l(errno.o)


    Execution Region ER_ZI (Exec base: 0x20000230, Load base: 0x00004560, Size: 0x00002988, Max: 0xffffffff, ABSOLUTE)

    Exec Addr    Load Addr    Size         Type   Attr      Idx    E Section Name        Object

    0x20000230        -       0x00000398   Zero   RW           65    .bss                os.o
    0x200005c8        -       0x00000070   Zero   RW          403    .bss                interpreter.o
    0x20000638        -       0x000001f0   Zero   RW          977    .bss                lpf.o
    0x20000828        -       0x00000800   Zero   RW         1387    .bss                uart0int.o
    0x20001028        -       0x00000200   Zero   RW         1603    .bss                lab3.o
    0x20001228        -       0x00001590   Zero   RW         1975    .bss                tcb.o
    0x200027b8        -       0x00000400   Zero   RW            1    STACK               startup.o


==============================================================================

Image component sizes


      Code (inc. data)   RO Data    RW Data    ZI Data      Debug   Object Name

        36          0          0          0          0       1088   adc.o
      1060         70          0          0          0       1419   adcswtrigger.o
      1186        108          0          8          0       4133   adct0atrigger.o
       718        240          0          0          0        324   cr4_fft_64_stm32.o
       140         22          0          0          0        478   edisk.o
      1700        792        456          0        112       9360   interpreter.o
        64         18         64          0          0       1247   irdistance.o
      1170        320          0        160        512       9841   lab3.o
       200         14          0        156        496       2468   lpf.o
      2560        352          4        104        920      33386   os.o
       132         18          0          0          0        332   osasm.o
        72          8          0          0          0        288   pid_stm32.o
       124          4          0          0          0        495   pll.o
      1886        190       2114         52          0      14442   st7735.o
       672        622          0          0       1024       1040   startup.o
       152         20          0          4       5520       2957   tcb.o
       284         52          0         12          0       2195   timer2a.o
       120         30          0          4          0       1677   timer3a.o
       284         54          0         12          0       2195   timer4a.o
       120         28          0          4          0       1677   timer5a.o
       964        158          0         32       2048      10810   uart0int.o
        24          8          0          4          0       1090   wtimer0a.o

    ----------------------------------------------------------------------
     13688       3130       2672        552      10632     102942   Object Totals
         0          0         32          0          0          0   (incl. Generated)
        20          2          2          0          0          0   (incl. Padding)

    ----------------------------------------------------------------------

      Code (inc. data)   RO Data    RW Data    ZI Data      Debug   Library Member Name

        58          0          0          0          0          0   __dczerorl.o
        28          0          0          0          0         68   _chval.o
       158          0          0          0          0         92   _strtoul.o
        26          0          0          0          0         80   atoi.o
         8          4        133          0          0         68   ctype_o.o
         0          0          0          0          0          0   entry.o
         0          0          0          0          0          0   entry10a.o
         0          0          0          0          0          0   entry11a.o
         8          4          0          0          0          0   entry2.o
         4          0          0          0          0          0   entry5.o
         0          0          0          0          0          0   entry7b.o
         0          0          0          0          0          0   entry8b.o
         8          4          0          0          0          0   entry9a.o
         8          4          0          4          0         68   errno.o
        30          0          0          0          0          0   handlers.o
        36          8          0          0          0         68   init.o
        36          0          0          0          0        108   memseta.o
       490         10          0          0          0        252   printf3.o
        28          0          0          0          0         76   strcmp.o
        14          0          0          0          0         68   strlen.o
        40          0          0          0          0         76   strncat.o
        24          0          0          0          0         76   strncpy.o
        68          6          0          4          0         80   strtok.o
       112          0          0          0          0         88   strtol.o
        44          0          0          0          0         80   uidiv.o

    ----------------------------------------------------------------------
      1236         40        136          8          0       1348   Library Totals
         8          0          3          0          0          0   (incl. Padding)

    ----------------------------------------------------------------------

      Code (inc. data)   RO Data    RW Data    ZI Data      Debug   Library Name

      1228         40        133          8          0       1348   mc_w.l

    ----------------------------------------------------------------------
      1236         40        136          8          0       1348   Library Totals

    ----------------------------------------------------------------------

==============================================================================


      Code (inc. data)   RO Data    RW Data    ZI Data      Debug   

     14924       3170       2808        560      10632      97710   Grand Totals
     14924       3170       2808         28      10632      97710   ELF Image Totals (compressed)
     14924       3170       2808         28          0          0   ROM Totals

==============================================================================

    Total RO  Size (Code + RO Data)                17732 (  17.32kB)
    Total RW  Size (RW Data + ZI Data)             11192 (  10.93kB)
    Total ROM Size (Code + RO Data + RW Data)      17760 (  17.34kB)

==============================================================================

