Component: ARM Compiler 5.06 update 7 (build 960) Tool: armlink [4d3601]

==============================================================================

Section Cross References

    startup.o(STACK) refers (Special) to os.o(i.get_int_disable_time) for get_int_disable_time
    startup.o(STACK) refers (Special) to os.o(i.set_int_disable_time) for set_int_disable_time
    startup.o(HEAP) refers (Special) to os.o(i.get_int_disable_time) for get_int_disable_time
    startup.o(HEAP) refers (Special) to os.o(i.set_int_disable_time) for set_int_disable_time
    startup.o(RESET) refers (Special) to os.o(i.get_int_disable_time) for get_int_disable_time
    startup.o(RESET) refers (Special) to os.o(i.set_int_disable_time) for set_int_disable_time
    startup.o(RESET) refers to startup.o(STACK) for StackMem
    startup.o(RESET) refers to osasm.o(.text) for SVC_Handler
    startup.o(RESET) refers to os.o(i.SysTick_Handler) for SysTick_Handler
    startup.o(RESET) refers to uart0int.o(i.UART0_Handler) for UART0_Handler
    startup.o(RESET) refers to adct0atrigger.o(i.ADC0Seq0_Handler) for ADC0Seq0_Handler
    startup.o(RESET) refers to adct0atrigger.o(i.ADC0Seq3_Handler) for ADC0Seq3_Handler
    startup.o(RESET) refers to timer2a.o(i.Timer2A_Handler) for Timer2A_Handler
    startup.o(RESET) refers to os.o(i.GPIOPortF_Handler) for GPIOPortF_Handler
    startup.o(RESET) refers to timer3a.o(i.Timer3A_Handler) for Timer3A_Handler
    startup.o(RESET) refers to timer4a.o(i.Timer4A_Handler) for Timer4A_Handler
    startup.o(RESET) refers to timer5a.o(i.Timer5A_Handler) for Timer5A_Handler
    startup.o(RESET) refers to wtimer0a.o(i.WideTimer0A_Handler) for WideTimer0A_Handler
    startup.o(RESET) refers to entry.o(.ARM.Collect$$$$00000000) for __main
    startup.o(.text) refers (Special) to os.o(i.get_int_disable_time) for get_int_disable_time
    startup.o(.text) refers (Special) to os.o(i.set_int_disable_time) for set_int_disable_time
    os.o(i.GPIOPortF_Handler) refers to os.o(i.OS_MsTime) for OS_MsTime
    os.o(i.GPIOPortF_Handler) refers to os.o(i.OS_ClearMsTime) for OS_ClearMsTime
    os.o(i.GPIOPortF_Handler) refers to os.o(.data) for SW2_Task
    os.o(i.OS_AddPeriodicThread) refers to timer4a.o(i.Timer4A_Init) for Timer4A_Init
    os.o(i.OS_AddPeriodicThread) refers to timer2a.o(i.Timer2A_Init) for Timer2A_Init
    os.o(i.OS_AddPeriodicThread) refers to os.o(.data) for Timer4Used
    os.o(i.OS_AddSW1Task) refers to os.o(.data) for SW1_Task
    os.o(i.OS_AddSW2Task) refers to os.o(.data) for SW2_Task
    os.o(i.OS_AddThread) refers to startup.o(.text) for StartCritical
    os.o(i.OS_AddThread) refers to tcb.o(i.tcb_mem_get_tcb) for tcb_mem_get_tcb
    os.o(i.OS_AddThread) refers to os.o(i.add_running_thread) for add_running_thread
    os.o(i.OS_AddThread) refers to os.o(i.SetInitialStack) for SetInitialStack
    os.o(i.OS_AddThread) refers to os.o(i.find_next_best_thread_run) for find_next_best_thread_run
    os.o(i.OS_AddThread) refers to os.o(i.deage_thread) for deage_thread
    os.o(i.OS_AddThread) refers to osasm.o(.text) for ContextSwitch
    os.o(i.OS_AddThread) refers to os.o(.data) for NumThreadsCreated
    os.o(i.OS_ClearMsTime) refers to os.o(.data) for MalleableMSCounter
    os.o(i.OS_CountMsTime_Timer5_UserTask) refers to startup.o(.text) for DisableInterrupts
    os.o(i.OS_CountMsTime_Timer5_UserTask) refers to os.o(i.add_running_thread) for add_running_thread
    os.o(i.OS_CountMsTime_Timer5_UserTask) refers to os.o(.data) for MalleableMsFlag
    os.o(i.OS_EndRedirectToFile) refers to efile.o(i.eFile_WClose) for eFile_WClose
    os.o(i.OS_EndRedirectToFile) refers to os.o(.data) for StreamToDevice
    os.o(i.OS_Fifo_Get) refers to os.o(i.OS_Wait) for OS_Wait
    os.o(i.OS_Fifo_Get) refers to os.o(.bss) for FIFO_sema_data_avail
    os.o(i.OS_Fifo_Get) refers to os.o(.data) for read_index
    os.o(i.OS_Fifo_Init) refers to os.o(i.OS_InitSemaphore) for OS_InitSemaphore
    os.o(i.OS_Fifo_Init) refers to os.o(.bss) for FIFO_sema_room_avail
    os.o(i.OS_Fifo_Init) refers to os.o(.data) for read_index
    os.o(i.OS_Fifo_Put) refers to startup.o(.text) for StartCritical
    os.o(i.OS_Fifo_Put) refers to os.o(i.OS_Fifo_Size) for OS_Fifo_Size
    os.o(i.OS_Fifo_Put) refers to os.o(i.OS_Signal) for OS_Signal
    os.o(i.OS_Fifo_Put) refers to os.o(.bss) for FIFO
    os.o(i.OS_Fifo_Put) refers to os.o(.data) for write_index
    os.o(i.OS_Fifo_Size) refers to os.o(.data) for read_index
    os.o(i.OS_Increment_Time) refers to os.o(.data) for SystemMSCounter
    os.o(i.OS_Init) refers to os.o(i.OS_Time_Init) for OS_Time_Init
    os.o(i.OS_Init) refers to startup.o(.text) for DisableInterrupts
    os.o(i.OS_Init) refers to pll.o(i.PLL_Init) for PLL_Init
    os.o(i.OS_Init) refers to tcb.o(i.tcb_mem_init) for tcb_mem_init
    os.o(i.OS_Init) refers to timer5a.o(i.Timer5A_Init) for Timer5A_Init
    os.o(i.OS_Init) refers to os.o(i.OS_StartMsTime) for OS_StartMsTime
[...]
    printf5.o(i.__0vsprintf$5) refers to printf5.o(i._printf_core) for _printf_core
    printf5.o(i.__0vsprintf$5) refers to printf5.o(i._sputc) for _sputc
    printf5.o(i._printf_core) refers to uldiv.o(.text) for __aeabi_uldivmod
    printf6.o(i.__0fprintf$6) refers to printf6.o(i._printf_core) for _printf_core
    printf6.o(i.__0fprintf$6) refers to os.o(i.fputc) for fputc
    printf6.o(i.__0printf$6) refers to printf6.o(i._printf_core) for _printf_core
    printf6.o(i.__0printf$6) refers to os.o(i.fputc) for fputc
    printf6.o(i.__0printf$6) refers to stdout.o(.data) for __stdout
    printf6.o(i.__0snprintf$6) refers to printf6.o(i._printf_core) for _printf_core
    printf6.o(i.__0snprintf$6) refers to printf6.o(i._snputc) for _snputc
    printf6.o(i.__0sprintf$6) refers to printf6.o(i._printf_core) for _printf_core
    printf6.o(i.__0sprintf$6) refers to printf6.o(i._sputc) for _sputc
    printf6.o(i.__0vfprintf$6) refers to printf6.o(i._printf_core) for _printf_core
    printf6.o(i.__0vfprintf$6) refers to os.o(i.fputc) for fputc
    printf6.o(i.__0vprintf$6) refers to printf6.o(i._printf_core) for _printf_core
    printf6.o(i.__0vprintf$6) refers to os.o(i.fputc) for fputc
    printf6.o(i.__0vprintf$6) refers to stdout.o(.data) for __stdout
    printf6.o(i.__0vsnprintf$6) refers to printf6.o(i._printf_core) for _printf_core
    printf6.o(i.__0vsnprintf$6) refers to printf6.o(i._snputc) for _snputc
    printf6.o(i.__0vsprintf$6) refers to printf6.o(i._printf_core) for _printf_core
    printf6.o(i.__0vsprintf$6) refers to printf6.o(i._sputc) for _sputc
    printf6.o(i._printf_core) refers to printf6.o(i._printf_pre_padding) for _printf_pre_padding
    printf6.o(i._printf_core) refers to uidiv.o(.text) for __aeabi_uidivmod
    printf6.o(i._printf_core) refers to printf6.o(i._printf_post_padding) for _printf_post_padding
    printf7.o(i.__0fprintf$7) refers to printf7.o(i._printf_core) for _printf_core
    printf7.o(i.__0fprintf$7) refers to os.o(i.fputc) for fputc
    printf7.o(i.__0printf$7) refers to printf7.o(i._printf_core) for _printf_core
    printf7.o(i.__0printf$7) refers to os.o(i.fputc) for fputc
    printf7.o(i.__0printf$7) refers to stdout.o(.data) for __stdout
    printf7.o(i.__0snprintf$7) refers to printf7.o(i._printf_core) for _printf_core
    printf7.o(i.__0snprintf$7) refers to printf7.o(i._snputc) for _snputc
    printf7.o(i.__0sprintf$7) refers to printf7.o(i._printf_core) for _printf_core
    printf7.o(i.__0sprintf$7) refers to printf7.o(i._sputc) for _sputc
    printf7.o(i.__0vfprintf$7) refers to printf7.o(i._printf_core) for _printf_core
    printf7.o(i.__0vfprintf$7) refers to os.o(i.fputc) for fputc
    printf7.o(i.__0vprintf$7) refers to printf7.o(i._printf_core) for _printf_core
    printf7.o(i.__0vprintf$7) refers to os.o(i.fputc) for fputc
    printf7.o(i.__0vprintf$7) refers to stdout.o(.data) for __stdout
    printf7.o(i.__0vsnprintf$7) refers to printf7.o(i._printf_core) for _printf_core
    printf7.o(i.__0vsnprintf$7) refers to printf7.o(i._snputc) for _snputc
    printf7.o(i.__0vsprintf$7) refers to printf7.o(i._printf_core) for _printf_core
    printf7.o(i.__0vsprintf$7) refers to printf7.o(i._sputc) for _sputc
    printf7.o(i._printf_core) refers to printf7.o(i._printf_pre_padding) for _printf_pre_padding
    printf7.o(i._printf_core) refers to uldiv.o(.text) for __aeabi_uldivmod
    printf7.o(i._printf_core) refers to printf7.o(i._printf_post_padding) for _printf_post_padding
    printf8.o(i.__0fprintf$8) refers to printf8.o(i._printf_core) for _printf_core
    printf8.o(i.__0fprintf$8) refers to os.o(i.fputc) for fputc
    printf8.o(i.__0printf$8) refers to printf8.o(i._printf_core) for _printf_core
    printf8.o(i.__0printf$8) refers to os.o(i.fputc) for fputc
    printf8.o(i.__0printf$8) refers to stdout.o(.data) for __stdout
    printf8.o(i.__0snprintf$8) refers to printf8.o(i._printf_core) for _printf_core
    printf8.o(i.__0snprintf$8) refers to printf8.o(i._snputc) for _snputc
    printf8.o(i.__0sprintf$8) refers to printf8.o(i._printf_core) for _printf_core
    printf8.o(i.__0sprintf$8) refers to printf8.o(i._sputc) for _sputc
    printf8.o(i.__0vfprintf$8) refers to printf8.o(i._printf_core) for _printf_core
    printf8.o(i.__0vfprintf$8) refers to os.o(i.fputc) for fputc
    printf8.o(i.__0vprintf$8) refers to printf8.o(i._printf_core) for _printf_core
    printf8.o(i.__0vprintf$8) refers to os.o(i.fputc) for fputc
    printf8.o(i.__0vprintf$8) refers to stdout.o(.data) for __stdout
    printf8.o(i.__0vsnprintf$8) refers to printf8.o(i._printf_core) for _printf_core
    printf8.o(i.__0vsnprintf$8) refers to printf8.o(i._snputc) for _snputc
    printf8.o(i.__0vsprintf$8) refers to printf8.o(i._printf_core) for _printf_core
    printf8.o(i.__0vsprintf$8) refers to printf8.o(i._sputc) for _sputc
    printf8.o(i._printf_core) refers to printf8.o(i._printf_pre_padding) for _printf_pre_padding
    printf8.o(i._printf_core) refers to uldiv.o(.text) for __aeabi_uldivmod
    printf8.o(i._printf_core) refers to printf8.o(i._printf_post_padding) for _printf_post_padding
    printfa.o(i.__0fprintf) refers (Special) to iusefp.o(.text) for __I$use$fp
    printfa.o(i.__0fprintf) refers to printfa.o(i._printf_core) for _printf_core
    printfa.o(i.__0fprintf) refers to os.o(i.fputc) for fputc
    printfa.o(i.__0printf) refers (Special) to iusefp.o(.text) for __I$use$fp
    printfa.o(i.__0printf) refers to printfa.o(i._printf_core) for _printf_core
    printfa.o(i.__0printf) refers to os.o(i.fputc) for fputc
    printfa.o(i.__0printf) refers to stdout.o(.data) for __stdout
    printfa.o(i.__0snprintf) refers (Special) to iusefp.o(.text) for __I$use$fp
    printfa.o(i.__0snprintf) refers to printfa.o(i._printf_core) for _printf_core
    printfa.o(i.__0snprintf) refers to printfa.o(i._snputc) for _snputc
    printfa.o(i.__0sprintf) refers (Special) to iusefp.o(.text) for __I$use$fp
    printfa.o(i.__0sprintf) refers to printfa.o(i._printf_core) for _printf_core
    printfa.o(i.__0sprintf) refers to printfa.o(i._sputc) for _sputc
    printfa.o(i.__0vfprintf) refers (Special) to iusefp.o(.text) for __I$use$fp
    printfa.o(i.__0vfprintf) refers to printfa.o(i._printf_core) for _printf_core
    printfa.o(i.__0vfprintf) refers to os.o(i.fputc) for fputc
    printfa.o(i.__0vprintf) refers (Special) to iusefp.o(.text) for __I$use$fp
    printfa.o(i.__0vprintf) refers to printfa.o(i._printf_core) for _printf_core
    printfa.o(i.__0vprintf) refers to os.o(i.fputc) for fputc
    printfa.o(i.__0vprintf) refers to stdout.o(.data) for __stdout
    printfa.o(i.__0vsnprintf) refers (Special) to iusefp.o(.text) for __I$use$fp
    printfa.o(i.__0vsnprintf) refers to printfa.o(i._printf_core) for _printf_core
    printfa.o(i.__0vsnprintf) refers to printfa.o(i._snputc) for _snputc
    printfa.o(i.__0vsprintf) refers (Special) to iusefp.o(.text) for __I$use$fp
    printfa.o(i.__0vsprintf) refers to printfa.o(i._printf_core) for _printf_core
    printfa.o(i.__0vsprintf) refers to printfa.o(i._sputc) for _sputc
    printfa.o(i._fp_digits) refers (Special) to iusefp.o(.text) for __I$use$fp
    printfa.o(i._fp_digits) refers to dmul.o(.text) for __aeabi_dmul
    printfa.o(i._fp_digits) refers to ddiv.o(.text) for __aeabi_ddiv
    printfa.o(i._fp_digits) refers to cdrcmple.o(.text) for __aeabi_cdrcmple
    printfa.o(i._fp_digits) refers to dadd.o(.text) for __aeabi_dadd
    printfa.o(i._fp_digits) refers to dfixul.o(.text) for __aeabi_d2ulz
    printfa.o(i._fp_digits) refers to uldiv.o(.text) for __aeabi_uldivmod
    printfa.o(i._printf_core) refers (Special) to iusefp.o(.text) for __I$use$fp
    printfa.o(i._printf_core) refers to printfa.o(i._printf_pre_padding) for _printf_pre_padding
    printfa.o(i._printf_core) refers to uldiv.o(.text) for __aeabi_uldivmod
    printfa.o(i._printf_core) refers to printfa.o(i._printf_post_padding) for _printf_post_padding
    printfa.o(i._printf_core) refers to printfa.o(i._fp_digits) for _fp_digits
    printfa.o(i._printf_core) refers to uidiv.o(.text) for __aeabi_uidivmod
    printfa.o(i._printf_post_padding) refers (Special) to iusefp.o(.text) for __I$use$fp
    printfa.o(i._printf_pre_padding) refers (Special) to iusefp.o(.text) for __I$use$fp
    printfa.o(i._snputc) refers (Special) to iusefp.o(.text) for __I$use$fp
    printfa.o(i._sputc) refers (Special) to iusefp.o(.text) for __I$use$fp
    atoi.o(.text) refers to errno.o(i.__aeabi_errno_addr) for __aeabi_errno_addr
    atoi.o(.text) refers to strtol.o(.text) for strtol
    entry2.o(.ARM.Collect$$$$00000001) refers to entry2.o(.ARM.Collect$$$$00002712) for __lit__00000000
    entry2.o(.ARM.Collect$$$$00002712) refers to startup.o(STACK) for __initial_sp
    entry2.o(__vectab_stack_and_reset_area) refers to startup.o(STACK) for __initial_sp
    entry2.o(__vectab_stack_and_reset_area) refers to entry.o(.ARM.Collect$$$$00000000) for __main
    entry5.o(.ARM.Collect$$$$00000004) refers to init.o(.text) for __scatterload
    entry9a.o(.ARM.Collect$$$$0000000B) refers to dynamic_tester.o(i.main) for main
    entry9b.o(.ARM.Collect$$$$0000000C) refers to dynamic_tester.o(i.main) for main
    uldiv.o(.text) refers to llushr.o(.text) for __aeabi_llsr
    uldiv.o(.text) refers to llshl.o(.text) for __aeabi_llsl
    errno.o(i.__aeabi_errno_addr) refers to errno.o(.data) for .data
    errno.o(i.__read_errno) refers to errno.o(.data) for .data
    errno.o(i.__set_errno) refers to errno.o(.data) for .data
    strtol.o(.text) refers to ctype_o.o(.text) for __rt_ctype_table
    strtol.o(.text) refers to _strtoul.o(.text) for _strtoul
    strtol.o(.text) refers to errno.o(i.__aeabi_errno_addr) for __aeabi_errno_addr
    dadd.o(.text) refers to llshl.o(.text) for __aeabi_llsl
    dadd.o(.text) refers to llsshr.o(.text) for __aeabi_lasr
    dadd.o(.text) refers to depilogue.o(.text) for _double_epilogue
    dmul.o(.text) refers to depilogue.o(.text) for _double_epilogue
    ddiv.o(.text) refers to depilogue.o(.text) for _double_round
    dfixul.o(.text) refers to llushr.o(.text) for __aeabi_llsr
    dfixul.o(.text) refers to llshl.o(.text) for __aeabi_llsl
    init.o(.text) refers to entry5.o(.ARM.Collect$$$$00000004) for __main_after_scatterload
    ctype_o.o(.text) refers to ctype_o.o(.constdata) for .constdata
    ctype_o.o(.constdata) refers to ctype_o.o(.constdata) for __ctype_table
    isalnum_o.o(.text) refers to ctype_o.o(.text) for __rt_ctype_table
    isalpha_o.o(.text) refers to ctype_o.o(.text) for __rt_ctype_table
    isblank_o.o(.text) refers to ctype_o.o(.constdata) for __ctype_table
    iscntrl_o.o(.text) refers to ctype_o.o(.text) for __rt_ctype_table
    isdigit_o.o(.text) refers to ctype_o.o(.text) for __rt_ctype_table
    isgraph_o.o(.text) refers to ctype_o.o(.text) for __rt_ctype_table
    islower_o.o(.text) refers to ctype_o.o(.text) for __rt_ctype_table
    isprint_o.o(.text) refers to ctype_o.o(.text) for __rt_ctype_table
    ispunct_o.o(.text) refers to ctype_o.o(.text) for __rt_ctype_table
    isspace_o.o(.text) refers to ctype_o.o(.text) for __rt_ctype_table
    isupper_o.o(.text) refers to ctype_o.o(.text) for __rt_ctype_table
    isxdigit_o.o(.text) refers to ctype_o.o(.text) for __rt_ctype_table
    _strtoul.o(.text) refers to _chval.o(.text) for _chval
    _strtoul.o(.text) refers to errno.o(i.__aeabi_errno_addr) for __aeabi_errno_addr
    depilogue.o(.text) refers to llshl.o(.text) for __aeabi_llsl
    depilogue.o(.text) refers to llushr.o(.text) for __aeabi_llsr


==============================================================================

Removing Unused input sections from the image.

    Removing startup.o(HEAP), (0 bytes).
    Removing os.o(i.OS_AddPeriodicThread), (72 bytes).
    Removing os.o(i.OS_AddSW1Task), (64 bytes).
    Removing os.o(i.OS_AddSW2Task), (64 bytes).
    Removing os.o(i.OS_EndRedirectToFile), (28 bytes).
    Removing os.o(i.OS_Fifo_Get), (56 bytes).
    Removing os.o(i.OS_Fifo_Init), (48 bytes).
    Removing os.o(i.OS_Fifo_Put), (84 bytes).
    Removing os.o(i.OS_Fifo_Size), (32 bytes).
    Removing os.o(i.OS_Id), (4 bytes).
    Removing os.o(i.OS_Kill), (64 bytes).
    Removing os.o(i.OS_MailBox_Init), (28 bytes).
    Removing os.o(i.OS_MailBox_Recv), (36 bytes).
    Removing os.o(i.OS_MailBox_Send), (36 bytes).
    Removing os.o(i.OS_NumThreads_Created), (12 bytes).
    Removing os.o(i.OS_RedirectToFile), (36 bytes).
    Removing os.o(i.OS_RedirectToST7735), (4 bytes).
    Removing os.o(i.OS_RedirectToUART), (12 bytes).
    Removing os.o(i.OS_Sleep), (232 bytes).
    Removing os.o(i.OS_StopMsTime), (12 bytes).
    Removing os.o(i.OS_bWait), (136 bytes).
    Removing os.o(i.check_for_falling_priority), (44 bytes).
    Removing os.o(i.fgetc), (20 bytes).
    Removing os.o(i.fputc), (48 bytes).
    Removing os.o(i.get_int_percentage_time), (32 bytes).
    Removing os.o(i.update_thread_priority), (18 bytes).
    Removing interpreter.o(i.ADC_Command), (60 bytes).
    Removing interpreter.o(i.GPIO_Command), (280 bytes).
    Removing interpreter.o(i.Help_Command), (284 bytes).
    Removing interpreter.o(i.Interpreter), (320 bytes).
    Removing interpreter.o(i.InterruptPercentage_Command), (52 bytes).
    Removing interpreter.o(i.Jitter), (96 bytes).
    Removing interpreter.o(i.LCD_Command), (272 bytes).
    Removing interpreter.o(i.MaxInterrupt_Command), (48 bytes).
    Removing interpreter.o(i.MaxJitter_Command), (44 bytes).
    Removing interpreter.o(i.Num_created_Command), (76 bytes).
    Removing interpreter.o(i.Parse_Command_Into_Struct), (88 bytes).
    Removing interpreter.o(i.Timer_Command), (176 bytes).
    Removing interpreter.o(.bss), (112 bytes).
    Removing interpreter.o(.conststring), (453 bytes).
    Removing launchpad.o(i.DelayMs), (32 bytes).
    Removing launchpad.o(i.LaunchPad_Init), (92 bytes).
    Removing launchpad.o(i.LaunchPad_Input), (24 bytes).
    Removing launchpad.o(i.LaunchPad_Output), (12 bytes).
    Removing launchpad.o(i.LaunchPad_WaitForRelease), (56 bytes).
    Removing launchpad.o(i.LaunchPad_WaitForTouch), (32 bytes).
    Removing st7735.o(i.ST7735_Color565), (24 bytes).
    Removing st7735.o(i.ST7735_DrawBitmap), (288 bytes).
    Removing st7735.o(i.ST7735_DrawChar), (272 bytes).
    Removing st7735.o(i.ST7735_DrawCharS), (248 bytes).
    Removing st7735.o(i.ST7735_DrawCircle), (168 bytes).
    Removing st7735.o(i.ST7735_DrawFastHLine), (124 bytes).
    Removing st7735.o(i.ST7735_DrawFastVLine), (124 bytes).
    Removing st7735.o(i.ST7735_DrawPixel), (88 bytes).
    Removing st7735.o(i.ST7735_DrawSmallCircle), (168 bytes).
    Removing st7735.o(i.ST7735_DrawString), (86 bytes).
    Removing st7735.o(i.ST7735_FillRect), (188 bytes).
    Removing st7735.o(i.ST7735_FillScreen), (36 bytes).
    Removing st7735.o(i.ST7735_InitB), (52 bytes).
    Removing st7735.o(i.ST7735_InvertDisplay), (22 bytes).
    Removing st7735.o(i.ST7735_Message), (116 bytes).
    Removing st7735.o(i.ST7735_OutChar), (212 bytes).
    Removing st7735.o(i.ST7735_OutString), (24 bytes).
    Removing st7735.o(i.ST7735_OutUDec), (140 bytes).
    Removing st7735.o(i.ST7735_OutUDec2), (80 bytes).
    Removing st7735.o(i.ST7735_OutUDec4), (140 bytes).
    Removing st7735.o(i.ST7735_OutUDec5), (140 bytes).
    Removing st7735.o(i.ST7735_PlotBar), (88 bytes).
    Removing st7735.o(i.ST7735_PlotClear), (92 bytes).
    Removing st7735.o(i.ST7735_PlotLine), (264 bytes).
    Removing st7735.o(i.ST7735_PlotNext), (32 bytes).
    Removing st7735.o(i.ST7735_PlotNextErase), (64 bytes).
    Removing st7735.o(i.ST7735_PlotPoint), (152 bytes).
    Removing st7735.o(i.ST7735_PlotPoints), (172 bytes).
    Removing st7735.o(i.ST7735_PlotdBfs), (60 bytes).
    Removing st7735.o(i.ST7735_SetRotation), (212 bytes).
    Removing st7735.o(i.ST7735_SetTextColor), (12 bytes).
    Removing st7735.o(i.ST7735_SwapColor), (18 bytes).
    Removing st7735.o(i.fillmessage), (72 bytes).
    Removing st7735.o(i.fillmessage4), (100 bytes).
    Removing st7735.o(i.fillmessage5), (128 bytes).
    Removing st7735.o(i.pushColor), (18 bytes).
    Removing adcswtrigger.o(i.ADC0_InSeq2), (80 bytes).
    Removing adcswtrigger.o(i.ADC0_InSeq3), (44 bytes).
    Removing adcswtrigger.o(i.ADC0_InSeq3_InternalTemperature), (64 bytes).
    Removing adcswtrigger.o(i.ADC0_InitSWTriggerSeq2), (224 bytes).
    Removing adcswtrigger.o(i.ADC0_InitSWTriggerSeq3), (1016 bytes).
    Removing adcswtrigger.o(i.ADC0_InitSWTriggerSeq3_Ch7), (248 bytes).
    Removing adcswtrigger.o(i.ADC0_InitSWTriggerSeq3_Ch9), (248 bytes).
    Removing adcswtrigger.o(i.ADC0_InitSWTriggerSeq3_InternalTemperature), (128 bytes).
    Removing adcswtrigger.o(i.ADC_In3210), (80 bytes).
    Removing adcswtrigger.o(i.ADC_In89), (56 bytes).
    Removing adcswtrigger.o(i.ADC_Init3210), (248 bytes).
    Removing adcswtrigger.o(i.ADC_Init89), (220 bytes).
    Removing adcswtrigger.o(.data), (4 bytes).
    Removing adct0atrigger.o(i.ADC0_InitTimer0ATriggerSeq0), (1120 bytes).
    Removing adct0atrigger.o(i.ADC0_InitTimer0ATriggerSeq3PD3), (296 bytes).
    Removing adct0atrigger.o(i.dummyADC), (2 bytes).
    Removing wtimer0a.o(i.WideTimer0A_Init), (100 bytes).
    Removing wtimer0a.o(i.WideTimer0_Stop), (24 bytes).
    Removing edisk.o(i.SSI0_Init), (332 bytes).
    Removing edisk.o(i.deselect), (20 bytes).
    Removing edisk.o(i.disk_ioctl), (552 bytes).
    Removing edisk.o(i.disk_timerproc), (64 bytes).
    Removing edisk.o(i.eDisk_Init), (348 bytes).
    Removing edisk.o(i.eDisk_Read), (144 bytes).
    Removing edisk.o(i.eDisk_ReadBlock), (20 bytes).
    Removing edisk.o(i.eDisk_Status), (20 bytes).
    Removing edisk.o(i.eDisk_Write), (180 bytes).
    Removing edisk.o(i.eDisk_WriteBlock), (20 bytes).
    Removing edisk.o(i.init_spi), (40 bytes).
    Removing edisk.o(i.rcvr_datablock), (72 bytes).
    Removing edisk.o(i.rcvr_spi), (48 bytes).
    Removing edisk.o(i.rcvr_spi_multi), (24 bytes).
    Removing edisk.o(i.select), (48 bytes).
    Removing edisk.o(i.send_cmd), (150 bytes).
    Removing edisk.o(i.wait_ready), (48 bytes).
    Removing edisk.o(i.xchg_spi), (56 bytes).
    Removing edisk.o(i.xmit_datablock), (76 bytes).
    Removing edisk.o(i.xmit_spi_multi), (48 bytes).
    Removing edisk.o(.data), (13 bytes).
    Removing efile.o(i.eFile_Create), (6 bytes).
    Removing efile.o(i.eFile_DClose), (4 bytes).
    Removing efile.o(i.eFile_DOpen), (6 bytes).
    Removing efile.o(i.eFile_Delete), (6 bytes).
    Removing efile.o(i.eFile_DirNext), (6 bytes).
    Removing efile.o(i.eFile_Format), (4 bytes).
    Removing efile.o(i.eFile_Init), (4 bytes).
    Removing efile.o(i.eFile_Mount), (4 bytes).
    Removing efile.o(i.eFile_RClose), (4 bytes).
    Removing efile.o(i.eFile_ROpen), (6 bytes).
    Removing efile.o(i.eFile_ReadNext), (6 bytes).
    Removing efile.o(i.eFile_Unmount), (4 bytes).
    Removing efile.o(i.eFile_WClose), (4 bytes).
    Removing efile.o(i.eFile_WOpen), (6 bytes).
    Removing efile.o(i.eFile_Write), (6 bytes).
    Removing cr4_fft_64_stm32.o(.text), (718 bytes).
    Removing uart0int.o(i.Fixed_Fix2Str), (252 bytes).
    Removing uart0int.o(i.RxFifo_Get), (60 bytes).
    Removing uart0int.o(i.TxFifo_Put), (60 bytes).
    Removing uart0int.o(i.UART_Fix2), (20 bytes).
    Removing uart0int.o(i.UART_InChar), (24 bytes).
    Removing uart0int.o(i.UART_InCharNonBlock), (20 bytes).
    Removing uart0int.o(i.UART_InString), (70 bytes).
    Removing uart0int.o(i.UART_InUDec), (76 bytes).
    Removing uart0int.o(i.UART_InUHex), (108 bytes).
    Removing uart0int.o(i.UART_OutChar), (56 bytes).
    Removing uart0int.o(i.UART_OutCharNonBlock), (52 bytes).
    Removing uart0int.o(i.UART_OutSDec), (24 bytes).
    Removing uart0int.o(i.UART_OutString), (24 bytes).
    Removing uart0int.o(i.UART_OutUDec), (42 bytes).
    Removing uart0int.o(i.UART_OutUHex), (52 bytes).
    Removing irdistance.o(i.IRDistance_Convert), (64 bytes).
    Removing irdistance.o(.constdata), (64 bytes).
    Removing dynamic_tester.o(i.Kill_Test_1Dies), (56 bytes).
    Removing dynamic_tester.o(i.PD0Toggle_thread), (36 bytes).
    Removing dynamic_tester.o(i.PD1Toggle_thread), (36 bytes).
    Removing dynamic_tester.o(i.PD2Toggle_thread), (36 bytes).
    Removing dynamic_tester.o(i.PD3Toggle_thread), (36 bytes).
    Removing dynamic_tester.o(i.PF0Toggle_thread), (36 bytes).
    Removing dynamic_tester.o(i.PF0_Suicide_Sponser), (36 bytes).
    Removing dynamic_tester.o(i.PF1Toggle_sleepy_thread), (52 bytes).
    Removing dynamic_tester.o(i.PF1Toggle_thread), (36 bytes).
    Removing dynamic_tester.o(i.PF2Toggle_sleepy_thread), (36 bytes).
    Removing dynamic_tester.o(i.PF2Toggle_thread), (36 bytes).
    Removing dynamic_tester.o(i.PF2_Suicide_Thread), (36 bytes).
    Removing dynamic_tester.o(i.PF3Toggle_thread), (36 bytes).
    Removing dynamic_tester.o(i.Sleep_Test2_3Thread_Two_Sleep), (108 bytes).
    Removing dynamic_tester.o(i.Sleep_Test_2Thread_One_Sleep), (84 bytes).
    Removing dynamic_tester.o(i.Test1_Basic_RR_Test), (84 bytes).
    Removing dynamic_tester.o(i.Test2_TwoThreads_OneAge), (116 bytes).
    Removing dynamic_tester.o(i.Test3_ThreeThreads_TwoAge), (108 bytes).
    Removing dynamic_tester.o(i.Test3_ThreeThreads_TwoAge_DiffPri), (108 bytes).
    Removing dynamic_tester.o(i.Test4_ManyThreads_DiffPri), (180 bytes).
    Removing dynamic_tester.o(i.high_thread_toggling), (20 bytes).
    Removing dynamic_tester.o(i.higher_stalled_thread), (52 bytes).
    Removing dynamic_tester.o(i.idle), (4 bytes).
    Removing dynamic_tester.o(i.lower_blocking_thread), (80 bytes).
    Removing dynamic_tester.o(i.lower_thread_with_semaphore), (80 bytes).
    Removing dynamic_tester.o(i.middle_thread_blocked), (52 bytes).
    Removing dynamic_tester.o(i.sema_test1_all_capture), (136 bytes).
    Removing dynamic_tester.o(i.sema_test_pmp_basic), (64 bytes).
    Removing dynamic_tester.o(i.sema_test_pmp_moreThreads), (88 bytes).
    Removing dynamic_tester.o(i.sema_thread1), (36 bytes).
    Removing dynamic_tester.o(i.sema_thread2), (36 bytes).
    Removing dynamic_tester.o(i.sema_thread3), (36 bytes).
    Removing dynamic_tester.o(i.sleepy_toggle_periodic_thread), (20 bytes).
    Removing dynamic_tester.o(i.sleepy_toggle_thread), (28 bytes).
    Removing dynamic_tester.o(i.sleepy_toggle_thread_2), (28 bytes).
    Removing dynamic_tester.o(i.testMain1_jitter), (176 bytes).
    Removing dynamic_tester.o(i.testMain2_Jitter_Periodic), (196 bytes).
    Removing adc.o(i.ADC_In), (12 bytes).
    Removing adc.o(i.ADC_Init), (24 bytes).
    Removing tcb.o(i.tcb_mem_free_tcb), (24 bytes).
    Removing timer4a.o(i.Timer4A_Init), (96 bytes).
    Removing timer4a.o(i.Timer4A_Stop), (24 bytes).
    Removing timer5a.o(i.Timer5A_Stop), (24 bytes).
    Removing timer2a.o(i.Timer2A_Init), (96 bytes).
    Removing timer2a.o(i.Timer2A_Stop), (24 bytes).
    Removing timer3a.o(i.Timer3A_Stop), (24 bytes).
    Removing complex_tests.o(i.ButtonWork), (172 bytes).
    Removing complex_tests.o(i.Consumer), (120 bytes).
    Removing complex_tests.o(i.DAS), (52 bytes).
    Removing complex_tests.o(i.Display), (164 bytes).
    Removing complex_tests.o(i.Idle), (72 bytes).
    Removing complex_tests.o(i.PID), (88 bytes).
    Removing complex_tests.o(i.PortD_Init2), (104 bytes).
    Removing complex_tests.o(i.Producer), (52 bytes).
    Removing complex_tests.o(i.SW1Push), (48 bytes).
    Removing complex_tests.o(i.SW2Push), (48 bytes).
    Removing complex_tests.o(i.realmain), (212 bytes).
    Removing complex_tests.o(.bss), (512 bytes).
    Removing complex_tests.o(.data), (46 bytes).
    Removing lpf.o(i.Filter), (200 bytes).
    Removing lpf.o(i.LPF_Calc), (92 bytes).
    Removing lpf.o(i.LPF_Calc2), (92 bytes).
    Removing lpf.o(i.LPF_Calc3), (92 bytes).
    Removing lpf.o(i.LPF_Calc4), (92 bytes).
    Removing lpf.o(i.LPF_Calc5), (92 bytes).
    Removing lpf.o(i.LPF_Calc6), (92 bytes).
    Removing lpf.o(i.LPF_Calc7), (92 bytes).
    Removing lpf.o(i.LPF_Init), (72 bytes).
    Removing lpf.o(i.LPF_Init2), (72 bytes).
    Removing lpf.o(i.LPF_Init3), (72 bytes).
    Removing lpf.o(i.LPF_Init4), (72 bytes).
    Removing lpf.o(i.LPF_Init5), (72 bytes).
    Removing lpf.o(i.LPF_Init6), (72 bytes).
    Removing lpf.o(i.LPF_Init7), (72 bytes).
    Removing lpf.o(i.Median), (128 bytes).
    Removing lpf.o(i.Noise), (136 bytes).
    Removing lpf.o(i.Noise2), (136 bytes).
    Removing lpf.o(i.Noise3), (136 bytes).
    Removing lpf.o(i.Noise4), (136 bytes).
    Removing lpf.o(i.Noise5), (136 bytes).
    Removing lpf.o(i.Noise6), (136 bytes).
    Removing lpf.o(i.Noise7), (136 bytes).
    Removing lpf.o(i.sqrt2), (32 bytes).
    Removing lpf.o(.bss), (496 bytes).
    Removing lpf.o(.data), (156 bytes).
    Removing pid_stm32.o(.text), (72 bytes).
    Removing dadd.o(.text), (334 bytes).
    Removing dmul.o(.text), (228 bytes).
    Removing ddiv.o(.text), (222 bytes).
    Removing dfixul.o(.text), (48 bytes).
    Removing cdrcmple.o(.text), (48 bytes).
    Removing depilogue.o(.text), (186 bytes).

246 unused section(s) (total 25154 bytes) removed from the image.

==============================================================================

Image Symbol Table

    Local Symbols

    Symbol Name                              Value     Ov Type        Size  Object(Section)

    RESET                                    0x00000000   Section      644  startup.o(RESET)
    ../clib/microlib/ctype/ctype.c           0x00000000   Number         0  isxdigit_o.o ABSOLUTE
    ../clib/microlib/ctype/ctype.c           0x00000000   Number         0  isupper_o.o ABSOLUTE
    ../clib/microlib/ctype/ctype.c           0x00000000   Number         0  isspace_o.o ABSOLUTE
    ../clib/microlib/ctype/ctype.c           0x00000000   Number         0  ispunct_o.o ABSOLUTE
    ../clib/microlib/ctype/ctype.c           0x00000000   Number         0  isprint_o.o ABSOLUTE
    ../clib/microlib/ctype/ctype.c           0x00000000   Number         0  islower_o.o ABSOLUTE
    ../clib/microlib/ctype/ctype.c           0x00000000   Number         0  isgraph_o.o ABSOLUTE
    ../clib/microlib/ctype/ctype.c           0x00000000   Number         0  isdigit_o.o ABSOLUTE
    ../clib/microlib/ctype/ctype.c           0x00000000   Number         0  iscntrl_o.o ABSOLUTE
    ../clib/microlib/ctype/ctype.c           0x00000000   Number         0  isblank_o.o ABSOLUTE
    ../clib/microlib/ctype/ctype.c           0x00000000   Number         0  isalpha_o.o ABSOLUTE
    ../clib/microlib/ctype/ctype.c           0x00000000   Number         0  isalnum_o.o ABSOLUTE
    ../clib/microlib/ctype/ctype.c           0x00000000   Number         0  ctype_o.o ABSOLUTE
    ../clib/microlib/division.c              0x00000000   Number         0  uldiv.o ABSOLUTE
    ../clib/microlib/division.c              0x00000000   Number         0  uidiv.o ABSOLUTE
    ../clib/microlib/errno.c                 0x00000000   Number         0  errno.o ABSOLUTE
    ../clib/microlib/init/entry.s            0x00000000   Number         0  entry9a.o ABSOLUTE
    ../clib/microlib/init/entry.s            0x00000000   Number         0  entry11a.o ABSOLUTE
    ../clib/microlib/init/entry.s            0x00000000   Number         0  entry10b.o ABSOLUTE
    ../clib/microlib/init/entry.s            0x00000000   Number         0  entry9b.o ABSOLUTE
    ../clib/microlib/init/entry.s            0x00000000   Number         0  entry.o ABSOLUTE
    ../clib/microlib/init/entry.s            0x00000000   Number         0  entry2.o ABSOLUTE
    ../clib/microlib/init/entry.s            0x00000000   Number         0  entry5.o ABSOLUTE
    ../clib/microlib/init/entry.s            0x00000000   Number         0  entry7a.o ABSOLUTE
    ../clib/microlib/init/entry.s            0x00000000   Number         0  entry7b.o ABSOLUTE
    ../clib/microlib/init/entry.s            0x00000000   Number         0  entry10a.o ABSOLUTE
    ../clib/microlib/init/entry.s            0x00000000   Number         0  entry8a.o ABSOLUTE
    ../clib/microlib/init/entry.s            0x00000000   Number         0  entry8b.o ABSOLUTE
    ../clib/microlib/init/entry.s            0x00000000   Number         0  entry12b.o ABSOLUTE
    ../clib/microlib/init/entry.s            0x00000000   Number         0  entry12a.o ABSOLUTE
    ../clib/microlib/init/entry.s            0x00000000   Number         0  entry11b.o ABSOLUTE
    ../clib/microlib/longlong.c              0x00000000   Number         0  llushr.o ABSOLUTE
    ../clib/microlib/longlong.c              0x00000000   Number         0  llsshr.o ABSOLUTE
    ../clib/microlib/longlong.c              0x00000000   Number         0  llshl.o ABSOLUTE
    ../clib/microlib/printf/printf.c         0x00000000   Number         0  printf5.o ABSOLUTE
    ../clib/microlib/printf/printf.c         0x00000000   Number         0  printf6.o ABSOLUTE
    ../clib/microlib/printf/printf.c         0x00000000   Number         0  printf7.o ABSOLUTE
    ../clib/microlib/printf/printf.c         0x00000000   Number         0  printf8.o ABSOLUTE
    ../clib/microlib/printf/printf.c         0x00000000   Number         0  printfa.o ABSOLUTE
    ../clib/microlib/printf/printf.c         0x00000000   Number         0  printfb.o ABSOLUTE
    ../clib/microlib/printf/printf.c         0x00000000   Number         0  printf0.o ABSOLUTE
    ../clib/microlib/printf/printf.c         0x00000000   Number         0  printf1.o ABSOLUTE
    ../clib/microlib/printf/printf.c         0x00000000   Number         0  printf2.o ABSOLUTE
    ../clib/microlib/printf/printf.c         0x00000000   Number         0  printf3.o ABSOLUTE
    ../clib/microlib/printf/printf.c         0x00000000   Number         0  printf4.o ABSOLUTE
    ../clib/microlib/printf/stubs.s          0x00000000   Number         0  stubs.o ABSOLUTE
    ../clib/microlib/stdio/streams.c         0x00000000   Number         0  stdout.o ABSOLUTE
    ../clib/microlib/string/memset.c         0x00000000   Number         0  memseta.o ABSOLUTE
    ../clib/microlib/string/strcmp.c         0x00000000   Number         0  strcmp.o ABSOLUTE
    ../clib/microlib/string/strcpy.c         0x00000000   Number         0  strcpy.o ABSOLUTE
    ../clib/microlib/string/strlen.c         0x00000000   Number         0  strlen.o ABSOLUTE
    ../clib/microlib/string/strncat.c        0x00000000   Number         0  strncat.o ABSOLUTE
    ../clib/microlib/string/strncpy.c        0x00000000   Number         0  strncpy.o ABSOLUTE
    ../clib/microlib/string/strtok.c         0x00000000   Number         0  strtok.o ABSOLUTE
    ../clib/microlib/string/strtok.c         0x00000000   Number         0  strtok_r.o ABSOLUTE
    ../clib/microlib/stubs.s                 0x00000000   Number         0  iusefp.o ABSOLUTE
    ../clib/scanf.c                          0x00000000   Number         0  strtol.o ABSOLUTE
    ../clib/scanf.c                          0x00000000   Number         0  atoi.o ABSOLUTE
    ../clib/scanf.c                          0x00000000   Number         0  _chval.o ABSOLUTE
    ../clib/scanf.c                          0x00000000   Number         0  _strtoul.o ABSOLUTE
    ../fplib/microlib/fpadd.c                0x00000000   Number         0  dadd.o ABSOLUTE
    ../fplib/microlib/fpdiv.c                0x00000000   Number         0  ddiv.o ABSOLUTE
    ../fplib/microlib/fpepilogue.c           0x00000000   Number         0  depilogue.o ABSOLUTE
    ../fplib/microlib/fpfix.c                0x00000000   Number         0  dfixul.o ABSOLUTE
    ../fplib/microlib/fpmul.c                0x00000000   Number         0  dmul.o ABSOLUTE
    ..\..\lab-3-waa493_mhs2466\inc\LPF.c     0x00000000   Number         0  lpf.o ABSOLUTE
    ..\..\lab-3-waa493_mhs2466\inc\PID_stm32.s 0x00000000   Number         0  pid_stm32.o ABSOLUTE
    ..\RTOS_Labs_common\ADC.c                0x00000000   Number         0  adc.o ABSOLUTE
    ..\RTOS_Labs_common\Interpreter.c        0x00000000   Number         0  interpreter.o ABSOLUTE
    ..\RTOS_Labs_common\OS.c                 0x00000000   Number         0  os.o ABSOLUTE
    ..\RTOS_Labs_common\ST7735.c             0x00000000   Number         0  st7735.o ABSOLUTE
    ..\RTOS_Labs_common\UART0int.c           0x00000000   Number         0  uart0int.o ABSOLUTE
    ..\RTOS_Labs_common\eDisk.c              0x00000000   Number         0  edisk.o ABSOLUTE
    ..\RTOS_Labs_common\efile.c              0x00000000   Number         0  efile.o ABSOLUTE
    ..\RTOS_Labs_common\osasm.s              0x00000000   Number         0  osasm.o ABSOLUTE
    ..\inc\ADCSWTrigger.c                    0x00000000   Number         0  adcswtrigger.o ABSOLUTE
    ..\inc\ADCT0ATrigger.c                   0x00000000   Number         0  adct0atrigger.o ABSOLUTE
    ..\inc\IRDistance.c                      0x00000000   Number         0  irdistance.o ABSOLUTE
    ..\inc\LaunchPad.c                       0x00000000   Number         0  launchpad.o ABSOLUTE
    ..\inc\PLL.c                             0x00000000   Number         0  pll.o ABSOLUTE
    ..\inc\TCB.c                             0x00000000   Number         0  tcb.o ABSOLUTE
    ..\inc\Timer2A.c                         0x00000000   Number         0  timer2a.o ABSOLUTE
    ..\inc\Timer3A.c                         0x00000000   Number         0  timer3a.o ABSOLUTE
    ..\inc\Timer4A.c                         0x00000000   Number         0  timer4a.o ABSOLUTE
    ..\inc\Timer5A.c                         0x00000000   Number         0  timer5a.o ABSOLUTE
    ..\inc\WTimer0A.c                        0x00000000   Number         0  wtimer0a.o ABSOLUTE
    ..\inc\cr4_fft_64_stm32.s                0x00000000   Number         0  cr4_fft_64_stm32.o ABSOLUTE
    Complex_Tests.c                          0x00000000   Number         0  complex_tests.o ABSOLUTE
    Dynamic_tester.c                         0x00000000   Number         0  dynamic_tester.o ABSOLUTE
    cdrcmple.s                               0x00000000   Number         0  cdrcmple.o ABSOLUTE
    dc.s                                     0x00000000   Number         0  dc.o ABSOLUTE
    handlers.s                               0x00000000   Number         0  handlers.o ABSOLUTE
    init.s                                   0x00000000   Number         0  init.o ABSOLUTE
    startup.s                                0x00000000   Number         0  startup.o ABSOLUTE
    .ARM.Collect$$$$00000000                 0x00000284   Section        0  entry.o(.ARM.Collect$$$$00000000)
    .ARM.Collect$$$$00000001                 0x00000284   Section        4  entry2.o(.ARM.Collect$$$$00000001)
    .ARM.Collect$$$$00000004                 0x00000288   Section        4  entry5.o(.ARM.Collect$$$$00000004)
    .ARM.Collect$$$$00000008                 0x0000028c   Section        0  entry7b.o(.ARM.Collect$$$$00000008)
    .ARM.Collect$$$$0000000A                 0x0000028c   Section        0  entry8b.o(.ARM.Collect$$$$0000000A)
    .ARM.Collect$$$$0000000B                 0x0000028c   Section        8  entry9a.o(.ARM.Collect$$$$0000000B)
    .ARM.Collect$$$$0000000E                 0x00000294   Section        4  entry12b.o(.ARM.Collect$$$$0000000E)
    .ARM.Collect$$$$0000000F                 0x00000298   Section        0  entry10a.o(.ARM.Collect$$$$0000000F)
    .ARM.Collect$$$$00000011                 0x00000298   Section        0  entry11a.o(.ARM.Collect$$$$00000011)
    .ARM.Collect$$$$00002712                 0x00000298   Section        4  entry2.o(.ARM.Collect$$$$00002712)
    __lit__00000000                          0x00000298   Data           4  entry2.o(.ARM.Collect$$$$00002712)
    .text                                    0x0000029c   Section       28  startup.o(.text)
    .text                                    0x000002b8   Section      132  osasm.o(.text)
    .text                                    0x0000033c   Section       36  init.o(.text)
    i.ADC0Seq0_Handler                       0x00000360   Section        0  adct0atrigger.o(i.ADC0Seq0_Handler)
    i.ADC0Seq3_Handler                       0x00000384   Section        0  adct0atrigger.o(i.ADC0Seq3_Handler)
    i.CS_Init                                0x000003a0   Section        0  edisk.o(i.CS_Init)
    i.Delay1ms                               0x0000042c   Section        0  st7735.o(i.Delay1ms)
    i.GPIOPortF_Handler                      0x0000044c   Section        0  os.o(i.GPIOPortF_Handler)
    i.GPIOPortF_Init                         0x0000049c   Section        0  os.o(i.GPIOPortF_Init)
    i.OS_AddThread                           0x00000554   Section        0  os.o(i.OS_AddThread)
    i.OS_ClearMsTime                         0x00000618   Section        0  os.o(i.OS_ClearMsTime)
    i.OS_CountMsTime_Timer5_UserTask         0x00000624   Section        0  os.o(i.OS_CountMsTime_Timer5_UserTask)
    i.OS_Increment_Time                      0x000006bc   Section        0  os.o(i.OS_Increment_Time)
    i.OS_Init                                0x000006cc   Section        0  os.o(i.OS_Init)
    i.OS_InitSemaphore                       0x00000730   Section        0  os.o(i.OS_InitSemaphore)
    i.OS_Launch                              0x00000738   Section        0  os.o(i.OS_Launch)
    i.OS_MsTime                              0x00000748   Section        0  os.o(i.OS_MsTime)
    i.OS_Signal                              0x00000754   Section        0  os.o(i.OS_Signal)
    i.OS_StartMsTime                         0x000007e4   Section        0  os.o(i.OS_StartMsTime)
    i.OS_Suspend                             0x000007f0   Section        0  os.o(i.OS_Suspend)
    i.OS_Time                                0x00000848   Section        0  os.o(i.OS_Time)
    i.OS_TimeDifference                      0x0000086c   Section        0  os.o(i.OS_TimeDifference)
    i.OS_Time_Init                           0x00000874   Section        0  os.o(i.OS_Time_Init)
    i.OS_Wait                                0x0000088c   Section        0  os.o(i.OS_Wait)
    i.OS_bSignal                             0x00000964   Section        0  os.o(i.OS_bSignal)
    i.PLL_Init                               0x00000998   Section        0  pll.o(i.PLL_Init)
    i.PortD_Init                             0x00000a14   Section        0  dynamic_tester.o(i.PortD_Init)
    i.RxFifo_Init                            0x00000a7c   Section        0  uart0int.o(i.RxFifo_Init)
    i.RxFifo_Put                             0x00000a90   Section        0  uart0int.o(i.RxFifo_Put)
    i.RxFifo_Size                            0x00000acc   Section        0  uart0int.o(i.RxFifo_Size)
    i.ST7735_FillScreenInit                  0x00000ae4   Section        0  st7735.o(i.ST7735_FillScreenInit)
    i.ST7735_InitR                           0x00000b98   Section        0  st7735.o(i.ST7735_InitR)
    i.ST7735_SetCursor                       0x00000c20   Section        0  st7735.o(i.ST7735_SetCursor)
    i.SetInitialStack                        0x00000c40   Section        0  os.o(i.SetInitialStack)
    i.SysTick_Handler                        0x00000cd8   Section        0  os.o(i.SysTick_Handler)
    i.SysTick_Init                           0x00000ddc   Section        0  os.o(i.SysTick_Init)
    i.Timer2A_Handler                        0x00000df4   Section        0  timer2a.o(i.Timer2A_Handler)
    i.Timer3A_Handler                        0x00000eb0   Section        0  timer3a.o(i.Timer3A_Handler)
    i.Timer3A_Init                           0x00000ec8   Section        0  timer3a.o(i.Timer3A_Init)
    i.Timer4A_Handler                        0x00000f28   Section        0  timer4a.o(i.Timer4A_Handler)
    i.Timer5A_Handler                        0x00000fe4   Section        0  timer5a.o(i.Timer5A_Handler)
    i.Timer5A_Init                           0x00000ffc   Section        0  timer5a.o(i.Timer5A_Init)
    i.TxFifo_Get                             0x0000105c   Section        0  uart0int.o(i.TxFifo_Get)
    i.TxFifo_Init                            0x00001098   Section        0  uart0int.o(i.TxFifo_Init)
    i.TxFifo_Size                            0x000010ac   Section        0  uart0int.o(i.TxFifo_Size)
    i.UART0_Handler                          0x000010c4   Section        0  uart0int.o(i.UART0_Handler)
    i.UART_Init                              0x0000111c   Section        0  uart0int.o(i.UART_Init)
    i.WideTimer0A_Handler                    0x000011fc   Section        0  wtimer0a.o(i.WideTimer0A_Handler)
    i.__scatterload_copy                     0x00001214   Section       14  handlers.o(i.__scatterload_copy)
    i.__scatterload_null                     0x00001222   Section        2  handlers.o(i.__scatterload_null)
    i.__scatterload_zeroinit                 0x00001224   Section       14  handlers.o(i.__scatterload_zeroinit)
    i.add_running_thread                     0x00001234   Section        0  os.o(i.add_running_thread)
    i.check_for_rising_priority              0x00001284   Section        0  os.o(i.check_for_rising_priority)
    i.commandList                            0x000012d4   Section        0  st7735.o(i.commandList)
    commandList                              0x000012d5   Thumb Code    86  st7735.o(i.commandList)
    i.commonInit                             0x0000132c   Section        0  st7735.o(i.commonInit)
    commonInit                               0x0000132d   Thumb Code   346  st7735.o(i.commonInit)
    i.copyHardwareToSoftware                 0x000014b8   Section        0  uart0int.o(i.copyHardwareToSoftware)
    copyHardwareToSoftware                   0x000014b9   Thumb Code    46  uart0int.o(i.copyHardwareToSoftware)
    i.copySoftwareToHardware                 0x000014f0   Section        0  uart0int.o(i.copySoftwareToHardware)
    copySoftwareToHardware                   0x000014f1   Thumb Code    44  uart0int.o(i.copySoftwareToHardware)
    i.deage_thread                           0x00001524   Section        0  os.o(i.deage_thread)
    i.find_next_best_thread_run              0x00001540   Section        0  os.o(i.find_next_best_thread_run)
    i.get_int_disable_time                   0x00001564   Section        0  os.o(i.get_int_disable_time)
    i.main                                   0x000015ac   Section        0  dynamic_tester.o(i.main)
    i.pd0_sema_thread                        0x000015b8   Section        0  dynamic_tester.o(i.pd0_sema_thread)
    i.pd1_sema_thread                        0x000015dc   Section        0  dynamic_tester.o(i.pd1_sema_thread)
    i.pd2_sema_thread                        0x00001600   Section        0  dynamic_tester.o(i.pd2_sema_thread)
    i.pd3_sema_thread                        0x00001624   Section        0  dynamic_tester.o(i.pd3_sema_thread)
    i.pf0_sema_thread                        0x00001648   Section        0  dynamic_tester.o(i.pf0_sema_thread)
    i.pf1_sema_thread                        0x0000166c   Section        0  dynamic_tester.o(i.pf1_sema_thread)
    i.pf2_sema_thread                        0x00001690   Section        0  dynamic_tester.o(i.pf2_sema_thread)
    i.pf3_sema_thread                        0x000016b4   Section        0  dynamic_tester.o(i.pf3_sema_thread)
    i.remove_running_thread                  0x000016d8   Section        0  os.o(i.remove_running_thread)
    i.setAddrWindow                          0x00001714   Section        0  st7735.o(i.setAddrWindow)
    setAddrWindow                            0x00001715   Thumb Code   106  st7735.o(i.setAddrWindow)
    i.set_int_disable_time                   0x00001788   Section        0  os.o(i.set_int_disable_time)
    i.tcb_mem_get_tcb                        0x00001798   Section        0  tcb.o(i.tcb_mem_get_tcb)
    i.tcb_mem_init                           0x00001810   Section        0  tcb.o(i.tcb_mem_init)
    i.testMain3_semaCaptures                 0x0000181c   Section        0  dynamic_tester.o(i.testMain3_semaCaptures)
    i.writecommand                           0x00001908   Section        0  st7735.o(i.writecommand)
    writecommand                             0x00001909   Thumb Code    68  st7735.o(i.writecommand)
    i.writedata                              0x00001958   Section        0  st7735.o(i.writedata)
    writedata                                0x00001959   Thumb Code    70  st7735.o(i.writedata)
    .constdata                               0x000019ac   Section        4  os.o(.constdata)
    .constdata                               0x000019b0   Section     2114  st7735.o(.constdata)
    Font                                     0x000019b0   Data        1275  st7735.o(.constdata)
    Bcmd                                     0x00001eab   Data         103  st7735.o(.constdata)
    Rcmd1                                    0x00001f12   Data          59  st7735.o(.constdata)
    Rcmd2green                               0x00001f4d   Data          13  st7735.o(.constdata)
    Rcmd2red                                 0x00001f5a   Data          13  st7735.o(.constdata)
    Rcmd3                                    0x00001f67   Data          43  st7735.o(.constdata)
    .data                                    0x20000000   Section       76  os.o(.data)
    .data                                    0x2000004c   Section       44  st7735.o(.data)
    ColStart                                 0x20000056   Data           1  st7735.o(.data)
    RowStart                                 0x20000057   Data           1  st7735.o(.data)
    Rotation                                 0x20000058   Data           1  st7735.o(.data)
    TabColor                                 0x20000059   Data           1  st7735.o(.data)
    _width                                   0x2000005a   Data           2  st7735.o(.data)
    _height                                  0x2000005c   Data           2  st7735.o(.data)
    .data                                    0x20000078   Section        8  adct0atrigger.o(.data)
    .data                                    0x20000080   Section        4  wtimer0a.o(.data)
    .data                                    0x20000084   Section       16  uart0int.o(.data)
    .data                                    0x20000094   Section       20  dynamic_tester.o(.data)
    .data                                    0x200000a8   Section        4  tcb.o(.data)
    .data                                    0x200000ac   Section       12  timer4a.o(.data)
    .data                                    0x200000b8   Section        4  timer5a.o(.data)
    .data                                    0x200000bc   Section       12  timer2a.o(.data)
    .data                                    0x200000c8   Section        4  timer3a.o(.data)
    .bss                                     0x200000cc   Section      968  os.o(.bss)
    .bss                                     0x20000494   Section       24  st7735.o(.bss)
    .bss                                     0x200004ac   Section     2072  uart0int.o(.bss)
    RxFifo                                   0x200004ac   Data        1024  uart0int.o(.bss)
    TxFifo                                   0x200008ac   Data        1024  uart0int.o(.bss)
    .bss                                     0x20000cc4   Section       36  dynamic_tester.o(.bss)
    .bss                                     0x20000ce8   Section     5600  tcb.o(.bss)
    STACK                                    0x200022c8   Section     1024  startup.o(STACK)
    StackMem                                 0x200022c8   Data           0  startup.o(STACK)

    Global Symbols

    Symbol Name                              Value     Ov Type        Size  Object(Section)

    BuildAttributes$$THM_ISAv4$E$P$D$K$B$S$7EM$PE$A:L22UL41UL21$X:L11$S22US41US21$IEEE1$IW$USESV6$~STKCKD$USESV7$~SHL$OSPACE$ROPI$EBA8$MICROLIB$REQ8$PRES8$EABIv2 0x00000000   Number         0  anon$$obj.o ABSOLUTE
    __ARM_use_no_argv                        0x00000000   Number         0  dynamic_tester.o ABSOLUTE
    __Vectors                                0x00000000   Data           0  startup.o(RESET)
    _printf_a                                0x00000000   Number         0  stubs.o ABSOLUTE
    _printf_c                                0x00000000   Number         0  stubs.o ABSOLUTE
    _printf_charcount                        0x00000000   Number         0  stubs.o ABSOLUTE
    _printf_d                                0x00000000   Number         0  stubs.o ABSOLUTE
    _printf_e                                0x00000000   Number         0  stubs.o ABSOLUTE
    _printf_f                                0x00000000   Number         0  stubs.o ABSOLUTE
    _printf_flags                            0x00000000   Number         0  stubs.o ABSOLUTE
    _printf_fp_dec                           0x00000000   Number         0  stubs.o ABSOLUTE
    _printf_fp_hex                           0x00000000   Number         0  stubs.o ABSOLUTE
    _printf_g                                0x00000000   Number         0  stubs.o ABSOLUTE
    _printf_i                                0x00000000   Number         0  stubs.o ABSOLUTE
    _printf_int_dec                          0x00000000   Number         0  stubs.o ABSOLUTE
    _printf_l                                0x00000000   Number         0  stubs.o ABSOLUTE
    _printf_lc                               0x00000000   Number         0  stubs.o ABSOLUTE
    _printf_ll                               0x00000000   Number         0  stubs.o ABSOLUTE
    _printf_lld                              0x00000000   Number         0  stubs.o ABSOLUTE
    _printf_lli                              0x00000000   Number         0  stubs.o ABSOLUTE
    _printf_llo                              0x00000000   Number         0  stubs.o ABSOLUTE
    _printf_llu                              0x00000000   Number         0  stubs.o ABSOLUTE
    _printf_llx                              0x00000000   Number         0  stubs.o ABSOLUTE
    _printf_longlong_dec                     0x00000000   Number         0  stubs.o ABSOLUTE
    _printf_longlong_hex                     0x00000000   Number         0  stubs.o ABSOLUTE
    _printf_longlong_oct                     0x00000000   Number         0  stubs.o ABSOLUTE
    _printf_ls                               0x00000000   Number         0  stubs.o ABSOLUTE
    _printf_mbtowc                           0x00000000   Number         0  stubs.o ABSOLUTE
    _printf_n                                0x00000000   Number         0  stubs.o ABSOLUTE
    _printf_o                                0x00000000   Number         0  stubs.o ABSOLUTE
    _printf_p                                0x00000000   Number         0  stubs.o ABSOLUTE
    _printf_percent                          0x00000000   Number         0  stubs.o ABSOLUTE
    _printf_pre_padding                      0x00000000   Number         0  stubs.o ABSOLUTE
    _printf_return_value                     0x00000000   Number         0  stubs.o ABSOLUTE
    _printf_s                                0x00000000   Number         0  stubs.o ABSOLUTE
    _printf_sizespec                         0x00000000   Number         0  stubs.o ABSOLUTE
    _printf_str                              0x00000000   Number         0  stubs.o ABSOLUTE
    _printf_truncate_signed                  0x00000000   Number         0  stubs.o ABSOLUTE
    _printf_truncate_unsigned                0x00000000   Number         0  stubs.o ABSOLUTE
    _printf_u                                0x00000000   Number         0  stubs.o ABSOLUTE
    _printf_wc                               0x00000000   Number         0  stubs.o ABSOLUTE
    _printf_wctomb                           0x00000000   Number         0  stubs.o ABSOLUTE
    _printf_widthprec                        0x00000000   Number         0  stubs.o ABSOLUTE
    _printf_x                                0x00000000   Number         0  stubs.o ABSOLUTE
    __arm_fini_                               - Undefined Weak Reference
    __cpp_initialize__aeabi_                  - Undefined Weak Reference
    __cxa_finalize                            - Undefined Weak Reference
    __decompress                              - Undefined Weak Reference
    _clock_init                               - Undefined Weak Reference
    _microlib_exit                            - Undefined Weak Reference
    Reset_Handler                            0x0000026d   Thumb Code     0  startup.o(RESET)
    NMI_Handler                              0x00000271   Thumb Code     2  startup.o(RESET)
    HardFault_Handler                        0x00000273   Thumb Code     2  startup.o(RESET)
    MemManage_Handler                        0x00000275   Thumb Code     2  startup.o(RESET)
    BusFault_Handler                         0x00000277   Thumb Code     2  startup.o(RESET)
    UsageFault_Handler                       0x00000279   Thumb Code     2  startup.o(RESET)
    DebugMon_Handler                         0x0000027d   Thumb Code     2  startup.o(RESET)
    ADC0Seq1_Handler                         0x00000283   Thumb Code     0  startup.o(RESET)
    ADC0Seq2_Handler                         0x00000283   Thumb Code     0  startup.o(RESET)
    ADC1Seq0_Handler                         0x00000283   Thumb Code     0  startup.o(RESET)
    ADC1Seq1_Handler                         0x00000283   Thumb Code     0  startup.o(RESET)
    ADC1Seq2_Handler                         0x00000283   Thumb Code     0  startup.o(RESET)
    ADC1Seq3_Handler                         0x00000283   Thumb Code     0  startup.o(RESET)
    CAN0_Handler                             0x00000283   Thumb Code     0  startup.o(RESET)
    CAN1_Handler                             0x00000283   Thumb Code     0  startup.o(RESET)
    CAN2_Handler                             0x00000283   Thumb Code     0  startup.o(RESET)
    Comp0_Handler                            0x00000283   Thumb Code     0  startup.o(RESET)
    Comp1_Handler                            0x00000283   Thumb Code     0  startup.o(RESET)
    Comp2_Handler                            0x00000283   Thumb Code     0  startup.o(RESET)
    Ethernet_Handler                         0x00000283   Thumb Code     0  startup.o(RESET)
    ExtBus_Handler                           0x00000283   Thumb Code     0  startup.o(RESET)
    FPU_Handler                              0x00000283   Thumb Code     0  startup.o(RESET)
    Fan0_Handler                             0x00000283   Thumb Code     0  startup.o(RESET)
    FlashCtl_Handler                         0x00000283   Thumb Code     0  startup.o(RESET)
    GPIOPortA_Handler                        0x00000283   Thumb Code     0  startup.o(RESET)
    GPIOPortB_Handler                        0x00000283   Thumb Code     0  startup.o(RESET)
    GPIOPortC_Handler                        0x00000283   Thumb Code     0  startup.o(RESET)
    GPIOPortD_Handler                        0x00000283   Thumb Code     0  startup.o(RESET)
    GPIOPortE_Handler                        0x00000283   Thumb Code     0  startup.o(RESET)
    GPIOPortG_Handler                        0x00000283   Thumb Code     0  startup.o(RESET)
    GPIOPortH_Handler                        0x00000283   Thumb Code     0  startup.o(RESET)
    GPIOPortJ_Handler                        0x00000283   Thumb Code     0  startup.o(RESET)
    GPIOPortK_Handler                        0x00000283   Thumb Code     0  startup.o(RESET)
    GPIOPortL_Handler                        0x00000283   Thumb Code     0  startup.o(RESET)
    GPIOPortM_Handler                        0x00000283   Thumb Code     0  startup.o(RESET)
    GPIOPortN_Handler                        0x00000283   Thumb Code     0  startup.o(RESET)
    GPIOPortP1_Handler                       0x00000283   Thumb Code     0  startup.o(RESET)
    GPIOPortP2_Handler                       0x00000283   Thumb Code     0  startup.o(RESET)
    GPIOPortP3_Handler                       0x00000283   Thumb Code     0  startup.o(RESET)
    GPIOPortP4_Handler                       0x00000283   Thumb Code     0  startup.o(RESET)
    GPIOPortP5_Handler                       0x00000283   Thumb Code     0  startup.o(RESET)
    GPIOPortP6_Handler                       0x00000283   Thumb Code     0  startup.o(RESET)
    GPIOPortP7_Handler                       0x00000283   Thumb Code     0  startup.o(RESET)
    GPIOPortP_Handler                        0x00000283   Thumb Code     0  startup.o(RESET)
    GPIOPortQ1_Handler                       0x00000283   Thumb Code     0  startup.o(RESET)
    GPIOPortQ2_Handler                       0x00000283   Thumb Code     0  startup.o(RESET)
    GPIOPortQ3_Handler                       0x00000283   Thumb Code     0  startup.o(RESET)
    GPIOPortQ4_Handler                       0x00000283   Thumb Code     0  startup.o(RESET)
    GPIOPortQ5_Handler                       0x00000283   Thumb Code     0  startup.o(RESET)
    GPIOPortQ6_Handler                       0x00000283   Thumb Code     0  startup.o(RESET)
    GPIOPortQ7_Handler                       0x00000283   Thumb Code     0  startup.o(RESET)
    GPIOPortQ_Handler                        0x00000283   Thumb Code     0  startup.o(RESET)
    GPIOPortR_Handler                        0x00000283   Thumb Code     0  startup.o(RESET)
    GPIOPortS_Handler                        0x00000283   Thumb Code     0  startup.o(RESET)
    Hibernate_Handler                        0x00000283   Thumb Code     0  startup.o(RESET)
    I2C0_Handler                             0x00000283   Thumb Code     0  startup.o(RESET)
    I2C1_Handler                             0x00000283   Thumb Code     0  startup.o(RESET)
    I2C2_Handler                             0x00000283   Thumb Code     0  startup.o(RESET)
    I2C3_Handler                             0x00000283   Thumb Code     0  startup.o(RESET)
    I2C4_Handler                             0x00000283   Thumb Code     0  startup.o(RESET)
    I2C5_Handler                             0x00000283   Thumb Code     0  startup.o(RESET)
    I2S0_Handler                             0x00000283   Thumb Code     0  startup.o(RESET)
    LPC0_Handler                             0x00000283   Thumb Code     0  startup.o(RESET)
    PECI0_Handler                            0x00000283   Thumb Code     0  startup.o(RESET)
    PWM0Fault_Handler                        0x00000283   Thumb Code     0  startup.o(RESET)
    PWM0Generator0_Handler                   0x00000283   Thumb Code     0  startup.o(RESET)
    PWM0Generator1_Handler                   0x00000283   Thumb Code     0  startup.o(RESET)
    PWM0Generator2_Handler                   0x00000283   Thumb Code     0  startup.o(RESET)
    PWM0Generator3_Handler                   0x00000283   Thumb Code     0  startup.o(RESET)
    PWM1Fault_Handler                        0x00000283   Thumb Code     0  startup.o(RESET)
    PWM1Generator0_Handler                   0x00000283   Thumb Code     0  startup.o(RESET)
    PWM1Generator1_Handler                   0x00000283   Thumb Code     0  startup.o(RESET)
    PWM1Generator2_Handler                   0x00000283   Thumb Code     0  startup.o(RESET)
    PWM1Generator3_Handler                   0x00000283   Thumb Code     0  startup.o(RESET)
    Quadrature0_Handler                      0x00000283   Thumb Code     0  startup.o(RESET)
    Quadrature1_Handler                      0x00000283   Thumb Code     0  startup.o(RESET)
    Quadrature2_Handler                      0x00000283   Thumb Code     0  startup.o(RESET)
    SSI0_Handler                             0x00000283   Thumb Code     0  startup.o(RESET)
    SSI1_Handler                             0x00000283   Thumb Code     0  startup.o(RESET)
    SSI2_Handler                             0x00000283   Thumb Code     0  startup.o(RESET)
    SSI3_Handler                             0x00000283   Thumb Code     0  startup.o(RESET)
    SysCtl_Handler                           0x00000283   Thumb Code     0  startup.o(RESET)
    Timer0A_Handler                          0x00000283   Thumb Code     0  startup.o(RESET)
    Timer0B_Handler                          0x00000283   Thumb Code     0  startup.o(RESET)
    Timer1A_Handler                          0x00000283   Thumb Code     0  startup.o(RESET)
    Timer1B_Handler                          0x00000283   Thumb Code     0  startup.o(RESET)
    Timer2B_Handler                          0x00000283   Thumb Code     0  startup.o(RESET)
    Timer3B_Handler                          0x00000283   Thumb Code     0  startup.o(RESET)
    Timer4B_Handler                          0x00000283   Thumb Code     0  startup.o(RESET)
    Timer5B_Handler                          0x00000283   Thumb Code     0  startup.o(RESET)
    UART1_Handler                            0x00000283   Thumb Code     0  startup.o(RESET)
    UART2_Handler                            0x00000283   Thumb Code     0  startup.o(RESET)
    UART3_Handler                            0x00000283   Thumb Code     0  startup.o(RESET)
    UART4_Handler                            0x00000283   Thumb Code     0  startup.o(RESET)
    UART5_Handler                            0x00000283   Thumb Code     0  startup.o(RESET)
    UART6_Handler                            0x00000283   Thumb Code     0  startup.o(RESET)
    UART7_Handler                            0x00000283   Thumb Code     0  startup.o(RESET)
    USB0_Handler                             0x00000283   Thumb Code     0  startup.o(RESET)
    WDT_Handler                              0x00000283   Thumb Code     0  startup.o(RESET)
    WideTimer0B_Handler                      0x00000283   Thumb Code     0  startup.o(RESET)
    WideTimer1A_Handler                      0x00000283   Thumb Code     0  startup.o(RESET)
    WideTimer1B_Handler                      0x00000283   Thumb Code     0  startup.o(RESET)
    WideTimer2A_Handler                      0x00000283   Thumb Code     0  startup.o(RESET)
    WideTimer2B_Handler                      0x00000283   Thumb Code     0  startup.o(RESET)
    WideTimer3A_Handler                      0x00000283   Thumb Code     0  startup.o(RESET)
    WideTimer3B_Handler                      0x00000283   Thumb Code     0  startup.o(RESET)
    WideTimer4A_Handler                      0x00000283   Thumb Code     0  startup.o(RESET)
    WideTimer4B_Handler                      0x00000283   Thumb Code     0  startup.o(RESET)
    WideTimer5A_Handler                      0x00000283   Thumb Code     0  startup.o(RESET)
    WideTimer5B_Handler                      0x00000283   Thumb Code     0  startup.o(RESET)
    uDMA_Error                               0x00000283   Thumb Code     0  startup.o(RESET)
    uDMA_Handler                             0x00000283   Thumb Code     0  startup.o(RESET)
    __main                                   0x00000285   Thumb Code     0  entry.o(.ARM.Collect$$$$00000000)
    _main_stk                                0x00000285   Thumb Code     0  entry2.o(.ARM.Collect$$$$00000001)
    _main_scatterload                        0x00000289   Thumb Code     0  entry5.o(.ARM.Collect$$$$00000004)
    __main_after_scatterload                 0x0000028d   Thumb Code     0  entry5.o(.ARM.Collect$$$$00000004)
    _main_clock                              0x0000028d   Thumb Code     0  entry7b.o(.ARM.Collect$$$$00000008)
    _main_cpp_init                           0x0000028d   Thumb Code     0  entry8b.o(.ARM.Collect$$$$0000000A)
    _main_init                               0x0000028d   Thumb Code     0  entry9a.o(.ARM.Collect$$$$0000000B)
    __rt_lib_shutdown_fini                   0x00000295   Thumb Code     0  entry12b.o(.ARM.Collect$$$$0000000E)
    __rt_final_cpp                           0x00000299   Thumb Code     0  entry10a.o(.ARM.Collect$$$$0000000F)
    __rt_final_exit                          0x00000299   Thumb Code     0  entry11a.o(.ARM.Collect$$$$00000011)
    DisableInterrupts                        0x0000029d   Thumb Code     0  startup.o(.text)
    EnableInterrupts                         0x000002a1   Thumb Code     0  startup.o(.text)
    StartCritical                            0x000002a5   Thumb Code     0  startup.o(.text)
    EndCritical                              0x000002ad   Thumb Code     0  startup.o(.text)
    WaitForInterrupt                         0x000002b3   Thumb Code     0  startup.o(.text)
    StartOS                                  0x000002b9   Thumb Code     0  osasm.o(.text)
    ContextSwitch                            0x000002eb   Thumb Code     0  osasm.o(.text)
    PendSV_Handler                           0x000002f5   Thumb Code     0  osasm.o(.text)
    SVC_Handler                              0x00000329   Thumb Code     0  osasm.o(.text)
    __scatterload                            0x0000033d   Thumb Code    28  init.o(.text)
    __scatterload_rt2                        0x0000033d   Thumb Code     0  init.o(.text)
    ADC0Seq0_Handler                         0x00000361   Thumb Code    26  adct0atrigger.o(i.ADC0Seq0_Handler)
    ADC0Seq3_Handler                         0x00000385   Thumb Code    18  adct0atrigger.o(i.ADC0Seq3_Handler)
    CS_Init                                  0x000003a1   Thumb Code   118  edisk.o(i.CS_Init)
    Delay1ms                                 0x0000042d   Thumb Code    32  st7735.o(i.Delay1ms)
    GPIOPortF_Handler                        0x0000044d   Thumb Code    68  os.o(i.GPIOPortF_Handler)
    GPIOPortF_Init                           0x0000049d   Thumb Code   166  os.o(i.GPIOPortF_Init)
    OS_AddThread                             0x00000555   Thumb Code   186  os.o(i.OS_AddThread)
    OS_ClearMsTime                           0x00000619   Thumb Code     8  os.o(i.OS_ClearMsTime)
    OS_CountMsTime_Timer5_UserTask           0x00000625   Thumb Code   132  os.o(i.OS_CountMsTime_Timer5_UserTask)
    OS_Increment_Time                        0x000006bd   Thumb Code    12  os.o(i.OS_Increment_Time)
    OS_Init                                  0x000006cd   Thumb Code    78  os.o(i.OS_Init)
    OS_InitSemaphore                         0x00000731   Thumb Code     8  os.o(i.OS_InitSemaphore)
    OS_Launch                                0x00000739   Thumb Code    16  os.o(i.OS_Launch)
    OS_MsTime                                0x00000749   Thumb Code     6  os.o(i.OS_MsTime)
    OS_Signal                                0x00000755   Thumb Code   138  os.o(i.OS_Signal)
    OS_StartMsTime                           0x000007e5   Thumb Code     8  os.o(i.OS_StartMsTime)
    OS_Suspend                               0x000007f1   Thumb Code    84  os.o(i.OS_Suspend)
    OS_Time                                  0x00000849   Thumb Code    24  os.o(i.OS_Time)
    OS_TimeDifference                        0x0000086d   Thumb Code     6  os.o(i.OS_TimeDifference)
    OS_Time_Init                             0x00000875   Thumb Code    14  os.o(i.OS_Time_Init)
    OS_Wait                                  0x0000088d   Thumb Code   212  os.o(i.OS_Wait)
    OS_bSignal                               0x00000965   Thumb Code    52  os.o(i.OS_bSignal)
    PLL_Init                                 0x00000999   Thumb Code   120  pll.o(i.PLL_Init)
    PortD_Init                               0x00000a15   Thumb Code    88  dynamic_tester.o(i.PortD_Init)
    RxFifo_Init                              0x00000a7d   Thumb Code    12  uart0int.o(i.RxFifo_Init)
    RxFifo_Put                               0x00000a91   Thumb Code    48  uart0int.o(i.RxFifo_Put)
    RxFifo_Size                              0x00000acd   Thumb Code    14  uart0int.o(i.RxFifo_Size)
    ST7735_FillScreenInit                    0x00000ae5   Thumb Code   168  st7735.o(i.ST7735_FillScreenInit)
    ST7735_InitR                             0x00000b99   Thumb Code    98  st7735.o(i.ST7735_InitR)
    ST7735_SetCursor                         0x00000c21   Thumb Code    22  st7735.o(i.ST7735_SetCursor)
    SetInitialStack                          0x00000c41   Thumb Code   150  os.o(i.SetInitialStack)
    SysTick_Handler                          0x00000cd9   Thumb Code   248  os.o(i.SysTick_Handler)
    SysTick_Init                             0x00000ddd   Thumb Code    22  os.o(i.SysTick_Init)
    Timer2A_Handler                          0x00000df5   Thumb Code   156  timer2a.o(i.Timer2A_Handler)
    Timer3A_Handler                          0x00000eb1   Thumb Code    16  timer3a.o(i.Timer3A_Handler)
    Timer3A_Init                             0x00000ec9   Thumb Code    74  timer3a.o(i.Timer3A_Init)
    Timer4A_Handler                          0x00000f29   Thumb Code   156  timer4a.o(i.Timer4A_Handler)
    Timer5A_Handler                          0x00000fe5   Thumb Code    16  timer5a.o(i.Timer5A_Handler)
    Timer5A_Init                             0x00000ffd   Thumb Code    76  timer5a.o(i.Timer5A_Init)
    TxFifo_Get                               0x0000105d   Thumb Code    46  uart0int.o(i.TxFifo_Get)
    TxFifo_Init                              0x00001099   Thumb Code    12  uart0int.o(i.TxFifo_Init)
    TxFifo_Size                              0x000010ad   Thumb Code    14  uart0int.o(i.TxFifo_Size)
    UART0_Handler                            0x000010c5   Thumb Code    82  uart0int.o(i.UART0_Handler)
    UART_Init                                0x0000111d   Thumb Code   192  uart0int.o(i.UART_Init)
    WideTimer0A_Handler                      0x000011fd   Thumb Code    16  wtimer0a.o(i.WideTimer0A_Handler)
    __scatterload_copy                       0x00001215   Thumb Code    14  handlers.o(i.__scatterload_copy)
    __scatterload_null                       0x00001223   Thumb Code     2  handlers.o(i.__scatterload_null)
    __scatterload_zeroinit                   0x00001225   Thumb Code    14  handlers.o(i.__scatterload_zeroinit)
    add_running_thread                       0x00001235   Thumb Code    70  os.o(i.add_running_thread)
    check_for_rising_priority                0x00001285   Thumb Code    72  os.o(i.check_for_rising_priority)
    deage_thread                             0x00001525   Thumb Code    26  os.o(i.deage_thread)
    find_next_best_thread_run                0x00001541   Thumb Code    30  os.o(i.find_next_best_thread_run)
    get_int_disable_time                     0x00001565   Thumb Code    56  os.o(i.get_int_disable_time)
    main                                     0x000015ad   Thumb Code    10  dynamic_tester.o(i.main)
    pd0_sema_thread                          0x000015b9   Thumb Code    28  dynamic_tester.o(i.pd0_sema_thread)
    pd1_sema_thread                          0x000015dd   Thumb Code    28  dynamic_tester.o(i.pd1_sema_thread)
    pd2_sema_thread                          0x00001601   Thumb Code    28  dynamic_tester.o(i.pd2_sema_thread)
    pd3_sema_thread                          0x00001625   Thumb Code    28  dynamic_tester.o(i.pd3_sema_thread)
    pf0_sema_thread                          0x00001649   Thumb Code    28  dynamic_tester.o(i.pf0_sema_thread)
    pf1_sema_thread                          0x0000166d   Thumb Code    28  dynamic_tester.o(i.pf1_sema_thread)
    pf2_sema_thread                          0x00001691   Thumb Code    28  dynamic_tester.o(i.pf2_sema_thread)
    pf3_sema_thread                          0x000016b5   Thumb Code    28  dynamic_tester.o(i.pf3_sema_thread)
    remove_running_thread                    0x000016d9   Thumb Code    56  os.o(i.remove_running_thread)
    set_int_disable_time                     0x00001789   Thumb Code    12  os.o(i.set_int_disable_time)
    tcb_mem_get_tcb                          0x00001799   Thumb Code   106  tcb.o(i.tcb_mem_get_tcb)
    tcb_mem_init                             0x00001811   Thumb Code     8  tcb.o(i.tcb_mem_init)
    testMain3_semaCaptures                   0x0000181d   Thumb Code   192  dynamic_tester.o(i.testMain3_semaCaptures)
    JitterSize                               0x000019ac   Data           4  os.o(.constdata)
    smallCircle                              0x00001f92   Data          36  st7735.o(.constdata)
    circle                                   0x00001fb6   Data          60  st7735.o(.constdata)
    dBfs                                     0x00001ff2   Data         512  st7735.o(.constdata)
    Region$$Table$$Base                      0x000021f4   Number         0  anon$$obj.o(Region$$Table)
    Region$$Table$$Limit                     0x00002214   Number         0  anon$$obj.o(Region$$Table)
    MaxJitter                                0x20000000   Data           4  os.o(.data)
    MaxJitter4A                              0x20000004   Data           4  os.o(.data)
    MaxJitter2A                              0x20000008   Data           4  os.o(.data)
    NumThreadsCreated                        0x2000000c   Data           4  os.o(.data)
    SystemMSCounter                          0x20000010   Data           4  os.o(.data)
    MalleableMSCounter                       0x20000014   Data           4  os.o(.data)
    higher_pri_thread_added_flag             0x20000018   Data           1  os.o(.data)
    int_max_disable_time                     0x2000001c   Data           4  os.o(.data)
    int_total_disable_time                   0x20000020   Data           4  os.o(.data)
    int_last_disable_time                    0x20000024   Data           4  os.o(.data)
    current_thread_ptr                       0x20000028   Data           4  os.o(.data)
    sleep_list_head                          0x2000002c   Data           4  os.o(.data)
    Timer4Used                               0x20000030   Data           1  os.o(.data)
    Timer2Used                               0x20000031   Data           1  os.o(.data)
    SW1_Task                                 0x20000034   Data           4  os.o(.data)
    SW2_Task                                 0x20000038   Data           4  os.o(.data)
    read_index                               0x2000003c   Data           1  os.o(.data)
    write_index                              0x2000003d   Data           1  os.o(.data)
    MailBoxData                              0x20000040   Data           4  os.o(.data)
    MalleableMsFlag                          0x20000044   Data           1  os.o(.data)
    StreamToDevice                           0x20000048   Data           4  os.o(.data)
    StX                                      0x2000004c   Data           4  st7735.o(.data)
    StY                                      0x20000050   Data           4  st7735.o(.data)
    StTextColor                              0x20000054   Data           2  st7735.o(.data)
    Messageindex                             0x20000060   Data           4  st7735.o(.data)
    Ymax                                     0x20000064   Data           4  st7735.o(.data)
    Ymin                                     0x20000068   Data           4  st7735.o(.data)
    X                                        0x2000006c   Data           4  st7735.o(.data)
    Yrange                                   0x20000070   Data           4  st7735.o(.data)
    lastj                                    0x20000074   Data           4  st7735.o(.data)
    ADCTask                                  0x20000078   Data           4  adct0atrigger.o(.data)
    PD3data                                  0x2000007c   Data           4  adct0atrigger.o(.data)
    WidePeriodicTask0                        0x20000080   Data           4  wtimer0a.o(.data)
    RxPutI                                   0x20000084   Data           4  uart0int.o(.data)
    RxGetI                                   0x20000088   Data           4  uart0int.o(.data)
    TxPutI                                   0x2000008c   Data           4  uart0int.o(.data)
    TxGetI                                   0x20000090   Data           4  uart0int.o(.data)
    NumCreated                               0x20000094   Data           4  dynamic_tester.o(.data)
    count1                                   0x20000098   Data           4  dynamic_tester.o(.data)
    count2                                   0x2000009c   Data           4  dynamic_tester.o(.data)
    count3                                   0x200000a0   Data           4  dynamic_tester.o(.data)
    error                                    0x200000a4   Data           4  dynamic_tester.o(.data)
    tcb_memory_management                    0x200000a8   Data           4  tcb.o(.data)
    TaskStarted4A                            0x200000ac   Data           4  timer4a.o(.data)
    LastTime4A                               0x200000b0   Data           4  timer4a.o(.data)
    PeriodicTask4                            0x200000b4   Data           4  timer4a.o(.data)
    PeriodicTask5                            0x200000b8   Data           4  timer5a.o(.data)
    TaskStarted2A                            0x200000bc   Data           4  timer2a.o(.data)
    LastTime2A                               0x200000c0   Data           4  timer2a.o(.data)
    PeriodicTask2                            0x200000c4   Data           4  timer2a.o(.data)
    PeriodicTask3                            0x200000c8   Data           4  timer3a.o(.data)
    JitterHistogram                          0x200000cc   Data         256  os.o(.bss)
    JitterHistogram4A                        0x200001cc   Data         256  os.o(.bss)
    JitterHistogram2A                        0x200002cc   Data         256  os.o(.bss)
    RunningPtrs                              0x200003cc   Data          24  os.o(.bss)
    FIFO_sema_room_avail                     0x200003e4   Data          12  os.o(.bss)
    FIFO_sema_data_avail                     0x200003f0   Data          12  os.o(.bss)
    FIFO                                     0x200003fc   Data         128  os.o(.bss)
    MailBox_Free                             0x2000047c   Data          12  os.o(.bss)
    MailBox_DataAvailable                    0x20000488   Data          12  os.o(.bss)
    LCDFree                                  0x20000494   Data          12  st7735.o(.bss)
    Message                                  0x200004a0   Data          12  st7735.o(.bss)
    RxDataAvailable                          0x20000cac   Data          12  uart0int.o(.bss)
    TxRoomLeft                               0x20000cb8   Data          12  uart0int.o(.bss)
    simple_sema                              0x20000cc4   Data          12  dynamic_tester.o(.bss)
    pmp_test_sema                            0x20000cd0   Data          12  dynamic_tester.o(.bss)
    single_sema                              0x20000cdc   Data          12  dynamic_tester.o(.bss)
    tcb_memory_pool                          0x20000ce8   Data         480  tcb.o(.bss)
    stack_memory                             0x20000ec8   Data        5120  tcb.o(.bss)
    __initial_sp                             0x200026c8   Data           0  startup.o(STACK)



==============================================================================

Memory Map of the image

  Image Entry point : 0x0000026d

  Load Region LR_1 (Base: 0x00000000, Size: 0x000022e0, Max: 0xffffffff, ABSOLUTE)

    Execution Region ER_RO (Exec base: 0x00000000, Load base: 0x00000000, Size: 0x00002214, Max: 0xffffffff, ABSOLUTE)

    Exec Addr    Load Addr    Size         Type   Attr      Idx    E Section Name        Object

    0x00000000   0x00000000   0x00000284   Code   RO            3  * RESET               startup.o
    0x00000284   0x00000284   0x00000000   Code   RO         2108  * .ARM.Collect$$$$00000000  mc_w.l(entry.o)
    0x00000284   0x00000284   0x00000004   Code   RO         2392    .ARM.Collect$$$$00000001  mc_w.l(entry2.o)
    0x00000288   0x00000288   0x00000004   Code   RO         2395    .ARM.Collect$$$$00000004  mc_w.l(entry5.o)
    0x0000028c   0x0000028c   0x00000000   Code   RO         2397    .ARM.Collect$$$$00000008  mc_w.l(entry7b.o)
    0x0000028c   0x0000028c   0x00000000   Code   RO         2399    .ARM.Collect$$$$0000000A  mc_w.l(entry8b.o)
    0x0000028c   0x0000028c   0x00000008   Code   RO         2400    .ARM.Collect$$$$0000000B  mc_w.l(entry9a.o)
    0x00000294   0x00000294   0x00000004   Code   RO         2407    .ARM.Collect$$$$0000000E  mc_w.l(entry12b.o)
    0x00000298   0x00000298   0x00000000   Code   RO         2402    .ARM.Collect$$$$0000000F  mc_w.l(entry10a.o)
    0x00000298   0x00000298   0x00000000   Code   RO         2404    .ARM.Collect$$$$00000011  mc_w.l(entry11a.o)
    0x00000298   0x00000298   0x00000004   Code   RO         2393    .ARM.Collect$$$$00002712  mc_w.l(entry2.o)
    0x0000029c   0x0000029c   0x0000001c   Code   RO            4    .text               startup.o
    0x000002b8   0x000002b8   0x00000084   Code   RO         1202    .text               osasm.o
    0x0000033c   0x0000033c   0x00000024   Code   RO         2433    .text               mc_w.l(init.o)
    0x00000360   0x00000360   0x00000024   Code   RO          914    i.ADC0Seq0_Handler  adct0atrigger.o
    0x00000384   0x00000384   0x0000001c   Code   RO          915    i.ADC0Seq3_Handler  adct0atrigger.o
    0x000003a0   0x000003a0   0x0000008c   Code   RO          980    i.CS_Init           edisk.o
    0x0000042c   0x0000042c   0x00000020   Code   RO          558    i.Delay1ms          st7735.o
    0x0000044c   0x0000044c   0x00000050   Code   RO           12    i.GPIOPortF_Handler  os.o
    0x0000049c   0x0000049c   0x000000b8   Code   RO           13    i.GPIOPortF_Init    os.o
    0x00000554   0x00000554   0x000000c4   Code   RO           17    i.OS_AddThread      os.o
    0x00000618   0x00000618   0x0000000c   Code   RO           18    i.OS_ClearMsTime    os.o
    0x00000624   0x00000624   0x00000098   Code   RO           19    i.OS_CountMsTime_Timer5_UserTask  os.o
    0x000006bc   0x000006bc   0x00000010   Code   RO           26    i.OS_Increment_Time  os.o
    0x000006cc   0x000006cc   0x00000064   Code   RO           27    i.OS_Init           os.o
    0x00000730   0x00000730   0x00000008   Code   RO           28    i.OS_InitSemaphore  os.o
    0x00000738   0x00000738   0x00000010   Code   RO           30    i.OS_Launch         os.o
    0x00000748   0x00000748   0x0000000c   Code   RO           34    i.OS_MsTime         os.o
    0x00000754   0x00000754   0x00000090   Code   RO           39    i.OS_Signal         os.o
    0x000007e4   0x000007e4   0x0000000c   Code   RO           41    i.OS_StartMsTime    os.o
    0x000007f0   0x000007f0   0x00000058   Code   RO           43    i.OS_Suspend        os.o
    0x00000848   0x00000848   0x00000024   Code   RO           44    i.OS_Time           os.o
    0x0000086c   0x0000086c   0x00000006   Code   RO           45    i.OS_TimeDifference  os.o
    0x00000872   0x00000872   0x00000002   PAD
    0x00000874   0x00000874   0x00000018   Code   RO           46    i.OS_Time_Init      os.o
    0x0000088c   0x0000088c   0x000000d8   Code   RO           47    i.OS_Wait           os.o
    0x00000964   0x00000964   0x00000034   Code   RO           48    i.OS_bSignal        os.o
    0x00000998   0x00000998   0x0000007c   Code   RO          543    i.PLL_Init          pll.o
    0x00000a14   0x00000a14   0x00000068   Code   RO         1397    i.PortD_Init        dynamic_tester.o
    0x00000a7c   0x00000a7c   0x00000014   Code   RO         1207    i.RxFifo_Init       uart0int.o
    0x00000a90   0x00000a90   0x0000003c   Code   RO         1208    i.RxFifo_Put        uart0int.o
    0x00000acc   0x00000acc   0x00000018   Code   RO         1209    i.RxFifo_Size       uart0int.o
    0x00000ae4   0x00000ae4   0x000000b4   Code   RO          571    i.ST7735_FillScreenInit  st7735.o
    0x00000b98   0x00000b98   0x00000088   Code   RO          573    i.ST7735_InitR      st7735.o
    0x00000c20   0x00000c20   0x00000020   Code   RO          590    i.ST7735_SetCursor  st7735.o
    0x00000c40   0x00000c40   0x00000096   Code   RO           50    i.SetInitialStack   os.o
    0x00000cd6   0x00000cd6   0x00000002   PAD
    0x00000cd8   0x00000cd8   0x00000104   Code   RO           51    i.SysTick_Handler   os.o
    0x00000ddc   0x00000ddc   0x00000016   Code   RO           52    i.SysTick_Init      os.o
    0x00000df2   0x00000df2   0x00000002   PAD
    0x00000df4   0x00000df4   0x000000bc   Code   RO         1819    i.Timer2A_Handler   timer2a.o
    0x00000eb0   0x00000eb0   0x00000018   Code   RO         1847    i.Timer3A_Handler   timer3a.o
    0x00000ec8   0x00000ec8   0x00000060   Code   RO         1848    i.Timer3A_Init      timer3a.o
    0x00000f28   0x00000f28   0x000000bc   Code   RO         1761    i.Timer4A_Handler   timer4a.o
    0x00000fe4   0x00000fe4   0x00000018   Code   RO         1792    i.Timer5A_Handler   timer5a.o
    0x00000ffc   0x00000ffc   0x00000060   Code   RO         1793    i.Timer5A_Init      timer5a.o
    0x0000105c   0x0000105c   0x0000003c   Code   RO         1210    i.TxFifo_Get        uart0int.o
    0x00001098   0x00001098   0x00000014   Code   RO         1211    i.TxFifo_Init       uart0int.o
    0x000010ac   0x000010ac   0x00000018   Code   RO         1213    i.TxFifo_Size       uart0int.o
    0x000010c4   0x000010c4   0x00000058   Code   RO         1214    i.UART0_Handler     uart0int.o
    0x0000111c   0x0000111c   0x000000e0   Code   RO         1221    i.UART_Init         uart0int.o
    0x000011fc   0x000011fc   0x00000018   Code   RO          953    i.WideTimer0A_Handler  wtimer0a.o
    0x00001214   0x00001214   0x0000000e   Code   RO         2477    i.__scatterload_copy  mc_w.l(handlers.o)
    0x00001222   0x00001222   0x00000002   Code   RO         2478    i.__scatterload_null  mc_w.l(handlers.o)
    0x00001224   0x00001224   0x0000000e   Code   RO         2479    i.__scatterload_zeroinit  mc_w.l(handlers.o)
    0x00001232   0x00001232   0x00000002   PAD
    0x00001234   0x00001234   0x00000050   Code   RO           53    i.add_running_thread  os.o
    0x00001284   0x00001284   0x00000050   Code   RO           55    i.check_for_rising_priority  os.o
    0x000012d4   0x000012d4   0x00000056   Code   RO          594    i.commandList       st7735.o
    0x0000132a   0x0000132a   0x00000002   PAD
    0x0000132c   0x0000132c   0x0000018c   Code   RO          595    i.commonInit        st7735.o
    0x000014b8   0x000014b8   0x00000038   Code   RO         1228    i.copyHardwareToSoftware  uart0int.o
    0x000014f0   0x000014f0   0x00000034   Code   RO         1229    i.copySoftwareToHardware  uart0int.o
    0x00001524   0x00001524   0x0000001a   Code   RO           56    i.deage_thread      os.o
    0x0000153e   0x0000153e   0x00000002   PAD
    0x00001540   0x00001540   0x00000024   Code   RO           58    i.find_next_best_thread_run  os.o
    0x00001564   0x00001564   0x00000048   Code   RO           60    i.get_int_disable_time  os.o
    0x000015ac   0x000015ac   0x0000000a   Code   RO         1410    i.main              dynamic_tester.o
    0x000015b6   0x000015b6   0x00000002   PAD
    0x000015b8   0x000015b8   0x00000024   Code   RO         1412    i.pd0_sema_thread   dynamic_tester.o
    0x000015dc   0x000015dc   0x00000024   Code   RO         1413    i.pd1_sema_thread   dynamic_tester.o
    0x00001600   0x00001600   0x00000024   Code   RO         1414    i.pd2_sema_thread   dynamic_tester.o
    0x00001624   0x00001624   0x00000024   Code   RO         1415    i.pd3_sema_thread   dynamic_tester.o
    0x00001648   0x00001648   0x00000024   Code   RO         1416    i.pf0_sema_thread   dynamic_tester.o
    0x0000166c   0x0000166c   0x00000024   Code   RO         1417    i.pf1_sema_thread   dynamic_tester.o
    0x00001690   0x00001690   0x00000024   Code   RO         1418    i.pf2_sema_thread   dynamic_tester.o
    0x000016b4   0x000016b4   0x00000024   Code   RO         1419    i.pf3_sema_thread   dynamic_tester.o
    0x000016d8   0x000016d8   0x0000003c   Code   RO           62    i.remove_running_thread  os.o
    0x00001714   0x00001714   0x00000074   Code   RO          600    i.setAddrWindow     st7735.o
    0x00001788   0x00001788   0x00000010   Code   RO           63    i.set_int_disable_time  os.o
    0x00001798   0x00001798   0x00000078   Code   RO         1731    i.tcb_mem_get_tcb   tcb.o
    0x00001810   0x00001810   0x0000000c   Code   RO         1732    i.tcb_mem_init      tcb.o
    0x0000181c   0x0000181c   0x000000ec   Code   RO         1431    i.testMain3_semaCaptures  dynamic_tester.o
    0x00001908   0x00001908   0x00000050   Code   RO          601    i.writecommand      st7735.o
    0x00001958   0x00001958   0x00000054   Code   RO          602    i.writedata         st7735.o
    0x000019ac   0x000019ac   0x00000004   Data   RO           66    .constdata          os.o
    0x000019b0   0x000019b0   0x00000842   Data   RO          604    .constdata          st7735.o
    0x000021f2   0x000021f2   0x00000002   PAD
    0x000021f4   0x000021f4   0x00000020   Data   RO         2475    Region$$Table       anon$$obj.o


    Execution Region ER_RW (Exec base: 0x20000000, Load base: 0x00002214, Size: 0x000000cc, Max: 0xffffffff, ABSOLUTE)

    Exec Addr    Load Addr    Size         Type   Attr      Idx    E Section Name        Object

    0x20000000   0x00002214   0x0000004c   Data   RW           67    .data               os.o
    0x2000004c   0x00002260   0x0000002c   Data   RW          605    .data               st7735.o
    0x20000078   0x0000228c   0x00000008   Data   RW          919    .data               adct0atrigger.o
    0x20000080   0x00002294   0x00000004   Data   RW          956    .data               wtimer0a.o
    0x20000084   0x00002298   0x00000010   Data   RW         1231    .data               uart0int.o
    0x20000094   0x000022a8   0x00000014   Data   RW         1433    .data               dynamic_tester.o
    0x200000a8   0x000022bc   0x00000004   Data   RW         1734    .data               tcb.o
    0x200000ac   0x000022c0   0x0000000c   Data   RW         1764    .data               timer4a.o
    0x200000b8   0x000022cc   0x00000004   Data   RW         1795    .data               timer5a.o
    0x200000bc   0x000022d0   0x0000000c   Data   RW         1822    .data               timer2a.o
    0x200000c8   0x000022dc   0x00000004   Data   RW         1850    .data               timer3a.o


    Execution Region ER_ZI (Exec base: 0x200000cc, Load base: 0x000022e0, Size: 0x000025fc, Max: 0xffffffff, ABSOLUTE)

    Exec Addr    Load Addr    Size         Type   Attr      Idx    E Section Name        Object

    0x200000cc        -       0x000003c8   Zero   RW           65    .bss                os.o
    0x20000494        -       0x00000018   Zero   RW          603    .bss                st7735.o
    0x200004ac        -       0x00000818   Zero   RW         1230    .bss                uart0int.o
    0x20000cc4        -       0x00000024   Zero   RW         1432    .bss                dynamic_tester.o
    0x20000ce8        -       0x000015e0   Zero   RW         1733    .bss                tcb.o
    0x200022c8        -       0x00000400   Zero   RW            1    STACK               startup.o


==============================================================================

Image component sizes


      Code (inc. data)   RO Data    RW Data    ZI Data      Debug   Object Name

        64         20          0          8          0       2444   adct0atrigger.o
       638        124          0         20         36       5995   dynamic_tester.o
       140         22          0          0          0        466   edisk.o
         0          0          0          0          0        604   interpreter.o
      2156        196          4         76        968      24968   os.o
       132         18          0          0          0        320   osasm.o
       124          4          0          0          0        483   pll.o
      1142        146       2114         44         24       9545   st7735.o
       672        622          0          0       1024       1016   startup.o
       132         18          0          4       5600       2434   tcb.o
       188         32          0         12          0       1552   timer2a.o
       120         30          0          4          0       1629   timer3a.o
       188         32          0         12          0       1552   timer4a.o
       120         28          0          4          0       1629   timer5a.o
       628        118          0         16       2072       6643   uart0int.o
        24          8          0          4          0       1054   wtimer0a.o

    ----------------------------------------------------------------------
      6480       1418       2152        204       9724      62334   Object Totals
         0          0         32          0          0          0   (incl. Generated)
        12          0          2          0          0          0   (incl. Padding)

    ----------------------------------------------------------------------

      Code (inc. data)   RO Data    RW Data    ZI Data      Debug   Library Member Name

         0          0          0          0          0          0   entry.o
         0          0          0          0          0          0   entry10a.o
         0          0          0          0          0          0   entry11a.o
         4          0          0          0          0          0   entry12b.o
         8          4          0          0          0          0   entry2.o
         4          0          0          0          0          0   entry5.o
         0          0          0          0          0          0   entry7b.o
         0          0          0          0          0          0   entry8b.o
         8          4          0          0          0          0   entry9a.o
        30          0          0          0          0          0   handlers.o
        36          8          0          0          0         68   init.o

    ----------------------------------------------------------------------
        92         16          0          0          0         68   Library Totals
         2          0          0          0          0          0   (incl. Padding)

    ----------------------------------------------------------------------

      Code (inc. data)   RO Data    RW Data    ZI Data      Debug   Library Name

        90         16          0          0          0         68   mc_w.l

    ----------------------------------------------------------------------
        92         16          0          0          0         68   Library Totals

    ----------------------------------------------------------------------

==============================================================================


      Code (inc. data)   RO Data    RW Data    ZI Data      Debug   

      6572       1434       2152        204       9724      59122   Grand Totals
      6572       1434       2152        204       9724      59122   ELF Image Totals
      6572       1434       2152        204          0          0   ROM Totals

==============================================================================

    Total RO  Size (Code + RO Data)                 8724 (   8.52kB)
    Total RW  Size (RW Data + ZI Data)              9928 (   9.70kB)
    Total ROM Size (Code + RO Data + RW Data)       8928 (   8.72kB)

==============================================================================

